[0.059s] Invoking command in '/home/dammr/Desktop/magister_ws/UC_SmartFarmRadar/build/radar_msg': CMAKE_PREFIX_PATH=${CMAKE_PREFIX_PATH}:/home/dammr/Desktop/magister_ws/UC_SmartFarmRadar/install/state_machine:/home/dammr/Desktop/magister_ws/UC_SmartFarmRadar/install/radar_package:/home/dammr/Desktop/magister_ws/UC_SmartFarmRadar/install/ptu_package:/opt/ros/humble:/home/dammr/ros2_humble/install/rqt_bag_plugins:/home/dammr/ros2_humble/install/rqt_bag:/home/dammr/ros2_humble/install/launch_testing_examples:/home/dammr/ros2_humble/install/ros2bag:/home/dammr/ros2_humble/install/tracetools_test:/home/dammr/ros2_humble/install/tracetools_launch:/home/dammr/ros2_humble/install/topic_monitor:/home/dammr/ros2_humble/install/tf2_tools:/home/dammr/ros2_humble/install/examples_tf2_py:/home/dammr/ros2_humble/install/tf2_ros_py:/home/dammr/ros2_humble/install/sros2:/home/dammr/ros2_humble/install/rqt_topic:/home/dammr/ros2_humble/install/rqt_srv:/home/dammr/ros2_humble/install/rqt_shell:/home/dammr/ros2_humble/install/rqt_service_caller:/home/dammr/ros2_humble/install/rqt_reconfigure:/home/dammr/ros2_humble/install/rqt_py_console:/home/dammr/ros2_humble/install/rqt_publisher:/home/dammr/ros2_humble/install/rqt_plot:/home/dammr/ros2_humble/install/rqt_action:/home/dammr/ros2_humble/install/rqt_msg:/home/dammr/ros2_humble/install/rqt_console:/home/dammr/ros2_humble/install/rqt:/home/dammr/ros2_humble/install/rqt_graph:/home/dammr/ros2_humble/install/rqt_gui_py:/home/dammr/ros2_humble/install/rqt_gui:/home/dammr/ros2_humble/install/ros2trace:/home/dammr/ros2_humble/install/ros2topic:/home/dammr/ros2_humble/install/ros2test:/home/dammr/ros2_humble/install/ros2component:/home/dammr/ros2_humble/install/ros2param:/home/dammr/ros2_humble/install/ros2lifecycle:/home/dammr/ros2_humble/install/ros2service:/home/dammr/ros2_humble/install/ros2run:/home/dammr/ros2_humble/install/ros2launch:/home/dammr/ros2_humble/install/ros2pkg:/home/dammr/ros2_humble/install/ros2node:/home/dammr/ros2_humble/install/ros2multicast:/home/dammr/ros2_humble/install/ros2interface:/home/dammr/ros2_humble/install/ros2doctor:/home/dammr/ros2_humble/install/ros2action:/home/dammr/ros2_humble/install/ros2cli:/home/dammr/ros2_humble/install/quality_of_service_demo_py:/home/dammr/ros2_humble/install/lifecycle_py:/home/dammr/ros2_humble/install/launch_testing_ros:/home/dammr/ros2_humble/install/launch_ros:/home/dammr/ros2_humble/install/examples_rclpy_pointcloud_publisher:/home/dammr/ros2_humble/install/examples_rclpy_minimal_subscriber:/home/dammr/ros2_humble/install/examples_rclpy_minimal_service:/home/dammr/ros2_humble/install/examples_rclpy_minimal_publisher:/home/dammr/ros2_humble/install/examples_rclpy_minimal_client:/home/dammr/ros2_humble/install/examples_rclpy_minimal_action_server:/home/dammr/ros2_humble/install/examples_rclpy_minimal_action_client:/home/dammr/ros2_humble/install/examples_rclpy_guard_conditions:/home/dammr/ros2_humble/install/examples_rclpy_executors:/home/dammr/ros2_humble/install/demo_nodes_py:/home/dammr/ros2_humble/install/camera_info_manager_py:/home/dammr/ros2_humble/install/action_tutorials_py:/home/dammr/ros2_humble/install/ament_uncrustify:/home/dammr/ros2_humble/install/tracetools_trace:/home/dammr/ros2_humble/install/tracetools_read:/home/dammr/ros2_humble/install/test_tracetools_launch:/home/dammr/ros2_humble/install/test_launch_ros:/home/dammr/ros2_humble/install/sensor_msgs_py:/home/dammr/ros2_humble/install/rpyutils:/home/dammr/ros2_humble/install/rosidl_runtime_py:/home/dammr/ros2_humble/install/rosidl_cli:/home/dammr/ros2_humble/install/launch_pytest:/home/dammr/ros2_humble/install/launch_testing:/home/dammr/ros2_humble/install/launch_yaml:/home/dammr/ros2_humble/install/launch_xml:/home/dammr/ros2_humble/install/launch:/home/dammr/ros2_humble/install/osrf_pycommon:/home/dammr/ros2_humble/install/domain_coordinator:/home/dammr/ros2_humble/install/ament_xmllint:/home/dammr/ros2_humble/install/ament_pyflakes:/home/dammr/ros2_humble/install/ament_pycodestyle:/home/dammr/ros2_humble/install/ament_pep257:/home/dammr/ros2_humble/install/ament_pclint:/home/dammr/ros2_humble/install/ament_package:/home/dammr/ros2_humble/install/ament_mypy:/home/dammr/ros2_humble/install/ament_lint_cmake:/home/dammr/ros2_humble/install/ament_flake8:/home/dammr/ros2_humble/install/ament_copyright:/home/dammr/ros2_humble/install/ament_lint:/home/dammr/ros2_humble/install/ament_index_python:/home/dammr/ros2_humble/install/ament_cpplint:/home/dammr/ros2_humble/install/ament_cppcheck:/home/dammr/ros2_humble/install/ament_clang_tidy:/home/dammr/ros2_humble/install/ament_clang_format /usr/bin/cmake --build /home/dammr/Desktop/magister_ws/UC_SmartFarmRadar/build/radar_msg -- -j12 -l12
[0.179s] [  4%] Built target radar_msg__cpp
[0.179s] [ 12%] Built target radar_msg__rosidl_generator_c
[0.205s] [ 12%] Built target ament_cmake_python_copy_radar_msg
[0.235s] [ 23%] Built target radar_msg__rosidl_typesupport_introspection_c
[0.236s] [ 34%] Built target radar_msg__rosidl_typesupport_c
[0.238s] [ 46%] Built target radar_msg__rosidl_typesupport_cpp
[0.238s] [ 57%] Built target radar_msg__rosidl_typesupport_fastrtps_c
[0.244s] [ 79%] Built target radar_msg__rosidl_typesupport_fastrtps_cpp
[0.244s] [ 79%] Built target radar_msg__rosidl_typesupport_introspection_cpp
[0.299s] [ 79%] Built target radar_msg
[0.357s] [ 80%] Built target radar_msg__py
[0.414s] [ 90%] Built target radar_msg__rosidl_generator_py
[0.468s] [100%] Built target radar_msg__rosidl_typesupport_fastrtps_c__pyext
[0.468s] [100%] Built target radar_msg__rosidl_typesupport_introspection_c__pyext
[0.468s] [100%] Built target radar_msg__rosidl_typesupport_c__pyext
[0.599s] running egg_info
[0.599s] writing radar_msg.egg-info/PKG-INFO
[0.600s] writing dependency_links to radar_msg.egg-info/dependency_links.txt
[0.600s] writing top-level names to radar_msg.egg-info/top_level.txt
[0.601s] reading manifest file 'radar_msg.egg-info/SOURCES.txt'
[0.602s] writing manifest file 'radar_msg.egg-info/SOURCES.txt'
[0.636s] [100%] Built target ament_cmake_python_build_radar_msg_egg
[0.659s] Invoked command in '/home/dammr/Desktop/magister_ws/UC_SmartFarmRadar/build/radar_msg' returned '0': CMAKE_PREFIX_PATH=${CMAKE_PREFIX_PATH}:/home/dammr/Desktop/magister_ws/UC_SmartFarmRadar/install/state_machine:/home/dammr/Desktop/magister_ws/UC_SmartFarmRadar/install/radar_package:/home/dammr/Desktop/magister_ws/UC_SmartFarmRadar/install/ptu_package:/opt/ros/humble:/home/dammr/ros2_humble/install/rqt_bag_plugins:/home/dammr/ros2_humble/install/rqt_bag:/home/dammr/ros2_humble/install/launch_testing_examples:/home/dammr/ros2_humble/install/ros2bag:/home/dammr/ros2_humble/install/tracetools_test:/home/dammr/ros2_humble/install/tracetools_launch:/home/dammr/ros2_humble/install/topic_monitor:/home/dammr/ros2_humble/install/tf2_tools:/home/dammr/ros2_humble/install/examples_tf2_py:/home/dammr/ros2_humble/install/tf2_ros_py:/home/dammr/ros2_humble/install/sros2:/home/dammr/ros2_humble/install/rqt_topic:/home/dammr/ros2_humble/install/rqt_srv:/home/dammr/ros2_humble/install/rqt_shell:/home/dammr/ros2_humble/install/rqt_service_caller:/home/dammr/ros2_humble/install/rqt_reconfigure:/home/dammr/ros2_humble/install/rqt_py_console:/home/dammr/ros2_humble/install/rqt_publisher:/home/dammr/ros2_humble/install/rqt_plot:/home/dammr/ros2_humble/install/rqt_action:/home/dammr/ros2_humble/install/rqt_msg:/home/dammr/ros2_humble/install/rqt_console:/home/dammr/ros2_humble/install/rqt:/home/dammr/ros2_humble/install/rqt_graph:/home/dammr/ros2_humble/install/rqt_gui_py:/home/dammr/ros2_humble/install/rqt_gui:/home/dammr/ros2_humble/install/ros2trace:/home/dammr/ros2_humble/install/ros2topic:/home/dammr/ros2_humble/install/ros2test:/home/dammr/ros2_humble/install/ros2component:/home/dammr/ros2_humble/install/ros2param:/home/dammr/ros2_humble/install/ros2lifecycle:/home/dammr/ros2_humble/install/ros2service:/home/dammr/ros2_humble/install/ros2run:/home/dammr/ros2_humble/install/ros2launch:/home/dammr/ros2_humble/install/ros2pkg:/home/dammr/ros2_humble/install/ros2node:/home/dammr/ros2_humble/install/ros2multicast:/home/dammr/ros2_humble/install/ros2interface:/home/dammr/ros2_humble/install/ros2doctor:/home/dammr/ros2_humble/install/ros2action:/home/dammr/ros2_humble/install/ros2cli:/home/dammr/ros2_humble/install/quality_of_service_demo_py:/home/dammr/ros2_humble/install/lifecycle_py:/home/dammr/ros2_humble/install/launch_testing_ros:/home/dammr/ros2_humble/install/launch_ros:/home/dammr/ros2_humble/install/examples_rclpy_pointcloud_publisher:/home/dammr/ros2_humble/install/examples_rclpy_minimal_subscriber:/home/dammr/ros2_humble/install/examples_rclpy_minimal_service:/home/dammr/ros2_humble/install/examples_rclpy_minimal_publisher:/home/dammr/ros2_humble/install/examples_rclpy_minimal_client:/home/dammr/ros2_humble/install/examples_rclpy_minimal_action_server:/home/dammr/ros2_humble/install/examples_rclpy_minimal_action_client:/home/dammr/ros2_humble/install/examples_rclpy_guard_conditions:/home/dammr/ros2_humble/install/examples_rclpy_executors:/home/dammr/ros2_humble/install/demo_nodes_py:/home/dammr/ros2_humble/install/camera_info_manager_py:/home/dammr/ros2_humble/install/action_tutorials_py:/home/dammr/ros2_humble/install/ament_uncrustify:/home/dammr/ros2_humble/install/tracetools_trace:/home/dammr/ros2_humble/install/tracetools_read:/home/dammr/ros2_humble/install/test_tracetools_launch:/home/dammr/ros2_humble/install/test_launch_ros:/home/dammr/ros2_humble/install/sensor_msgs_py:/home/dammr/ros2_humble/install/rpyutils:/home/dammr/ros2_humble/install/rosidl_runtime_py:/home/dammr/ros2_humble/install/rosidl_cli:/home/dammr/ros2_humble/install/launch_pytest:/home/dammr/ros2_humble/install/launch_testing:/home/dammr/ros2_humble/install/launch_yaml:/home/dammr/ros2_humble/install/launch_xml:/home/dammr/ros2_humble/install/launch:/home/dammr/ros2_humble/install/osrf_pycommon:/home/dammr/ros2_humble/install/domain_coordinator:/home/dammr/ros2_humble/install/ament_xmllint:/home/dammr/ros2_humble/install/ament_pyflakes:/home/dammr/ros2_humble/install/ament_pycodestyle:/home/dammr/ros2_humble/install/ament_pep257:/home/dammr/ros2_humble/install/ament_pclint:/home/dammr/ros2_humble/install/ament_package:/home/dammr/ros2_humble/install/ament_mypy:/home/dammr/ros2_humble/install/ament_lint_cmake:/home/dammr/ros2_humble/install/ament_flake8:/home/dammr/ros2_humble/install/ament_copyright:/home/dammr/ros2_humble/install/ament_lint:/home/dammr/ros2_humble/install/ament_index_python:/home/dammr/ros2_humble/install/ament_cpplint:/home/dammr/ros2_humble/install/ament_cppcheck:/home/dammr/ros2_humble/install/ament_clang_tidy:/home/dammr/ros2_humble/install/ament_clang_format /usr/bin/cmake --build /home/dammr/Desktop/magister_ws/UC_SmartFarmRadar/build/radar_msg -- -j12 -l12
[0.661s] Invoking command in '/home/dammr/Desktop/magister_ws/UC_SmartFarmRadar/build/radar_msg': CMAKE_PREFIX_PATH=${CMAKE_PREFIX_PATH}:/home/dammr/Desktop/magister_ws/UC_SmartFarmRadar/install/state_machine:/home/dammr/Desktop/magister_ws/UC_SmartFarmRadar/install/radar_package:/home/dammr/Desktop/magister_ws/UC_SmartFarmRadar/install/ptu_package:/opt/ros/humble:/home/dammr/ros2_humble/install/rqt_bag_plugins:/home/dammr/ros2_humble/install/rqt_bag:/home/dammr/ros2_humble/install/launch_testing_examples:/home/dammr/ros2_humble/install/ros2bag:/home/dammr/ros2_humble/install/tracetools_test:/home/dammr/ros2_humble/install/tracetools_launch:/home/dammr/ros2_humble/install/topic_monitor:/home/dammr/ros2_humble/install/tf2_tools:/home/dammr/ros2_humble/install/examples_tf2_py:/home/dammr/ros2_humble/install/tf2_ros_py:/home/dammr/ros2_humble/install/sros2:/home/dammr/ros2_humble/install/rqt_topic:/home/dammr/ros2_humble/install/rqt_srv:/home/dammr/ros2_humble/install/rqt_shell:/home/dammr/ros2_humble/install/rqt_service_caller:/home/dammr/ros2_humble/install/rqt_reconfigure:/home/dammr/ros2_humble/install/rqt_py_console:/home/dammr/ros2_humble/install/rqt_publisher:/home/dammr/ros2_humble/install/rqt_plot:/home/dammr/ros2_humble/install/rqt_action:/home/dammr/ros2_humble/install/rqt_msg:/home/dammr/ros2_humble/install/rqt_console:/home/dammr/ros2_humble/install/rqt:/home/dammr/ros2_humble/install/rqt_graph:/home/dammr/ros2_humble/install/rqt_gui_py:/home/dammr/ros2_humble/install/rqt_gui:/home/dammr/ros2_humble/install/ros2trace:/home/dammr/ros2_humble/install/ros2topic:/home/dammr/ros2_humble/install/ros2test:/home/dammr/ros2_humble/install/ros2component:/home/dammr/ros2_humble/install/ros2param:/home/dammr/ros2_humble/install/ros2lifecycle:/home/dammr/ros2_humble/install/ros2service:/home/dammr/ros2_humble/install/ros2run:/home/dammr/ros2_humble/install/ros2launch:/home/dammr/ros2_humble/install/ros2pkg:/home/dammr/ros2_humble/install/ros2node:/home/dammr/ros2_humble/install/ros2multicast:/home/dammr/ros2_humble/install/ros2interface:/home/dammr/ros2_humble/install/ros2doctor:/home/dammr/ros2_humble/install/ros2action:/home/dammr/ros2_humble/install/ros2cli:/home/dammr/ros2_humble/install/quality_of_service_demo_py:/home/dammr/ros2_humble/install/lifecycle_py:/home/dammr/ros2_humble/install/launch_testing_ros:/home/dammr/ros2_humble/install/launch_ros:/home/dammr/ros2_humble/install/examples_rclpy_pointcloud_publisher:/home/dammr/ros2_humble/install/examples_rclpy_minimal_subscriber:/home/dammr/ros2_humble/install/examples_rclpy_minimal_service:/home/dammr/ros2_humble/install/examples_rclpy_minimal_publisher:/home/dammr/ros2_humble/install/examples_rclpy_minimal_client:/home/dammr/ros2_humble/install/examples_rclpy_minimal_action_server:/home/dammr/ros2_humble/install/examples_rclpy_minimal_action_client:/home/dammr/ros2_humble/install/examples_rclpy_guard_conditions:/home/dammr/ros2_humble/install/examples_rclpy_executors:/home/dammr/ros2_humble/install/demo_nodes_py:/home/dammr/ros2_humble/install/camera_info_manager_py:/home/dammr/ros2_humble/install/action_tutorials_py:/home/dammr/ros2_humble/install/ament_uncrustify:/home/dammr/ros2_humble/install/tracetools_trace:/home/dammr/ros2_humble/install/tracetools_read:/home/dammr/ros2_humble/install/test_tracetools_launch:/home/dammr/ros2_humble/install/test_launch_ros:/home/dammr/ros2_humble/install/sensor_msgs_py:/home/dammr/ros2_humble/install/rpyutils:/home/dammr/ros2_humble/install/rosidl_runtime_py:/home/dammr/ros2_humble/install/rosidl_cli:/home/dammr/ros2_humble/install/launch_pytest:/home/dammr/ros2_humble/install/launch_testing:/home/dammr/ros2_humble/install/launch_yaml:/home/dammr/ros2_humble/install/launch_xml:/home/dammr/ros2_humble/install/launch:/home/dammr/ros2_humble/install/osrf_pycommon:/home/dammr/ros2_humble/install/domain_coordinator:/home/dammr/ros2_humble/install/ament_xmllint:/home/dammr/ros2_humble/install/ament_pyflakes:/home/dammr/ros2_humble/install/ament_pycodestyle:/home/dammr/ros2_humble/install/ament_pep257:/home/dammr/ros2_humble/install/ament_pclint:/home/dammr/ros2_humble/install/ament_package:/home/dammr/ros2_humble/install/ament_mypy:/home/dammr/ros2_humble/install/ament_lint_cmake:/home/dammr/ros2_humble/install/ament_flake8:/home/dammr/ros2_humble/install/ament_copyright:/home/dammr/ros2_humble/install/ament_lint:/home/dammr/ros2_humble/install/ament_index_python:/home/dammr/ros2_humble/install/ament_cpplint:/home/dammr/ros2_humble/install/ament_cppcheck:/home/dammr/ros2_humble/install/ament_clang_tidy:/home/dammr/ros2_humble/install/ament_clang_format /usr/bin/cmake --install /home/dammr/Desktop/magister_ws/UC_SmartFarmRadar/build/radar_msg
[0.679s] -- Install configuration: ""
[0.679s] -- Up-to-date: /home/dammr/Desktop/magister_ws/UC_SmartFarmRadar/install/radar_msg/share/ament_index/resource_index/rosidl_interfaces/radar_msg
[0.679s] -- Up-to-date: /home/dammr/Desktop/magister_ws/UC_SmartFarmRadar/install/radar_msg/include/radar_msg/radar_msg
[0.680s] -- Up-to-date: /home/dammr/Desktop/magister_ws/UC_SmartFarmRadar/install/radar_msg/include/radar_msg/radar_msg/msg
[0.680s] -- Up-to-date: /home/dammr/Desktop/magister_ws/UC_SmartFarmRadar/install/radar_msg/include/radar_msg/radar_msg/msg/rosidl_generator_c__visibility_control.h
[0.680s] -- Up-to-date: /home/dammr/Desktop/magister_ws/UC_SmartFarmRadar/install/radar_msg/include/radar_msg/radar_msg/msg/ptu.h
[0.680s] -- Up-to-date: /home/dammr/Desktop/magister_ws/UC_SmartFarmRadar/install/radar_msg/include/radar_msg/radar_msg/msg/radar_data.h
[0.680s] -- Up-to-date: /home/dammr/Desktop/magister_ws/UC_SmartFarmRadar/install/radar_msg/include/radar_msg/radar_msg/msg/detail
[0.680s] -- Up-to-date: /home/dammr/Desktop/magister_ws/UC_SmartFarmRadar/install/radar_msg/include/radar_msg/radar_msg/msg/detail/radar_cartesian__struct.h
[0.680s] -- Up-to-date: /home/dammr/Desktop/magister_ws/UC_SmartFarmRadar/install/radar_msg/include/radar_msg/radar_msg/msg/detail/radar_cartesian__functions.c
[0.680s] -- Up-to-date: /home/dammr/Desktop/magister_ws/UC_SmartFarmRadar/install/radar_msg/include/radar_msg/radar_msg/msg/detail/radar_data__struct.h
[0.680s] -- Up-to-date: /home/dammr/Desktop/magister_ws/UC_SmartFarmRadar/install/radar_msg/include/radar_msg/radar_msg/msg/detail/radar_cartesian__type_support.h
[0.680s] -- Up-to-date: /home/dammr/Desktop/magister_ws/UC_SmartFarmRadar/install/radar_msg/include/radar_msg/radar_msg/msg/detail/ptu__type_support.h
[0.680s] -- Up-to-date: /home/dammr/Desktop/magister_ws/UC_SmartFarmRadar/install/radar_msg/include/radar_msg/radar_msg/msg/detail/ptu__functions.h
[0.680s] -- Up-to-date: /home/dammr/Desktop/magister_ws/UC_SmartFarmRadar/install/radar_msg/include/radar_msg/radar_msg/msg/detail/radar_cartesian__functions.h
[0.680s] -- Up-to-date: /home/dammr/Desktop/magister_ws/UC_SmartFarmRadar/install/radar_msg/include/radar_msg/radar_msg/msg/detail/ptu__struct.h
[0.680s] -- Up-to-date: /home/dammr/Desktop/magister_ws/UC_SmartFarmRadar/install/radar_msg/include/radar_msg/radar_msg/msg/detail/ptu__functions.c
[0.680s] -- Up-to-date: /home/dammr/Desktop/magister_ws/UC_SmartFarmRadar/install/radar_msg/include/radar_msg/radar_msg/msg/detail/radar_data__type_support.h
[0.681s] -- Up-to-date: /home/dammr/Desktop/magister_ws/UC_SmartFarmRadar/install/radar_msg/include/radar_msg/radar_msg/msg/detail/radar_data__functions.h
[0.681s] -- Up-to-date: /home/dammr/Desktop/magister_ws/UC_SmartFarmRadar/install/radar_msg/include/radar_msg/radar_msg/msg/detail/radar_data__functions.c
[0.681s] -- Up-to-date: /home/dammr/Desktop/magister_ws/UC_SmartFarmRadar/install/radar_msg/include/radar_msg/radar_msg/msg/radar_cartesian.h
[0.681s] -- Up-to-date: /home/dammr/Desktop/magister_ws/UC_SmartFarmRadar/install/radar_msg/include/radar_msg/radar_msg/action
[0.681s] -- Up-to-date: /home/dammr/Desktop/magister_ws/UC_SmartFarmRadar/install/radar_msg/include/radar_msg/radar_msg/action/radar_beamform.h
[0.681s] -- Up-to-date: /home/dammr/Desktop/magister_ws/UC_SmartFarmRadar/install/radar_msg/include/radar_msg/radar_msg/action/ptu_sweep.h
[0.681s] -- Up-to-date: /home/dammr/Desktop/magister_ws/UC_SmartFarmRadar/install/radar_msg/include/radar_msg/radar_msg/action/detail
[0.681s] -- Up-to-date: /home/dammr/Desktop/magister_ws/UC_SmartFarmRadar/install/radar_msg/include/radar_msg/radar_msg/action/detail/ptu_sweep__functions.c
[0.681s] -- Up-to-date: /home/dammr/Desktop/magister_ws/UC_SmartFarmRadar/install/radar_msg/include/radar_msg/radar_msg/action/detail/ptu_sweep__type_support.h
[0.681s] -- Up-to-date: /home/dammr/Desktop/magister_ws/UC_SmartFarmRadar/install/radar_msg/include/radar_msg/radar_msg/action/detail/ptu_sweep__functions.h
[0.681s] -- Up-to-date: /home/dammr/Desktop/magister_ws/UC_SmartFarmRadar/install/radar_msg/include/radar_msg/radar_msg/action/detail/radar_beamform__functions.h
[0.681s] -- Up-to-date: /home/dammr/Desktop/magister_ws/UC_SmartFarmRadar/install/radar_msg/include/radar_msg/radar_msg/action/detail/radar_beamform__functions.c
[0.681s] -- Up-to-date: /home/dammr/Desktop/magister_ws/UC_SmartFarmRadar/install/radar_msg/include/radar_msg/radar_msg/action/detail/radar_beamform__struct.h
[0.681s] -- Up-to-date: /home/dammr/Desktop/magister_ws/UC_SmartFarmRadar/install/radar_msg/include/radar_msg/radar_msg/action/detail/ptu_sweep__struct.h
[0.681s] -- Up-to-date: /home/dammr/Desktop/magister_ws/UC_SmartFarmRadar/install/radar_msg/include/radar_msg/radar_msg/action/detail/radar_beamform__type_support.h
[0.681s] -- Up-to-date: /home/dammr/Desktop/magister_ws/UC_SmartFarmRadar/install/radar_msg/share/radar_msg/environment/library_path.sh
[0.681s] -- Up-to-date: /home/dammr/Desktop/magister_ws/UC_SmartFarmRadar/install/radar_msg/share/radar_msg/environment/library_path.dsv
[0.681s] -- Up-to-date: /home/dammr/Desktop/magister_ws/UC_SmartFarmRadar/install/radar_msg/lib/libradar_msg__rosidl_generator_c.so
[0.681s] -- Up-to-date: /home/dammr/Desktop/magister_ws/UC_SmartFarmRadar/install/radar_msg/include/radar_msg/radar_msg
[0.681s] -- Up-to-date: /home/dammr/Desktop/magister_ws/UC_SmartFarmRadar/install/radar_msg/include/radar_msg/radar_msg/msg
[0.681s] -- Up-to-date: /home/dammr/Desktop/magister_ws/UC_SmartFarmRadar/install/radar_msg/include/radar_msg/radar_msg/msg/detail
[0.681s] -- Up-to-date: /home/dammr/Desktop/magister_ws/UC_SmartFarmRadar/install/radar_msg/include/radar_msg/radar_msg/msg/detail/ptu__rosidl_typesupport_fastrtps_c.h
[0.682s] -- Up-to-date: /home/dammr/Desktop/magister_ws/UC_SmartFarmRadar/install/radar_msg/include/radar_msg/radar_msg/msg/detail/radar_cartesian__rosidl_typesupport_fastrtps_c.h
[0.682s] -- Up-to-date: /home/dammr/Desktop/magister_ws/UC_SmartFarmRadar/install/radar_msg/include/radar_msg/radar_msg/msg/detail/radar_data__rosidl_typesupport_fastrtps_c.h
[0.682s] -- Up-to-date: /home/dammr/Desktop/magister_ws/UC_SmartFarmRadar/install/radar_msg/include/radar_msg/radar_msg/msg/rosidl_typesupport_fastrtps_c__visibility_control.h
[0.682s] -- Up-to-date: /home/dammr/Desktop/magister_ws/UC_SmartFarmRadar/install/radar_msg/include/radar_msg/radar_msg/action
[0.682s] -- Up-to-date: /home/dammr/Desktop/magister_ws/UC_SmartFarmRadar/install/radar_msg/include/radar_msg/radar_msg/action/detail
[0.682s] -- Up-to-date: /home/dammr/Desktop/magister_ws/UC_SmartFarmRadar/install/radar_msg/include/radar_msg/radar_msg/action/detail/radar_beamform__rosidl_typesupport_fastrtps_c.h
[0.682s] -- Up-to-date: /home/dammr/Desktop/magister_ws/UC_SmartFarmRadar/install/radar_msg/include/radar_msg/radar_msg/action/detail/ptu_sweep__rosidl_typesupport_fastrtps_c.h
[0.682s] -- Up-to-date: /home/dammr/Desktop/magister_ws/UC_SmartFarmRadar/install/radar_msg/lib/libradar_msg__rosidl_typesupport_fastrtps_c.so
[0.682s] -- Up-to-date: /home/dammr/Desktop/magister_ws/UC_SmartFarmRadar/install/radar_msg/include/radar_msg/radar_msg
[0.682s] -- Up-to-date: /home/dammr/Desktop/magister_ws/UC_SmartFarmRadar/install/radar_msg/include/radar_msg/radar_msg/msg
[0.682s] -- Up-to-date: /home/dammr/Desktop/magister_ws/UC_SmartFarmRadar/install/radar_msg/include/radar_msg/radar_msg/msg/detail
[0.682s] -- Up-to-date: /home/dammr/Desktop/magister_ws/UC_SmartFarmRadar/install/radar_msg/include/radar_msg/radar_msg/msg/detail/ptu__struct.hpp
[0.682s] -- Up-to-date: /home/dammr/Desktop/magister_ws/UC_SmartFarmRadar/install/radar_msg/include/radar_msg/radar_msg/msg/detail/radar_cartesian__struct.hpp
[0.682s] -- Up-to-date: /home/dammr/Desktop/magister_ws/UC_SmartFarmRadar/install/radar_msg/include/radar_msg/radar_msg/msg/detail/ptu__builder.hpp
[0.682s] -- Up-to-date: /home/dammr/Desktop/magister_ws/UC_SmartFarmRadar/install/radar_msg/include/radar_msg/radar_msg/msg/detail/radar_data__type_support.hpp
[0.682s] -- Up-to-date: /home/dammr/Desktop/magister_ws/UC_SmartFarmRadar/install/radar_msg/include/radar_msg/radar_msg/msg/detail/ptu__type_support.hpp
[0.682s] -- Up-to-date: /home/dammr/Desktop/magister_ws/UC_SmartFarmRadar/install/radar_msg/include/radar_msg/radar_msg/msg/detail/radar_data__struct.hpp
[0.682s] -- Up-to-date: /home/dammr/Desktop/magister_ws/UC_SmartFarmRadar/install/radar_msg/include/radar_msg/radar_msg/msg/detail/radar_data__traits.hpp
[0.682s] -- Up-to-date: /home/dammr/Desktop/magister_ws/UC_SmartFarmRadar/install/radar_msg/include/radar_msg/radar_msg/msg/detail/radar_data__builder.hpp
[0.682s] -- Up-to-date: /home/dammr/Desktop/magister_ws/UC_SmartFarmRadar/install/radar_msg/include/radar_msg/radar_msg/msg/detail/radar_cartesian__traits.hpp
[0.682s] -- Up-to-date: /home/dammr/Desktop/magister_ws/UC_SmartFarmRadar/install/radar_msg/include/radar_msg/radar_msg/msg/detail/radar_cartesian__builder.hpp
[0.682s] -- Up-to-date: /home/dammr/Desktop/magister_ws/UC_SmartFarmRadar/install/radar_msg/include/radar_msg/radar_msg/msg/detail/radar_cartesian__type_support.hpp
[0.682s] -- Up-to-date: /home/dammr/Desktop/magister_ws/UC_SmartFarmRadar/install/radar_msg/include/radar_msg/radar_msg/msg/detail/ptu__traits.hpp
[0.682s] -- Up-to-date: /home/dammr/Desktop/magister_ws/UC_SmartFarmRadar/install/radar_msg/include/radar_msg/radar_msg/msg/rosidl_generator_cpp__visibility_control.hpp
[0.683s] -- Up-to-date: /home/dammr/Desktop/magister_ws/UC_SmartFarmRadar/install/radar_msg/include/radar_msg/radar_msg/msg/ptu.hpp
[0.683s] -- Up-to-date: /home/dammr/Desktop/magister_ws/UC_SmartFarmRadar/install/radar_msg/include/radar_msg/radar_msg/msg/radar_data.hpp
[0.683s] -- Up-to-date: /home/dammr/Desktop/magister_ws/UC_SmartFarmRadar/install/radar_msg/include/radar_msg/radar_msg/msg/radar_cartesian.hpp
[0.683s] -- Up-to-date: /home/dammr/Desktop/magister_ws/UC_SmartFarmRadar/install/radar_msg/include/radar_msg/radar_msg/action
[0.683s] -- Up-to-date: /home/dammr/Desktop/magister_ws/UC_SmartFarmRadar/install/radar_msg/include/radar_msg/radar_msg/action/radar_beamform.hpp
[0.683s] -- Up-to-date: /home/dammr/Desktop/magister_ws/UC_SmartFarmRadar/install/radar_msg/include/radar_msg/radar_msg/action/detail
[0.683s] -- Up-to-date: /home/dammr/Desktop/magister_ws/UC_SmartFarmRadar/install/radar_msg/include/radar_msg/radar_msg/action/detail/ptu_sweep__type_support.hpp
[0.683s] -- Up-to-date: /home/dammr/Desktop/magister_ws/UC_SmartFarmRadar/install/radar_msg/include/radar_msg/radar_msg/action/detail/ptu_sweep__struct.hpp
[0.683s] -- Up-to-date: /home/dammr/Desktop/magister_ws/UC_SmartFarmRadar/install/radar_msg/include/radar_msg/radar_msg/action/detail/ptu_sweep__builder.hpp
[0.683s] -- Up-to-date: /home/dammr/Desktop/magister_ws/UC_SmartFarmRadar/install/radar_msg/include/radar_msg/radar_msg/action/detail/radar_beamform__traits.hpp
[0.683s] -- Up-to-date: /home/dammr/Desktop/magister_ws/UC_SmartFarmRadar/install/radar_msg/include/radar_msg/radar_msg/action/detail/ptu_sweep__traits.hpp
[0.683s] -- Up-to-date: /home/dammr/Desktop/magister_ws/UC_SmartFarmRadar/install/radar_msg/include/radar_msg/radar_msg/action/detail/radar_beamform__struct.hpp
[0.683s] -- Up-to-date: /home/dammr/Desktop/magister_ws/UC_SmartFarmRadar/install/radar_msg/include/radar_msg/radar_msg/action/detail/radar_beamform__type_support.hpp
[0.683s] -- Up-to-date: /home/dammr/Desktop/magister_ws/UC_SmartFarmRadar/install/radar_msg/include/radar_msg/radar_msg/action/detail/radar_beamform__builder.hpp
[0.683s] -- Up-to-date: /home/dammr/Desktop/magister_ws/UC_SmartFarmRadar/install/radar_msg/include/radar_msg/radar_msg/action/ptu_sweep.hpp
[0.683s] -- Up-to-date: /home/dammr/Desktop/magister_ws/UC_SmartFarmRadar/install/radar_msg/include/radar_msg/radar_msg
[0.683s] -- Up-to-date: /home/dammr/Desktop/magister_ws/UC_SmartFarmRadar/install/radar_msg/include/radar_msg/radar_msg/msg
[0.683s] -- Up-to-date: /home/dammr/Desktop/magister_ws/UC_SmartFarmRadar/install/radar_msg/include/radar_msg/radar_msg/msg/rosidl_typesupport_fastrtps_cpp__visibility_control.h
[0.683s] -- Up-to-date: /home/dammr/Desktop/magister_ws/UC_SmartFarmRadar/install/radar_msg/include/radar_msg/radar_msg/msg/detail
[0.683s] -- Up-to-date: /home/dammr/Desktop/magister_ws/UC_SmartFarmRadar/install/radar_msg/include/radar_msg/radar_msg/msg/detail/radar_data__rosidl_typesupport_fastrtps_cpp.hpp
[0.683s] -- Up-to-date: /home/dammr/Desktop/magister_ws/UC_SmartFarmRadar/install/radar_msg/include/radar_msg/radar_msg/msg/detail/ptu__rosidl_typesupport_fastrtps_cpp.hpp
[0.683s] -- Up-to-date: /home/dammr/Desktop/magister_ws/UC_SmartFarmRadar/install/radar_msg/include/radar_msg/radar_msg/msg/detail/radar_cartesian__rosidl_typesupport_fastrtps_cpp.hpp
[0.683s] -- Up-to-date: /home/dammr/Desktop/magister_ws/UC_SmartFarmRadar/install/radar_msg/include/radar_msg/radar_msg/msg/detail/dds_fastrtps
[0.683s] -- Up-to-date: /home/dammr/Desktop/magister_ws/UC_SmartFarmRadar/install/radar_msg/include/radar_msg/radar_msg/action
[0.683s] -- Up-to-date: /home/dammr/Desktop/magister_ws/UC_SmartFarmRadar/install/radar_msg/include/radar_msg/radar_msg/action/detail
[0.684s] -- Up-to-date: /home/dammr/Desktop/magister_ws/UC_SmartFarmRadar/install/radar_msg/include/radar_msg/radar_msg/action/detail/radar_beamform__rosidl_typesupport_fastrtps_cpp.hpp
[0.684s] -- Up-to-date: /home/dammr/Desktop/magister_ws/UC_SmartFarmRadar/install/radar_msg/include/radar_msg/radar_msg/action/detail/ptu_sweep__rosidl_typesupport_fastrtps_cpp.hpp
[0.684s] -- Up-to-date: /home/dammr/Desktop/magister_ws/UC_SmartFarmRadar/install/radar_msg/include/radar_msg/radar_msg/action/detail/dds_fastrtps
[0.684s] -- Up-to-date: /home/dammr/Desktop/magister_ws/UC_SmartFarmRadar/install/radar_msg/lib/libradar_msg__rosidl_typesupport_fastrtps_cpp.so
[0.684s] -- Up-to-date: /home/dammr/Desktop/magister_ws/UC_SmartFarmRadar/install/radar_msg/include/radar_msg/radar_msg
[0.684s] -- Up-to-date: /home/dammr/Desktop/magister_ws/UC_SmartFarmRadar/install/radar_msg/include/radar_msg/radar_msg/msg
[0.684s] -- Up-to-date: /home/dammr/Desktop/magister_ws/UC_SmartFarmRadar/install/radar_msg/include/radar_msg/radar_msg/msg/rosidl_typesupport_introspection_c__visibility_control.h
[0.684s] -- Up-to-date: /home/dammr/Desktop/magister_ws/UC_SmartFarmRadar/install/radar_msg/include/radar_msg/radar_msg/msg/detail
[0.684s] -- Up-to-date: /home/dammr/Desktop/magister_ws/UC_SmartFarmRadar/install/radar_msg/include/radar_msg/radar_msg/msg/detail/ptu__rosidl_typesupport_introspection_c.h
[0.684s] -- Up-to-date: /home/dammr/Desktop/magister_ws/UC_SmartFarmRadar/install/radar_msg/include/radar_msg/radar_msg/msg/detail/radar_data__type_support.c
[0.684s] -- Up-to-date: /home/dammr/Desktop/magister_ws/UC_SmartFarmRadar/install/radar_msg/include/radar_msg/radar_msg/msg/detail/radar_cartesian__type_support.c
[0.684s] -- Up-to-date: /home/dammr/Desktop/magister_ws/UC_SmartFarmRadar/install/radar_msg/include/radar_msg/radar_msg/msg/detail/ptu__type_support.c
[0.684s] -- Up-to-date: /home/dammr/Desktop/magister_ws/UC_SmartFarmRadar/install/radar_msg/include/radar_msg/radar_msg/msg/detail/radar_data__rosidl_typesupport_introspection_c.h
[0.684s] -- Up-to-date: /home/dammr/Desktop/magister_ws/UC_SmartFarmRadar/install/radar_msg/include/radar_msg/radar_msg/msg/detail/radar_cartesian__rosidl_typesupport_introspection_c.h
[0.684s] -- Up-to-date: /home/dammr/Desktop/magister_ws/UC_SmartFarmRadar/install/radar_msg/include/radar_msg/radar_msg/action
[0.684s] -- Up-to-date: /home/dammr/Desktop/magister_ws/UC_SmartFarmRadar/install/radar_msg/include/radar_msg/radar_msg/action/detail
[0.684s] -- Up-to-date: /home/dammr/Desktop/magister_ws/UC_SmartFarmRadar/install/radar_msg/include/radar_msg/radar_msg/action/detail/radar_beamform__rosidl_typesupport_introspection_c.h
[0.684s] -- Up-to-date: /home/dammr/Desktop/magister_ws/UC_SmartFarmRadar/install/radar_msg/include/radar_msg/radar_msg/action/detail/ptu_sweep__rosidl_typesupport_introspection_c.h
[0.684s] -- Up-to-date: /home/dammr/Desktop/magister_ws/UC_SmartFarmRadar/install/radar_msg/include/radar_msg/radar_msg/action/detail/radar_beamform__type_support.c
[0.684s] -- Up-to-date: /home/dammr/Desktop/magister_ws/UC_SmartFarmRadar/install/radar_msg/include/radar_msg/radar_msg/action/detail/ptu_sweep__type_support.c
[0.684s] -- Up-to-date: /home/dammr/Desktop/magister_ws/UC_SmartFarmRadar/install/radar_msg/lib/libradar_msg__rosidl_typesupport_introspection_c.so
[0.684s] -- Up-to-date: /home/dammr/Desktop/magister_ws/UC_SmartFarmRadar/install/radar_msg/lib/libradar_msg__rosidl_typesupport_c.so
[0.684s] -- Up-to-date: /home/dammr/Desktop/magister_ws/UC_SmartFarmRadar/install/radar_msg/include/radar_msg/radar_msg
[0.684s] -- Up-to-date: /home/dammr/Desktop/magister_ws/UC_SmartFarmRadar/install/radar_msg/include/radar_msg/radar_msg/msg
[0.685s] -- Up-to-date: /home/dammr/Desktop/magister_ws/UC_SmartFarmRadar/install/radar_msg/include/radar_msg/radar_msg/msg/detail
[0.685s] -- Up-to-date: /home/dammr/Desktop/magister_ws/UC_SmartFarmRadar/install/radar_msg/include/radar_msg/radar_msg/msg/detail/radar_cartesian__rosidl_typesupport_introspection_cpp.hpp
[0.685s] -- Up-to-date: /home/dammr/Desktop/magister_ws/UC_SmartFarmRadar/install/radar_msg/include/radar_msg/radar_msg/msg/detail/radar_data__type_support.cpp
[0.685s] -- Up-to-date: /home/dammr/Desktop/magister_ws/UC_SmartFarmRadar/install/radar_msg/include/radar_msg/radar_msg/msg/detail/radar_cartesian__type_support.cpp
[0.685s] -- Up-to-date: /home/dammr/Desktop/magister_ws/UC_SmartFarmRadar/install/radar_msg/include/radar_msg/radar_msg/msg/detail/ptu__type_support.cpp
[0.685s] -- Up-to-date: /home/dammr/Desktop/magister_ws/UC_SmartFarmRadar/install/radar_msg/include/radar_msg/radar_msg/msg/detail/ptu__rosidl_typesupport_introspection_cpp.hpp
[0.685s] -- Up-to-date: /home/dammr/Desktop/magister_ws/UC_SmartFarmRadar/install/radar_msg/include/radar_msg/radar_msg/msg/detail/radar_data__rosidl_typesupport_introspection_cpp.hpp
[0.685s] -- Up-to-date: /home/dammr/Desktop/magister_ws/UC_SmartFarmRadar/install/radar_msg/include/radar_msg/radar_msg/action
[0.685s] -- Up-to-date: /home/dammr/Desktop/magister_ws/UC_SmartFarmRadar/install/radar_msg/include/radar_msg/radar_msg/action/detail
[0.685s] -- Up-to-date: /home/dammr/Desktop/magister_ws/UC_SmartFarmRadar/install/radar_msg/include/radar_msg/radar_msg/action/detail/radar_beamform__rosidl_typesupport_introspection_cpp.hpp
[0.685s] -- Up-to-date: /home/dammr/Desktop/magister_ws/UC_SmartFarmRadar/install/radar_msg/include/radar_msg/radar_msg/action/detail/ptu_sweep__type_support.cpp
[0.685s] -- Up-to-date: /home/dammr/Desktop/magister_ws/UC_SmartFarmRadar/install/radar_msg/include/radar_msg/radar_msg/action/detail/radar_beamform__type_support.cpp
[0.685s] -- Up-to-date: /home/dammr/Desktop/magister_ws/UC_SmartFarmRadar/install/radar_msg/include/radar_msg/radar_msg/action/detail/ptu_sweep__rosidl_typesupport_introspection_cpp.hpp
[0.685s] -- Up-to-date: /home/dammr/Desktop/magister_ws/UC_SmartFarmRadar/install/radar_msg/lib/libradar_msg__rosidl_typesupport_introspection_cpp.so
[0.685s] -- Up-to-date: /home/dammr/Desktop/magister_ws/UC_SmartFarmRadar/install/radar_msg/lib/libradar_msg__rosidl_typesupport_cpp.so
[0.685s] -- Up-to-date: /home/dammr/Desktop/magister_ws/UC_SmartFarmRadar/install/radar_msg/share/radar_msg/environment/pythonpath.sh
[0.685s] -- Up-to-date: /home/dammr/Desktop/magister_ws/UC_SmartFarmRadar/install/radar_msg/share/radar_msg/environment/pythonpath.dsv
[0.685s] -- Up-to-date: /home/dammr/Desktop/magister_ws/UC_SmartFarmRadar/install/radar_msg/local/lib/python3.10/dist-packages/radar_msg-0.0.0-py3.10.egg-info
[0.685s] -- Installing: /home/dammr/Desktop/magister_ws/UC_SmartFarmRadar/install/radar_msg/local/lib/python3.10/dist-packages/radar_msg-0.0.0-py3.10.egg-info/PKG-INFO
[0.685s] -- Installing: /home/dammr/Desktop/magister_ws/UC_SmartFarmRadar/install/radar_msg/local/lib/python3.10/dist-packages/radar_msg-0.0.0-py3.10.egg-info/dependency_links.txt
[0.685s] -- Installing: /home/dammr/Desktop/magister_ws/UC_SmartFarmRadar/install/radar_msg/local/lib/python3.10/dist-packages/radar_msg-0.0.0-py3.10.egg-info/SOURCES.txt
[0.685s] -- Installing: /home/dammr/Desktop/magister_ws/UC_SmartFarmRadar/install/radar_msg/local/lib/python3.10/dist-packages/radar_msg-0.0.0-py3.10.egg-info/top_level.txt
[0.685s] -- Up-to-date: /home/dammr/Desktop/magister_ws/UC_SmartFarmRadar/install/radar_msg/local/lib/python3.10/dist-packages/radar_msg
[0.685s] -- Up-to-date: /home/dammr/Desktop/magister_ws/UC_SmartFarmRadar/install/radar_msg/local/lib/python3.10/dist-packages/radar_msg/msg
[0.685s] -- Up-to-date: /home/dammr/Desktop/magister_ws/UC_SmartFarmRadar/install/radar_msg/local/lib/python3.10/dist-packages/radar_msg/msg/_radar_cartesian_s.c
[0.685s] -- Up-to-date: /home/dammr/Desktop/magister_ws/UC_SmartFarmRadar/install/radar_msg/local/lib/python3.10/dist-packages/radar_msg/msg/_radar_data.py
[0.686s] -- Up-to-date: /home/dammr/Desktop/magister_ws/UC_SmartFarmRadar/install/radar_msg/local/lib/python3.10/dist-packages/radar_msg/msg/_ptu_s.c
[0.686s] -- Up-to-date: /home/dammr/Desktop/magister_ws/UC_SmartFarmRadar/install/radar_msg/local/lib/python3.10/dist-packages/radar_msg/msg/_ptu.py
[0.686s] -- Up-to-date: /home/dammr/Desktop/magister_ws/UC_SmartFarmRadar/install/radar_msg/local/lib/python3.10/dist-packages/radar_msg/msg/_radar_cartesian.py
[0.686s] -- Up-to-date: /home/dammr/Desktop/magister_ws/UC_SmartFarmRadar/install/radar_msg/local/lib/python3.10/dist-packages/radar_msg/msg/__init__.py
[0.686s] -- Up-to-date: /home/dammr/Desktop/magister_ws/UC_SmartFarmRadar/install/radar_msg/local/lib/python3.10/dist-packages/radar_msg/msg/_radar_data_s.c
[0.686s] -- Up-to-date: /home/dammr/Desktop/magister_ws/UC_SmartFarmRadar/install/radar_msg/local/lib/python3.10/dist-packages/radar_msg/_radar_msg_s.ep.rosidl_typesupport_fastrtps_c.c
[0.686s] -- Up-to-date: /home/dammr/Desktop/magister_ws/UC_SmartFarmRadar/install/radar_msg/local/lib/python3.10/dist-packages/radar_msg/_radar_msg_s.ep.rosidl_typesupport_c.c
[0.686s] -- Up-to-date: /home/dammr/Desktop/magister_ws/UC_SmartFarmRadar/install/radar_msg/local/lib/python3.10/dist-packages/radar_msg/radar_msg_s__rosidl_typesupport_introspection_c.cpython-310-x86_64-linux-gnu.so
[0.686s] -- Up-to-date: /home/dammr/Desktop/magister_ws/UC_SmartFarmRadar/install/radar_msg/local/lib/python3.10/dist-packages/radar_msg/radar_msg_s__rosidl_typesupport_fastrtps_c.cpython-310-x86_64-linux-gnu.so
[0.686s] -- Up-to-date: /home/dammr/Desktop/magister_ws/UC_SmartFarmRadar/install/radar_msg/local/lib/python3.10/dist-packages/radar_msg/__init__.py
[0.686s] -- Up-to-date: /home/dammr/Desktop/magister_ws/UC_SmartFarmRadar/install/radar_msg/local/lib/python3.10/dist-packages/radar_msg/radar_msg_s__rosidl_typesupport_c.cpython-310-x86_64-linux-gnu.so
[0.686s] -- Up-to-date: /home/dammr/Desktop/magister_ws/UC_SmartFarmRadar/install/radar_msg/local/lib/python3.10/dist-packages/radar_msg/action
[0.686s] -- Up-to-date: /home/dammr/Desktop/magister_ws/UC_SmartFarmRadar/install/radar_msg/local/lib/python3.10/dist-packages/radar_msg/action/_ptu_sweep.py
[0.686s] -- Up-to-date: /home/dammr/Desktop/magister_ws/UC_SmartFarmRadar/install/radar_msg/local/lib/python3.10/dist-packages/radar_msg/action/_radar_beamform_s.c
[0.686s] -- Up-to-date: /home/dammr/Desktop/magister_ws/UC_SmartFarmRadar/install/radar_msg/local/lib/python3.10/dist-packages/radar_msg/action/_ptu_sweep_s.c
[0.686s] -- Up-to-date: /home/dammr/Desktop/magister_ws/UC_SmartFarmRadar/install/radar_msg/local/lib/python3.10/dist-packages/radar_msg/action/__init__.py
[0.686s] -- Up-to-date: /home/dammr/Desktop/magister_ws/UC_SmartFarmRadar/install/radar_msg/local/lib/python3.10/dist-packages/radar_msg/action/_radar_beamform.py
[0.686s] -- Up-to-date: /home/dammr/Desktop/magister_ws/UC_SmartFarmRadar/install/radar_msg/local/lib/python3.10/dist-packages/radar_msg/_radar_msg_s.ep.rosidl_typesupport_introspection_c.c
[0.686s] -- Up-to-date: /home/dammr/Desktop/magister_ws/UC_SmartFarmRadar/install/radar_msg/local/lib/python3.10/dist-packages/radar_msg/libradar_msg__rosidl_generator_py.so
[0.794s] Listing '/home/dammr/Desktop/magister_ws/UC_SmartFarmRadar/install/radar_msg/local/lib/python3.10/dist-packages/radar_msg'...
[0.795s] Listing '/home/dammr/Desktop/magister_ws/UC_SmartFarmRadar/install/radar_msg/local/lib/python3.10/dist-packages/radar_msg/action'...
[0.795s] Listing '/home/dammr/Desktop/magister_ws/UC_SmartFarmRadar/install/radar_msg/local/lib/python3.10/dist-packages/radar_msg/msg'...
[0.798s] -- Up-to-date: /home/dammr/Desktop/magister_ws/UC_SmartFarmRadar/install/radar_msg/local/lib/python3.10/dist-packages/radar_msg/radar_msg_s__rosidl_typesupport_fastrtps_c.cpython-310-x86_64-linux-gnu.so
[0.798s] -- Up-to-date: /home/dammr/Desktop/magister_ws/UC_SmartFarmRadar/install/radar_msg/local/lib/python3.10/dist-packages/radar_msg/radar_msg_s__rosidl_typesupport_introspection_c.cpython-310-x86_64-linux-gnu.so
[0.798s] -- Up-to-date: /home/dammr/Desktop/magister_ws/UC_SmartFarmRadar/install/radar_msg/local/lib/python3.10/dist-packages/radar_msg/radar_msg_s__rosidl_typesupport_c.cpython-310-x86_64-linux-gnu.so
[0.798s] -- Up-to-date: /home/dammr/Desktop/magister_ws/UC_SmartFarmRadar/install/radar_msg/lib/libradar_msg__rosidl_generator_py.so
[0.798s] -- Up-to-date: /home/dammr/Desktop/magister_ws/UC_SmartFarmRadar/install/radar_msg/share/radar_msg/msg/Ptu.idl
[0.798s] -- Up-to-date: /home/dammr/Desktop/magister_ws/UC_SmartFarmRadar/install/radar_msg/share/radar_msg/msg/RadarData.idl
[0.799s] -- Up-to-date: /home/dammr/Desktop/magister_ws/UC_SmartFarmRadar/install/radar_msg/share/radar_msg/msg/RadarCartesian.idl
[0.799s] -- Up-to-date: /home/dammr/Desktop/magister_ws/UC_SmartFarmRadar/install/radar_msg/share/radar_msg/action/RadarBeamform.idl
[0.799s] -- Up-to-date: /home/dammr/Desktop/magister_ws/UC_SmartFarmRadar/install/radar_msg/share/radar_msg/action/PtuSweep.idl
[0.799s] -- Up-to-date: /home/dammr/Desktop/magister_ws/UC_SmartFarmRadar/install/radar_msg/share/radar_msg/msg/Ptu.msg
[0.799s] -- Up-to-date: /home/dammr/Desktop/magister_ws/UC_SmartFarmRadar/install/radar_msg/share/radar_msg/msg/RadarData.msg
[0.799s] -- Up-to-date: /home/dammr/Desktop/magister_ws/UC_SmartFarmRadar/install/radar_msg/share/radar_msg/msg/RadarCartesian.msg
[0.799s] -- Up-to-date: /home/dammr/Desktop/magister_ws/UC_SmartFarmRadar/install/radar_msg/share/radar_msg/action/RadarBeamform.action
[0.799s] -- Up-to-date: /home/dammr/Desktop/magister_ws/UC_SmartFarmRadar/install/radar_msg/share/radar_msg/action/PtuSweep.action
[0.799s] -- Up-to-date: /home/dammr/Desktop/magister_ws/UC_SmartFarmRadar/install/radar_msg/lib/radar_msg/publish_radar_data.py
[0.799s] -- Up-to-date: /home/dammr/Desktop/magister_ws/UC_SmartFarmRadar/install/radar_msg/lib/radar_msg/subscribe_radar_data.py
[0.799s] -- Up-to-date: /home/dammr/Desktop/magister_ws/UC_SmartFarmRadar/install/radar_msg/share/ament_index/resource_index/package_run_dependencies/radar_msg
[0.799s] -- Up-to-date: /home/dammr/Desktop/magister_ws/UC_SmartFarmRadar/install/radar_msg/share/ament_index/resource_index/parent_prefix_path/radar_msg
[0.799s] -- Up-to-date: /home/dammr/Desktop/magister_ws/UC_SmartFarmRadar/install/radar_msg/share/radar_msg/environment/ament_prefix_path.dsv
[0.799s] -- Up-to-date: /home/dammr/Desktop/magister_ws/UC_SmartFarmRadar/install/radar_msg/share/radar_msg/environment/path.dsv
[0.799s] -- Up-to-date: /home/dammr/Desktop/magister_ws/UC_SmartFarmRadar/install/radar_msg/share/radar_msg/local_setup.bash
[0.799s] -- Up-to-date: /home/dammr/Desktop/magister_ws/UC_SmartFarmRadar/install/radar_msg/share/radar_msg/local_setup.sh
[0.799s] -- Up-to-date: /home/dammr/Desktop/magister_ws/UC_SmartFarmRadar/install/radar_msg/share/radar_msg/local_setup.zsh
[0.799s] -- Up-to-date: /home/dammr/Desktop/magister_ws/UC_SmartFarmRadar/install/radar_msg/share/radar_msg/local_setup.dsv
[0.800s] -- Installing: /home/dammr/Desktop/magister_ws/UC_SmartFarmRadar/install/radar_msg/share/radar_msg/package.dsv
[0.800s] -- Up-to-date: /home/dammr/Desktop/magister_ws/UC_SmartFarmRadar/install/radar_msg/share/ament_index/resource_index/packages/radar_msg
[0.800s] -- Up-to-date: /home/dammr/Desktop/magister_ws/UC_SmartFarmRadar/install/radar_msg/share/radar_msg/cmake/export_radar_msg__rosidl_generator_cExport.cmake
[0.800s] -- Up-to-date: /home/dammr/Desktop/magister_ws/UC_SmartFarmRadar/install/radar_msg/share/radar_msg/cmake/export_radar_msg__rosidl_generator_cExport-noconfig.cmake
[0.800s] -- Up-to-date: /home/dammr/Desktop/magister_ws/UC_SmartFarmRadar/install/radar_msg/share/radar_msg/cmake/export_radar_msg__rosidl_typesupport_fastrtps_cExport.cmake
[0.800s] -- Up-to-date: /home/dammr/Desktop/magister_ws/UC_SmartFarmRadar/install/radar_msg/share/radar_msg/cmake/export_radar_msg__rosidl_typesupport_fastrtps_cExport-noconfig.cmake
[0.800s] -- Up-to-date: /home/dammr/Desktop/magister_ws/UC_SmartFarmRadar/install/radar_msg/share/radar_msg/cmake/export_radar_msg__rosidl_generator_cppExport.cmake
[0.800s] -- Up-to-date: /home/dammr/Desktop/magister_ws/UC_SmartFarmRadar/install/radar_msg/share/radar_msg/cmake/export_radar_msg__rosidl_typesupport_fastrtps_cppExport.cmake
[0.800s] -- Up-to-date: /home/dammr/Desktop/magister_ws/UC_SmartFarmRadar/install/radar_msg/share/radar_msg/cmake/export_radar_msg__rosidl_typesupport_fastrtps_cppExport-noconfig.cmake
[0.800s] -- Up-to-date: /home/dammr/Desktop/magister_ws/UC_SmartFarmRadar/install/radar_msg/share/radar_msg/cmake/radar_msg__rosidl_typesupport_introspection_cExport.cmake
[0.800s] -- Up-to-date: /home/dammr/Desktop/magister_ws/UC_SmartFarmRadar/install/radar_msg/share/radar_msg/cmake/radar_msg__rosidl_typesupport_introspection_cExport-noconfig.cmake
[0.800s] -- Up-to-date: /home/dammr/Desktop/magister_ws/UC_SmartFarmRadar/install/radar_msg/share/radar_msg/cmake/radar_msg__rosidl_typesupport_cExport.cmake
[0.800s] -- Up-to-date: /home/dammr/Desktop/magister_ws/UC_SmartFarmRadar/install/radar_msg/share/radar_msg/cmake/radar_msg__rosidl_typesupport_cExport-noconfig.cmake
[0.800s] -- Up-to-date: /home/dammr/Desktop/magister_ws/UC_SmartFarmRadar/install/radar_msg/share/radar_msg/cmake/radar_msg__rosidl_typesupport_introspection_cppExport.cmake
[0.800s] -- Up-to-date: /home/dammr/Desktop/magister_ws/UC_SmartFarmRadar/install/radar_msg/share/radar_msg/cmake/radar_msg__rosidl_typesupport_introspection_cppExport-noconfig.cmake
[0.800s] -- Up-to-date: /home/dammr/Desktop/magister_ws/UC_SmartFarmRadar/install/radar_msg/share/radar_msg/cmake/radar_msg__rosidl_typesupport_cppExport.cmake
[0.800s] -- Up-to-date: /home/dammr/Desktop/magister_ws/UC_SmartFarmRadar/install/radar_msg/share/radar_msg/cmake/radar_msg__rosidl_typesupport_cppExport-noconfig.cmake
[0.800s] -- Up-to-date: /home/dammr/Desktop/magister_ws/UC_SmartFarmRadar/install/radar_msg/share/radar_msg/cmake/export_radar_msg__rosidl_generator_pyExport.cmake
[0.800s] -- Up-to-date: /home/dammr/Desktop/magister_ws/UC_SmartFarmRadar/install/radar_msg/share/radar_msg/cmake/export_radar_msg__rosidl_generator_pyExport-noconfig.cmake
[0.800s] -- Up-to-date: /home/dammr/Desktop/magister_ws/UC_SmartFarmRadar/install/radar_msg/share/radar_msg/cmake/rosidl_cmake-extras.cmake
[0.800s] -- Up-to-date: /home/dammr/Desktop/magister_ws/UC_SmartFarmRadar/install/radar_msg/share/radar_msg/cmake/ament_cmake_export_dependencies-extras.cmake
[0.801s] -- Up-to-date: /home/dammr/Desktop/magister_ws/UC_SmartFarmRadar/install/radar_msg/share/radar_msg/cmake/ament_cmake_export_include_directories-extras.cmake
[0.801s] -- Up-to-date: /home/dammr/Desktop/magister_ws/UC_SmartFarmRadar/install/radar_msg/share/radar_msg/cmake/ament_cmake_export_libraries-extras.cmake
[0.801s] -- Up-to-date: /home/dammr/Desktop/magister_ws/UC_SmartFarmRadar/install/radar_msg/share/radar_msg/cmake/ament_cmake_export_targets-extras.cmake
[0.801s] -- Up-to-date: /home/dammr/Desktop/magister_ws/UC_SmartFarmRadar/install/radar_msg/share/radar_msg/cmake/rosidl_cmake_export_typesupport_targets-extras.cmake
[0.801s] -- Up-to-date: /home/dammr/Desktop/magister_ws/UC_SmartFarmRadar/install/radar_msg/share/radar_msg/cmake/rosidl_cmake_export_typesupport_libraries-extras.cmake
[0.801s] -- Up-to-date: /home/dammr/Desktop/magister_ws/UC_SmartFarmRadar/install/radar_msg/share/radar_msg/cmake/radar_msgConfig.cmake
[0.801s] -- Up-to-date: /home/dammr/Desktop/magister_ws/UC_SmartFarmRadar/install/radar_msg/share/radar_msg/cmake/radar_msgConfig-version.cmake
[0.801s] -- Up-to-date: /home/dammr/Desktop/magister_ws/UC_SmartFarmRadar/install/radar_msg/share/radar_msg/package.xml
[0.803s] Invoked command in '/home/dammr/Desktop/magister_ws/UC_SmartFarmRadar/build/radar_msg' returned '0': CMAKE_PREFIX_PATH=${CMAKE_PREFIX_PATH}:/home/dammr/Desktop/magister_ws/UC_SmartFarmRadar/install/state_machine:/home/dammr/Desktop/magister_ws/UC_SmartFarmRadar/install/radar_package:/home/dammr/Desktop/magister_ws/UC_SmartFarmRadar/install/ptu_package:/opt/ros/humble:/home/dammr/ros2_humble/install/rqt_bag_plugins:/home/dammr/ros2_humble/install/rqt_bag:/home/dammr/ros2_humble/install/launch_testing_examples:/home/dammr/ros2_humble/install/ros2bag:/home/dammr/ros2_humble/install/tracetools_test:/home/dammr/ros2_humble/install/tracetools_launch:/home/dammr/ros2_humble/install/topic_monitor:/home/dammr/ros2_humble/install/tf2_tools:/home/dammr/ros2_humble/install/examples_tf2_py:/home/dammr/ros2_humble/install/tf2_ros_py:/home/dammr/ros2_humble/install/sros2:/home/dammr/ros2_humble/install/rqt_topic:/home/dammr/ros2_humble/install/rqt_srv:/home/dammr/ros2_humble/install/rqt_shell:/home/dammr/ros2_humble/install/rqt_service_caller:/home/dammr/ros2_humble/install/rqt_reconfigure:/home/dammr/ros2_humble/install/rqt_py_console:/home/dammr/ros2_humble/install/rqt_publisher:/home/dammr/ros2_humble/install/rqt_plot:/home/dammr/ros2_humble/install/rqt_action:/home/dammr/ros2_humble/install/rqt_msg:/home/dammr/ros2_humble/install/rqt_console:/home/dammr/ros2_humble/install/rqt:/home/dammr/ros2_humble/install/rqt_graph:/home/dammr/ros2_humble/install/rqt_gui_py:/home/dammr/ros2_humble/install/rqt_gui:/home/dammr/ros2_humble/install/ros2trace:/home/dammr/ros2_humble/install/ros2topic:/home/dammr/ros2_humble/install/ros2test:/home/dammr/ros2_humble/install/ros2component:/home/dammr/ros2_humble/install/ros2param:/home/dammr/ros2_humble/install/ros2lifecycle:/home/dammr/ros2_humble/install/ros2service:/home/dammr/ros2_humble/install/ros2run:/home/dammr/ros2_humble/install/ros2launch:/home/dammr/ros2_humble/install/ros2pkg:/home/dammr/ros2_humble/install/ros2node:/home/dammr/ros2_humble/install/ros2multicast:/home/dammr/ros2_humble/install/ros2interface:/home/dammr/ros2_humble/install/ros2doctor:/home/dammr/ros2_humble/install/ros2action:/home/dammr/ros2_humble/install/ros2cli:/home/dammr/ros2_humble/install/quality_of_service_demo_py:/home/dammr/ros2_humble/install/lifecycle_py:/home/dammr/ros2_humble/install/launch_testing_ros:/home/dammr/ros2_humble/install/launch_ros:/home/dammr/ros2_humble/install/examples_rclpy_pointcloud_publisher:/home/dammr/ros2_humble/install/examples_rclpy_minimal_subscriber:/home/dammr/ros2_humble/install/examples_rclpy_minimal_service:/home/dammr/ros2_humble/install/examples_rclpy_minimal_publisher:/home/dammr/ros2_humble/install/examples_rclpy_minimal_client:/home/dammr/ros2_humble/install/examples_rclpy_minimal_action_server:/home/dammr/ros2_humble/install/examples_rclpy_minimal_action_client:/home/dammr/ros2_humble/install/examples_rclpy_guard_conditions:/home/dammr/ros2_humble/install/examples_rclpy_executors:/home/dammr/ros2_humble/install/demo_nodes_py:/home/dammr/ros2_humble/install/camera_info_manager_py:/home/dammr/ros2_humble/install/action_tutorials_py:/home/dammr/ros2_humble/install/ament_uncrustify:/home/dammr/ros2_humble/install/tracetools_trace:/home/dammr/ros2_humble/install/tracetools_read:/home/dammr/ros2_humble/install/test_tracetools_launch:/home/dammr/ros2_humble/install/test_launch_ros:/home/dammr/ros2_humble/install/sensor_msgs_py:/home/dammr/ros2_humble/install/rpyutils:/home/dammr/ros2_humble/install/rosidl_runtime_py:/home/dammr/ros2_humble/install/rosidl_cli:/home/dammr/ros2_humble/install/launch_pytest:/home/dammr/ros2_humble/install/launch_testing:/home/dammr/ros2_humble/install/launch_yaml:/home/dammr/ros2_humble/install/launch_xml:/home/dammr/ros2_humble/install/launch:/home/dammr/ros2_humble/install/osrf_pycommon:/home/dammr/ros2_humble/install/domain_coordinator:/home/dammr/ros2_humble/install/ament_xmllint:/home/dammr/ros2_humble/install/ament_pyflakes:/home/dammr/ros2_humble/install/ament_pycodestyle:/home/dammr/ros2_humble/install/ament_pep257:/home/dammr/ros2_humble/install/ament_pclint:/home/dammr/ros2_humble/install/ament_package:/home/dammr/ros2_humble/install/ament_mypy:/home/dammr/ros2_humble/install/ament_lint_cmake:/home/dammr/ros2_humble/install/ament_flake8:/home/dammr/ros2_humble/install/ament_copyright:/home/dammr/ros2_humble/install/ament_lint:/home/dammr/ros2_humble/install/ament_index_python:/home/dammr/ros2_humble/install/ament_cpplint:/home/dammr/ros2_humble/install/ament_cppcheck:/home/dammr/ros2_humble/install/ament_clang_tidy:/home/dammr/ros2_humble/install/ament_clang_format /usr/bin/cmake --install /home/dammr/Desktop/magister_ws/UC_SmartFarmRadar/build/radar_msg
