running egg_info
creating ../build/radar_package/radar_package.egg-info
writing ../build/radar_package/radar_package.egg-info/PKG-INFO
writing dependency_links to ../build/radar_package/radar_package.egg-info/dependency_links.txt
writing entry points to ../build/radar_package/radar_package.egg-info/entry_points.txt
writing requirements to ../build/radar_package/radar_package.egg-info/requires.txt
writing top-level names to ../build/radar_package/radar_package.egg-info/top_level.txt
writing manifest file '../build/radar_package/radar_package.egg-info/SOURCES.txt'
reading manifest file '../build/radar_package/radar_package.egg-info/SOURCES.txt'
writing manifest file '../build/radar_package/radar_package.egg-info/SOURCES.txt'
running build
running build_py
creating /home/dammr/Desktop/magister_ws/UC_SmartFarmRadar/build/radar_package/build
creating /home/dammr/Desktop/magister_ws/UC_SmartFarmRadar/build/radar_package/build/lib
creating /home/dammr/Desktop/magister_ws/UC_SmartFarmRadar/build/radar_package/build/lib/radar_package
copying radar_package/mosaic.py -> /home/dammr/Desktop/magister_ws/UC_SmartFarmRadar/build/radar_package/build/lib/radar_package
copying radar_package/tf_radar_base.py -> /home/dammr/Desktop/magister_ws/UC_SmartFarmRadar/build/radar_package/build/lib/radar_package
copying radar_package/__init__.py -> /home/dammr/Desktop/magister_ws/UC_SmartFarmRadar/build/radar_package/build/lib/radar_package
creating /home/dammr/Desktop/magister_ws/UC_SmartFarmRadar/build/radar_package/build/lib/radar_package/visualization
copying radar_package/visualization/polar_visualizer.py -> /home/dammr/Desktop/magister_ws/UC_SmartFarmRadar/build/radar_package/build/lib/radar_package/visualization
copying radar_package/visualization/mapa_cartesiano.py -> /home/dammr/Desktop/magister_ws/UC_SmartFarmRadar/build/radar_package/build/lib/radar_package/visualization
copying radar_package/visualization/waterfall.py -> /home/dammr/Desktop/magister_ws/UC_SmartFarmRadar/build/radar_package/build/lib/radar_package/visualization
copying radar_package/visualization/radar_visualizer.py -> /home/dammr/Desktop/magister_ws/UC_SmartFarmRadar/build/radar_package/build/lib/radar_package/visualization
copying radar_package/visualization/cartesian_plot.py -> /home/dammr/Desktop/magister_ws/UC_SmartFarmRadar/build/radar_package/build/lib/radar_package/visualization
copying radar_package/visualization/__init__.py -> /home/dammr/Desktop/magister_ws/UC_SmartFarmRadar/build/radar_package/build/lib/radar_package/visualization
copying radar_package/visualization/polar_visualizer2.py -> /home/dammr/Desktop/magister_ws/UC_SmartFarmRadar/build/radar_package/build/lib/radar_package/visualization
creating /home/dammr/Desktop/magister_ws/UC_SmartFarmRadar/build/radar_package/build/lib/radar_package/simulation
copying radar_package/simulation/simulador_radar.py -> /home/dammr/Desktop/magister_ws/UC_SmartFarmRadar/build/radar_package/build/lib/radar_package/simulation
copying radar_package/simulation/simulador_ptu.py -> /home/dammr/Desktop/magister_ws/UC_SmartFarmRadar/build/radar_package/build/lib/radar_package/simulation
copying radar_package/simulation/__init__.py -> /home/dammr/Desktop/magister_ws/UC_SmartFarmRadar/build/radar_package/build/lib/radar_package/simulation
creating /home/dammr/Desktop/magister_ws/UC_SmartFarmRadar/build/radar_package/build/lib/radar_package/nodes
copying radar_package/nodes/radar_node.py -> /home/dammr/Desktop/magister_ws/UC_SmartFarmRadar/build/radar_package/build/lib/radar_package/nodes
copying radar_package/nodes/__init__.py -> /home/dammr/Desktop/magister_ws/UC_SmartFarmRadar/build/radar_package/build/lib/radar_package/nodes
creating /home/dammr/Desktop/magister_ws/UC_SmartFarmRadar/build/radar_package/build/lib/radar_package/processing
copying radar_package/processing/radar_map_accumulator.py -> /home/dammr/Desktop/magister_ws/UC_SmartFarmRadar/build/radar_package/build/lib/radar_package/processing
copying radar_package/processing/target_detection_dbfs.py -> /home/dammr/Desktop/magister_ws/UC_SmartFarmRadar/build/radar_package/build/lib/radar_package/processing
copying radar_package/processing/process_data_node.py -> /home/dammr/Desktop/magister_ws/UC_SmartFarmRadar/build/radar_package/build/lib/radar_package/processing
copying radar_package/processing/data_processing.py -> /home/dammr/Desktop/magister_ws/UC_SmartFarmRadar/build/radar_package/build/lib/radar_package/processing
copying radar_package/processing/__init__.py -> /home/dammr/Desktop/magister_ws/UC_SmartFarmRadar/build/radar_package/build/lib/radar_package/processing
copying radar_package/processing/data_processing_node.py -> /home/dammr/Desktop/magister_ws/UC_SmartFarmRadar/build/radar_package/build/lib/radar_package/processing
creating /home/dammr/Desktop/magister_ws/UC_SmartFarmRadar/build/radar_package/build/lib/radar_package/utils
copying radar_package/utils/medicion_fondo.py -> /home/dammr/Desktop/magister_ws/UC_SmartFarmRadar/build/radar_package/build/lib/radar_package/utils
copying radar_package/utils/__init__.py -> /home/dammr/Desktop/magister_ws/UC_SmartFarmRadar/build/radar_package/build/lib/radar_package/utils
running install
running install_lib
creating /home/dammr/Desktop/magister_ws/UC_SmartFarmRadar/install/radar_package/lib/python3.10/site-packages/radar_package
creating /home/dammr/Desktop/magister_ws/UC_SmartFarmRadar/install/radar_package/lib/python3.10/site-packages/radar_package/visualization
copying /home/dammr/Desktop/magister_ws/UC_SmartFarmRadar/build/radar_package/build/lib/radar_package/visualization/polar_visualizer.py -> /home/dammr/Desktop/magister_ws/UC_SmartFarmRadar/install/radar_package/lib/python3.10/site-packages/radar_package/visualization
copying /home/dammr/Desktop/magister_ws/UC_SmartFarmRadar/build/radar_package/build/lib/radar_package/visualization/mapa_cartesiano.py -> /home/dammr/Desktop/magister_ws/UC_SmartFarmRadar/install/radar_package/lib/python3.10/site-packages/radar_package/visualization
copying /home/dammr/Desktop/magister_ws/UC_SmartFarmRadar/build/radar_package/build/lib/radar_package/visualization/waterfall.py -> /home/dammr/Desktop/magister_ws/UC_SmartFarmRadar/install/radar_package/lib/python3.10/site-packages/radar_package/visualization
copying /home/dammr/Desktop/magister_ws/UC_SmartFarmRadar/build/radar_package/build/lib/radar_package/visualization/radar_visualizer.py -> /home/dammr/Desktop/magister_ws/UC_SmartFarmRadar/install/radar_package/lib/python3.10/site-packages/radar_package/visualization
copying /home/dammr/Desktop/magister_ws/UC_SmartFarmRadar/build/radar_package/build/lib/radar_package/visualization/cartesian_plot.py -> /home/dammr/Desktop/magister_ws/UC_SmartFarmRadar/install/radar_package/lib/python3.10/site-packages/radar_package/visualization
copying /home/dammr/Desktop/magister_ws/UC_SmartFarmRadar/build/radar_package/build/lib/radar_package/visualization/__init__.py -> /home/dammr/Desktop/magister_ws/UC_SmartFarmRadar/install/radar_package/lib/python3.10/site-packages/radar_package/visualization
copying /home/dammr/Desktop/magister_ws/UC_SmartFarmRadar/build/radar_package/build/lib/radar_package/visualization/polar_visualizer2.py -> /home/dammr/Desktop/magister_ws/UC_SmartFarmRadar/install/radar_package/lib/python3.10/site-packages/radar_package/visualization
copying /home/dammr/Desktop/magister_ws/UC_SmartFarmRadar/build/radar_package/build/lib/radar_package/mosaic.py -> /home/dammr/Desktop/magister_ws/UC_SmartFarmRadar/install/radar_package/lib/python3.10/site-packages/radar_package
creating /home/dammr/Desktop/magister_ws/UC_SmartFarmRadar/install/radar_package/lib/python3.10/site-packages/radar_package/simulation
copying /home/dammr/Desktop/magister_ws/UC_SmartFarmRadar/build/radar_package/build/lib/radar_package/simulation/simulador_radar.py -> /home/dammr/Desktop/magister_ws/UC_SmartFarmRadar/install/radar_package/lib/python3.10/site-packages/radar_package/simulation
copying /home/dammr/Desktop/magister_ws/UC_SmartFarmRadar/build/radar_package/build/lib/radar_package/simulation/simulador_ptu.py -> /home/dammr/Desktop/magister_ws/UC_SmartFarmRadar/install/radar_package/lib/python3.10/site-packages/radar_package/simulation
copying /home/dammr/Desktop/magister_ws/UC_SmartFarmRadar/build/radar_package/build/lib/radar_package/simulation/__init__.py -> /home/dammr/Desktop/magister_ws/UC_SmartFarmRadar/install/radar_package/lib/python3.10/site-packages/radar_package/simulation
creating /home/dammr/Desktop/magister_ws/UC_SmartFarmRadar/install/radar_package/lib/python3.10/site-packages/radar_package/nodes
copying /home/dammr/Desktop/magister_ws/UC_SmartFarmRadar/build/radar_package/build/lib/radar_package/nodes/radar_node.py -> /home/dammr/Desktop/magister_ws/UC_SmartFarmRadar/install/radar_package/lib/python3.10/site-packages/radar_package/nodes
copying /home/dammr/Desktop/magister_ws/UC_SmartFarmRadar/build/radar_package/build/lib/radar_package/nodes/__init__.py -> /home/dammr/Desktop/magister_ws/UC_SmartFarmRadar/install/radar_package/lib/python3.10/site-packages/radar_package/nodes
copying /home/dammr/Desktop/magister_ws/UC_SmartFarmRadar/build/radar_package/build/lib/radar_package/tf_radar_base.py -> /home/dammr/Desktop/magister_ws/UC_SmartFarmRadar/install/radar_package/lib/python3.10/site-packages/radar_package
creating /home/dammr/Desktop/magister_ws/UC_SmartFarmRadar/install/radar_package/lib/python3.10/site-packages/radar_package/processing
copying /home/dammr/Desktop/magister_ws/UC_SmartFarmRadar/build/radar_package/build/lib/radar_package/processing/radar_map_accumulator.py -> /home/dammr/Desktop/magister_ws/UC_SmartFarmRadar/install/radar_package/lib/python3.10/site-packages/radar_package/processing
copying /home/dammr/Desktop/magister_ws/UC_SmartFarmRadar/build/radar_package/build/lib/radar_package/processing/target_detection_dbfs.py -> /home/dammr/Desktop/magister_ws/UC_SmartFarmRadar/install/radar_package/lib/python3.10/site-packages/radar_package/processing
copying /home/dammr/Desktop/magister_ws/UC_SmartFarmRadar/build/radar_package/build/lib/radar_package/processing/process_data_node.py -> /home/dammr/Desktop/magister_ws/UC_SmartFarmRadar/install/radar_package/lib/python3.10/site-packages/radar_package/processing
copying /home/dammr/Desktop/magister_ws/UC_SmartFarmRadar/build/radar_package/build/lib/radar_package/processing/data_processing.py -> /home/dammr/Desktop/magister_ws/UC_SmartFarmRadar/install/radar_package/lib/python3.10/site-packages/radar_package/processing
copying /home/dammr/Desktop/magister_ws/UC_SmartFarmRadar/build/radar_package/build/lib/radar_package/processing/__init__.py -> /home/dammr/Desktop/magister_ws/UC_SmartFarmRadar/install/radar_package/lib/python3.10/site-packages/radar_package/processing
copying /home/dammr/Desktop/magister_ws/UC_SmartFarmRadar/build/radar_package/build/lib/radar_package/processing/data_processing_node.py -> /home/dammr/Desktop/magister_ws/UC_SmartFarmRadar/install/radar_package/lib/python3.10/site-packages/radar_package/processing
creating /home/dammr/Desktop/magister_ws/UC_SmartFarmRadar/install/radar_package/lib/python3.10/site-packages/radar_package/utils
copying /home/dammr/Desktop/magister_ws/UC_SmartFarmRadar/build/radar_package/build/lib/radar_package/utils/medicion_fondo.py -> /home/dammr/Desktop/magister_ws/UC_SmartFarmRadar/install/radar_package/lib/python3.10/site-packages/radar_package/utils
copying /home/dammr/Desktop/magister_ws/UC_SmartFarmRadar/build/radar_package/build/lib/radar_package/utils/__init__.py -> /home/dammr/Desktop/magister_ws/UC_SmartFarmRadar/install/radar_package/lib/python3.10/site-packages/radar_package/utils
copying /home/dammr/Desktop/magister_ws/UC_SmartFarmRadar/build/radar_package/build/lib/radar_package/__init__.py -> /home/dammr/Desktop/magister_ws/UC_SmartFarmRadar/install/radar_package/lib/python3.10/site-packages/radar_package
byte-compiling /home/dammr/Desktop/magister_ws/UC_SmartFarmRadar/install/radar_package/lib/python3.10/site-packages/radar_package/visualization/polar_visualizer.py to polar_visualizer.cpython-310.pyc
byte-compiling /home/dammr/Desktop/magister_ws/UC_SmartFarmRadar/install/radar_package/lib/python3.10/site-packages/radar_package/visualization/mapa_cartesiano.py to mapa_cartesiano.cpython-310.pyc
byte-compiling /home/dammr/Desktop/magister_ws/UC_SmartFarmRadar/install/radar_package/lib/python3.10/site-packages/radar_package/visualization/waterfall.py to waterfall.cpython-310.pyc
byte-compiling /home/dammr/Desktop/magister_ws/UC_SmartFarmRadar/install/radar_package/lib/python3.10/site-packages/radar_package/visualization/radar_visualizer.py to radar_visualizer.cpython-310.pyc
byte-compiling /home/dammr/Desktop/magister_ws/UC_SmartFarmRadar/install/radar_package/lib/python3.10/site-packages/radar_package/visualization/cartesian_plot.py to cartesian_plot.cpython-310.pyc
byte-compiling /home/dammr/Desktop/magister_ws/UC_SmartFarmRadar/install/radar_package/lib/python3.10/site-packages/radar_package/visualization/__init__.py to __init__.cpython-310.pyc
byte-compiling /home/dammr/Desktop/magister_ws/UC_SmartFarmRadar/install/radar_package/lib/python3.10/site-packages/radar_package/visualization/polar_visualizer2.py to polar_visualizer2.cpython-310.pyc
byte-compiling /home/dammr/Desktop/magister_ws/UC_SmartFarmRadar/install/radar_package/lib/python3.10/site-packages/radar_package/mosaic.py to mosaic.cpython-310.pyc
byte-compiling /home/dammr/Desktop/magister_ws/UC_SmartFarmRadar/install/radar_package/lib/python3.10/site-packages/radar_package/simulation/simulador_radar.py to simulador_radar.cpython-310.pyc
byte-compiling /home/dammr/Desktop/magister_ws/UC_SmartFarmRadar/install/radar_package/lib/python3.10/site-packages/radar_package/simulation/simulador_ptu.py to simulador_ptu.cpython-310.pyc
byte-compiling /home/dammr/Desktop/magister_ws/UC_SmartFarmRadar/install/radar_package/lib/python3.10/site-packages/radar_package/simulation/__init__.py to __init__.cpython-310.pyc
byte-compiling /home/dammr/Desktop/magister_ws/UC_SmartFarmRadar/install/radar_package/lib/python3.10/site-packages/radar_package/nodes/radar_node.py to radar_node.cpython-310.pyc
byte-compiling /home/dammr/Desktop/magister_ws/UC_SmartFarmRadar/install/radar_package/lib/python3.10/site-packages/radar_package/nodes/__init__.py to __init__.cpython-310.pyc
byte-compiling /home/dammr/Desktop/magister_ws/UC_SmartFarmRadar/install/radar_package/lib/python3.10/site-packages/radar_package/tf_radar_base.py to tf_radar_base.cpython-310.pyc
byte-compiling /home/dammr/Desktop/magister_ws/UC_SmartFarmRadar/install/radar_package/lib/python3.10/site-packages/radar_package/processing/radar_map_accumulator.py to radar_map_accumulator.cpython-310.pyc
byte-compiling /home/dammr/Desktop/magister_ws/UC_SmartFarmRadar/install/radar_package/lib/python3.10/site-packages/radar_package/processing/target_detection_dbfs.py to target_detection_dbfs.cpython-310.pyc
byte-compiling /home/dammr/Desktop/magister_ws/UC_SmartFarmRadar/install/radar_package/lib/python3.10/site-packages/radar_package/processing/process_data_node.py to process_data_node.cpython-310.pyc
byte-compiling /home/dammr/Desktop/magister_ws/UC_SmartFarmRadar/install/radar_package/lib/python3.10/site-packages/radar_package/processing/data_processing.py to data_processing.cpython-310.pyc
byte-compiling /home/dammr/Desktop/magister_ws/UC_SmartFarmRadar/install/radar_package/lib/python3.10/site-packages/radar_package/processing/__init__.py to __init__.cpython-310.pyc
byte-compiling /home/dammr/Desktop/magister_ws/UC_SmartFarmRadar/install/radar_package/lib/python3.10/site-packages/radar_package/processing/data_processing_node.py to data_processing_node.cpython-310.pyc
byte-compiling /home/dammr/Desktop/magister_ws/UC_SmartFarmRadar/install/radar_package/lib/python3.10/site-packages/radar_package/utils/medicion_fondo.py to medicion_fondo.cpython-310.pyc
byte-compiling /home/dammr/Desktop/magister_ws/UC_SmartFarmRadar/install/radar_package/lib/python3.10/site-packages/radar_package/utils/__init__.py to __init__.cpython-310.pyc
byte-compiling /home/dammr/Desktop/magister_ws/UC_SmartFarmRadar/install/radar_package/lib/python3.10/site-packages/radar_package/__init__.py to __init__.cpython-310.pyc
running install_data
creating /home/dammr/Desktop/magister_ws/UC_SmartFarmRadar/install/radar_package/share/ament_index
creating /home/dammr/Desktop/magister_ws/UC_SmartFarmRadar/install/radar_package/share/ament_index/resource_index
creating /home/dammr/Desktop/magister_ws/UC_SmartFarmRadar/install/radar_package/share/ament_index/resource_index/packages
copying resource/radar_package -> /home/dammr/Desktop/magister_ws/UC_SmartFarmRadar/install/radar_package/share/ament_index/resource_index/packages
copying package.xml -> /home/dammr/Desktop/magister_ws/UC_SmartFarmRadar/install/radar_package/share/radar_package
creating /home/dammr/Desktop/magister_ws/UC_SmartFarmRadar/install/radar_package/share/radar_package/resource
copying resource/phase_cal_val.pkl -> /home/dammr/Desktop/magister_ws/UC_SmartFarmRadar/install/radar_package/share/radar_package/resource
copying resource/gain_cal_val.pkl -> /home/dammr/Desktop/magister_ws/UC_SmartFarmRadar/install/radar_package/share/radar_package/resource
copying resource/medicion_fondo_centro1.npy -> /home/dammr/Desktop/magister_ws/UC_SmartFarmRadar/install/radar_package/share/radar_package/resource
copying resource/medicion_fondo_centro2.npy -> /home/dammr/Desktop/magister_ws/UC_SmartFarmRadar/install/radar_package/share/radar_package/resource
copying resource/medicion_fondo_cielo.npy -> /home/dammr/Desktop/magister_ws/UC_SmartFarmRadar/install/radar_package/share/radar_package/resource
creating /home/dammr/Desktop/magister_ws/UC_SmartFarmRadar/install/radar_package/share/radar_package/launch
copying launch/launch.py -> /home/dammr/Desktop/magister_ws/UC_SmartFarmRadar/install/radar_package/share/radar_package/launch
creating /home/dammr/Desktop/magister_ws/UC_SmartFarmRadar/install/radar_package/share/radar_package/config
copying config/ptu.yaml -> /home/dammr/Desktop/magister_ws/UC_SmartFarmRadar/install/radar_package/share/radar_package/config
copying config/processing.yaml -> /home/dammr/Desktop/magister_ws/UC_SmartFarmRadar/install/radar_package/share/radar_package/config
copying config/radar.yaml -> /home/dammr/Desktop/magister_ws/UC_SmartFarmRadar/install/radar_package/share/radar_package/config
running install_egg_info
Copying ../build/radar_package/radar_package.egg-info to /home/dammr/Desktop/magister_ws/UC_SmartFarmRadar/install/radar_package/lib/python3.10/site-packages/radar_package-0.0.0-py3.10.egg-info
running install_scripts
Installing data_processing script to /home/dammr/Desktop/magister_ws/UC_SmartFarmRadar/install/radar_package/lib/radar_package
Installing data_processing_node script to /home/dammr/Desktop/magister_ws/UC_SmartFarmRadar/install/radar_package/lib/radar_package
Installing mapa_cartesiano script to /home/dammr/Desktop/magister_ws/UC_SmartFarmRadar/install/radar_package/lib/radar_package
Installing medicion_fondo script to /home/dammr/Desktop/magister_ws/UC_SmartFarmRadar/install/radar_package/lib/radar_package
Installing mosaic_node script to /home/dammr/Desktop/magister_ws/UC_SmartFarmRadar/install/radar_package/lib/radar_package
Installing polar_visualizer2 script to /home/dammr/Desktop/magister_ws/UC_SmartFarmRadar/install/radar_package/lib/radar_package
Installing process_data_node script to /home/dammr/Desktop/magister_ws/UC_SmartFarmRadar/install/radar_package/lib/radar_package
Installing radar_map_accumulator script to /home/dammr/Desktop/magister_ws/UC_SmartFarmRadar/install/radar_package/lib/radar_package
Installing radar_node script to /home/dammr/Desktop/magister_ws/UC_SmartFarmRadar/install/radar_package/lib/radar_package
Installing radar_visualizer script to /home/dammr/Desktop/magister_ws/UC_SmartFarmRadar/install/radar_package/lib/radar_package
Installing simulador_ptu script to /home/dammr/Desktop/magister_ws/UC_SmartFarmRadar/install/radar_package/lib/radar_package
Installing simulador_radar script to /home/dammr/Desktop/magister_ws/UC_SmartFarmRadar/install/radar_package/lib/radar_package
Installing waterfall script to /home/dammr/Desktop/magister_ws/UC_SmartFarmRadar/install/radar_package/lib/radar_package
writing list of installed files to '/home/dammr/Desktop/magister_ws/UC_SmartFarmRadar/build/radar_package/install.log'
