[1.898s] Invoking command in '/home/dammr/Desktop/magister_ws/UC_SmartFarmRadar/radar_package': CMAKE_PREFIX_PATH=/home/dammr/Desktop/magister_ws/UC_SmartFarmRadar/install/radar_msg:/home/dammr/Desktop/magister_ws/UC_SmartFarmRadar/install/robot_description:/home/dammr/Desktop/magister_ws/UC_SmartFarmRadar/install/ptu_driver:/home/dammr/ros2_humble/install/rosbag2_storage_mcap:/home/dammr/ros2_humble/install/rosbag2:/home/dammr/ros2_humble/install/rosbag2_compression_zstd:/home/dammr/ros2_humble/install/mcap_vendor:/home/dammr/ros2_humble/install/zstd_vendor:/home/dammr/ros2_humble/install/rviz_visual_testing_framework:/home/dammr/ros2_humble/install/rviz2:/home/dammr/ros2_humble/install/rviz_default_plugins:/home/dammr/ros2_humble/install/rviz_common:/home/dammr/ros2_humble/install/rosbag2_py:/home/dammr/ros2_humble/install/rosbag2_transport:/home/dammr/ros2_humble/install/rosbag2_storage_default_plugins:/home/dammr/ros2_humble/install/rosbag2_performance_benchmarking:/home/dammr/ros2_humble/install/rosbag2_compression:/home/dammr/ros2_humble/install/rosbag2_cpp:/home/dammr/ros2_humble/install/rosbag2_storage:/home/dammr/ros2_humble/install/image_common:/home/dammr/ros2_humble/install/camera_info_manager:/home/dammr/ros2_humble/install/camera_calibration_parsers:/home/dammr/ros2_humble/install/yaml_cpp_vendor:/home/dammr/ros2_humble/install/interactive_markers:/home/dammr/ros2_humble/install/common_interfaces:/home/dammr/ros2_humble/install/visualization_msgs:/home/dammr/ros2_humble/install/dummy_robot_bringup:/home/dammr/ros2_humble/install/robot_state_publisher:/home/dammr/ros2_humble/install/kdl_parser:/home/dammr/ros2_humble/install/urdf:/home/dammr/ros2_humble/install/urdfdom:/home/dammr/ros2_humble/install/urdf_parser_plugin:/home/dammr/ros2_humble/install/urdfdom_headers:/home/dammr/ros2_humble/install/turtlesim:/home/dammr/ros2_humble/install/geometry2:/home/dammr/ros2_humble/install/tf2_sensor_msgs:/home/dammr/ros2_humble/install/test_tf2:/home/dammr/ros2_humble/install/tf2_kdl:/home/dammr/ros2_humble/install/tf2_geometry_msgs:/home/dammr/ros2_humble/install/tf2_eigen:/home/dammr/ros2_humble/install/tf2_bullet:/home/dammr/ros2_humble/install/tf2_ros:/home/dammr/ros2_humble/install/tf2_py:/home/dammr/ros2_humble/install/tf2_msgs:/home/dammr/ros2_humble/install/test_msgs:/home/dammr/ros2_humble/install/sros2_cmake:/home/dammr/ros2_humble/install/ros2cli_common_extensions:/home/dammr/ros2_humble/install/rqt_py_common:/home/dammr/ros2_humble/install/rosbag2_storage_mcap_testdata:/home/dammr/ros2_humble/install/ros_testing:/home/dammr/ros2_humble/install/ros2cli_test_interfaces:/home/dammr/ros2_humble/install/quality_of_service_demo_cpp:/home/dammr/ros2_humble/install/image_transport:/home/dammr/ros2_humble/install/message_filters:/home/dammr/ros2_humble/install/demo_nodes_cpp:/home/dammr/ros2_humble/install/composition:/home/dammr/ros2_humble/install/laser_geometry:/home/dammr/ros2_humble/install/rclpy:/home/dammr/ros2_humble/install/examples_rclcpp_minimal_action_server:/home/dammr/ros2_humble/install/examples_rclcpp_minimal_action_client:/home/dammr/ros2_humble/install/action_tutorials_cpp:/home/dammr/ros2_humble/install/rclcpp_action:/home/dammr/ros2_humble/install/rcl_action:/home/dammr/ros2_humble/install/examples_rclcpp_wait_set:/home/dammr/ros2_humble/install/examples_rclcpp_minimal_service:/home/dammr/ros2_humble/install/examples_rclcpp_minimal_client:/home/dammr/ros2_humble/install/examples_rclcpp_async_client:/home/dammr/ros2_humble/install/example_interfaces:/home/dammr/ros2_humble/install/action_tutorials_interfaces:/home/dammr/ros2_humble/install/action_msgs:/home/dammr/ros2_humble/install/unique_identifier_msgs:/home/dammr/ros2_humble/install/ament_lint_common:/home/dammr/ros2_humble/install/ament_cmake_uncrustify:/home/dammr/ros2_humble/install/uncrustify_vendor:/home/dammr/ros2_humble/install/trajectory_msgs:/home/dammr/ros2_humble/install/topic_statistics_demo:/home/dammr/ros2_humble/install/pendulum_control:/home/dammr/ros2_humble/install/tlsf_cpp:/home/dammr/ros2_humble/install/test_tracetools:/home/dammr/ros2_humble/install/rqt_gui_cpp:/home/dammr/ros2_humble/install/rosbag2_test_common:/home/dammr/ros2_humble/install/ros2lifecycle_test_fixtures:/home/dammr/ros2_humble/install/lifecycle:/home/dammr/ros2_humble/install/rclcpp_lifecycle:/home/dammr/ros2_humble/install/logging_demo:/home/dammr/ros2_humble/install/image_tools:/home/dammr/ros2_humble/install/examples_rclcpp_minimal_subscriber:/home/dammr/ros2_humble/install/examples_rclcpp_minimal_composition:/home/dammr/ros2_humble/install/demo_nodes_cpp_native:/home/dammr/ros2_humble/install/rclcpp_components:/home/dammr/ros2_humble/install/intra_process_demo:/home/dammr/ros2_humble/install/examples_rclcpp_multithreaded_executor:/home/dammr/ros2_humble/install/examples_rclcpp_minimal_timer:/home/dammr/ros2_humble/install/examples_rclcpp_minimal_publisher:/home/dammr/ros2_humble/install/examples_rclcpp_cbg_executor:/home/dammr/ros2_humble/install/dummy_sensors:/home/dammr/ros2_humble/install/dummy_map_server:/home/dammr/ros2_humble/install/rclcpp:/home/dammr/ros2_humble/install/rcl_lifecycle:/home/dammr/ros2_humble/install/libstatistics_collector:/home/dammr/ros2_humble/install/rcl:/home/dammr/ros2_humble/install/rmw_implementation:/home/dammr/ros2_humble/install/rmw_fastrtps_dynamic_cpp:/home/dammr/ros2_humble/install/rmw_fastrtps_cpp:/home/dammr/ros2_humble/install/rmw_fastrtps_shared_cpp:/home/dammr/ros2_humble/install/rmw_cyclonedds_cpp:/home/dammr/ros2_humble/install/tracetools:/home/dammr/ros2_humble/install/tlsf:/home/dammr/ros2_humble/install/tinyxml_vendor:/home/dammr/ros2_humble/install/qt_gui_core:/home/dammr/ros2_humble/install/qt_gui_cpp:/home/dammr/ros2_humble/install/pluginlib:/home/dammr/ros2_humble/install/tinyxml2_vendor:/home/dammr/ros2_humble/install/tf2_eigen_kdl:/home/dammr/ros2_humble/install/tf2:/home/dammr/ros2_humble/install/test_security:/home/dammr/ros2_humble/install/test_rmw_implementation:/home/dammr/ros2_humble/install/test_rclcpp:/home/dammr/ros2_humble/install/test_quality_of_service:/home/dammr/ros2_humble/install/test_launch_testing:/home/dammr/ros2_humble/install/test_interface_files:/home/dammr/ros2_humble/install/test_communication:/home/dammr/ros2_humble/install/test_cli_remapping:/home/dammr/ros2_humble/install/test_cli:/home/dammr/ros2_humble/install/qt_gui_app:/home/dammr/ros2_humble/install/qt_gui:/home/dammr/ros2_humble/install/tango_icons_vendor:/home/dammr/ros2_humble/install/stereo_msgs:/home/dammr/ros2_humble/install/std_srvs:/home/dammr/ros2_humble/install/shape_msgs:/home/dammr/ros2_humble/install/map_msgs:/home/dammr/ros2_humble/install/sensor_msgs:/home/dammr/ros2_humble/install/nav_msgs:/home/dammr/ros2_humble/install/diagnostic_msgs:/home/dammr/ros2_humble/install/geometry_msgs:/home/dammr/ros2_humble/install/actionlib_msgs:/home/dammr/ros2_humble/install/std_msgs:/home/dammr/ros2_humble/install/statistics_msgs:/home/dammr/ros2_humble/install/sqlite3_vendor:/home/dammr/ros2_humble/install/rcl_logging_spdlog:/home/dammr/ros2_humble/install/spdlog_vendor:/home/dammr/ros2_humble/install/shared_queues_vendor:/home/dammr/ros2_humble/install/rviz_rendering_tests:/home/dammr/ros2_humble/install/rviz_rendering:/home/dammr/ros2_humble/install/rviz_ogre_vendor:/home/dammr/ros2_humble/install/rviz_assimp_vendor:/home/dammr/ros2_humble/install/rttest:/home/dammr/ros2_humble/install/rmw_connextddsmicro:/home/dammr/ros2_humble/install/rmw_connextdds:/home/dammr/ros2_humble/install/rmw_connextdds_common:/home/dammr/ros2_humble/install/rti_connext_dds_cmake_module:/home/dammr/ros2_humble/install/rosgraph_msgs:/home/dammr/ros2_humble/install/rosbag2_interfaces:/home/dammr/ros2_humble/install/rmw_dds_common:/home/dammr/ros2_humble/install/composition_interfaces:/home/dammr/ros2_humble/install/rcl_interfaces:/home/dammr/ros2_humble/install/pendulum_msgs:/home/dammr/ros2_humble/install/lifecycle_msgs:/home/dammr/ros2_humble/install/builtin_interfaces:/home/dammr/ros2_humble/install/rosidl_default_runtime:/home/dammr/ros2_humble/install/rosidl_default_generators:/home/dammr/ros2_humble/install/rosidl_generator_py:/home/dammr/ros2_humble/install/rosidl_typesupport_introspection_tests:/home/dammr/ros2_humble/install/rosidl_typesupport_cpp:/home/dammr/ros2_humble/install/rosidl_typesupport_introspection_cpp:/home/dammr/ros2_humble/install/rosidl_typesupport_c:/home/dammr/ros2_humble/install/rosidl_typesupport_introspection_c:/home/dammr/ros2_humble/install/rosidl_typesupport_fastrtps_c:/home/dammr/ros2_humble/install/rosidl_typesupport_fastrtps_cpp:/home/dammr/ros2_humble/install/rosidl_generator_cpp:/home/dammr/ros2_humble/install/rosidl_runtime_cpp:/home/dammr/ros2_humble/install/rcl_yaml_param_parser:/home/dammr/ros2_humble/install/rmw:/home/dammr/ros2_humble/install/rosidl_runtime_c:/home/dammr/ros2_humble/install/rosidl_generator_c:/home/dammr/ros2_humble/install/rosidl_typesupport_interface:/home/dammr/ros2_humble/install/rosidl_generator_dds_idl:/home/dammr/ros2_humble/install/rosidl_cmake:/home/dammr/ros2_humble/install/rosidl_parser:/home/dammr/ros2_humble/install/rosidl_adapter:/home/dammr/ros2_humble/install/rosbag2_tests:/home/dammr/ros2_humble/install/ros_environment:/home/dammr/ros2_humble/install/rmw_implementation_cmake:/home/dammr/ros2_humble/install/resource_retriever:/home/dammr/ros2_humble/install/class_loader:/home/dammr/ros2_humble/install/rcpputils:/home/dammr/ros2_humble/install/rcl_logging_noop:/home/dammr/ros2_humble/install/rcl_logging_interface:/home/dammr/ros2_humble/install/rcutils:/home/dammr/ros2_humble/install/qt_gui_py_common:/home/dammr/ros2_humble/install/qt_dotgraph:/home/dammr/ros2_humble/install/python_qt_binding:/home/dammr/ros2_humble/install/python_orocos_kdl_vendor:/home/dammr/ros2_humble/install/launch_testing_ament_cmake:/home/dammr/ros2_humble/install/python_cmake_module:/home/dammr/ros2_humble/install/pybind11_vendor:/home/dammr/ros2_humble/install/performance_test_fixture:/home/dammr/ros2_humble/install/osrf_testing_tools_cpp:/home/dammr/ros2_humble/install/orocos_kdl_vendor:/home/dammr/ros2_humble/install/mimick_vendor:/home/dammr/ros2_humble/install/libyaml_vendor:/home/dammr/ros2_humble/install/libcurl_vendor:/home/dammr/ros2_humble/install/keyboard_handler:/home/dammr/ros2_humble/install/iceoryx_introspection:/home/dammr/ros2_humble/install/cyclonedds:/home/dammr/ros2_humble/install/iceoryx_posh:/home/dammr/ros2_humble/install/iceoryx_hoofs:/home/dammr/ros2_humble/install/iceoryx_binding_c:/home/dammr/ros2_humble/install/ament_cmake_ros:/home/dammr/ros2_humble/install/ament_cmake_auto:/home/dammr/ros2_humble/install/ament_cmake_gmock:/home/dammr/ros2_humble/install/gmock_vendor:/home/dammr/ros2_humble/install/ament_cmake_gtest:/home/dammr/ros2_humble/install/gtest_vendor:/home/dammr/ros2_humble/install/ament_cmake_google_benchmark:/home/dammr/ros2_humble/install/google_benchmark_vendor:/home/dammr/ros2_humble/install/fastrtps:/home/dammr/ros2_humble/install/foonathan_memory_vendor:/home/dammr/ros2_humble/install/fastrtps_cmake_module:/home/dammr/ros2_humble/install/fastcdr:/home/dammr/ros2_humble/install/eigen3_cmake_module:/home/dammr/ros2_humble/install/console_bridge_vendor:/home/dammr/ros2_humble/install/ament_cmake_xmllint:/home/dammr/ros2_humble/install/ament_cmake_pyflakes:/home/dammr/ros2_humble/install/ament_cmake_pycodestyle:/home/dammr/ros2_humble/install/ament_cmake_pep257:/home/dammr/ros2_humble/install/ament_cmake_pclint:/home/dammr/ros2_humble/install/ament_lint_auto:/home/dammr/ros2_humble/install/ament_cmake:/home/dammr/ros2_humble/install/ament_cmake_version:/home/dammr/ros2_humble/install/ament_cmake_vendor_package:/home/dammr/ros2_humble/install/ament_cmake_pytest:/home/dammr/ros2_humble/install/ament_cmake_nose:/home/dammr/ros2_humble/install/ament_cmake_mypy:/home/dammr/ros2_humble/install/ament_cmake_lint_cmake:/home/dammr/ros2_humble/install/ament_cmake_flake8:/home/dammr/ros2_humble/install/ament_cmake_cpplint:/home/dammr/ros2_humble/install/ament_cmake_cppcheck:/home/dammr/ros2_humble/install/ament_cmake_copyright:/home/dammr/ros2_humble/install/ament_cmake_clang_tidy:/home/dammr/ros2_humble/install/ament_cmake_clang_format:/home/dammr/ros2_humble/install/ament_cmake_test:/home/dammr/ros2_humble/install/ament_cmake_target_dependencies:/home/dammr/ros2_humble/install/ament_cmake_python:/home/dammr/ros2_humble/install/ament_cmake_export_dependencies:/home/dammr/ros2_humble/install/ament_cmake_libraries:/home/dammr/ros2_humble/install/ament_cmake_include_directories:/home/dammr/ros2_humble/install/ament_cmake_gen_version_h:/home/dammr/ros2_humble/install/ament_cmake_export_targets:/home/dammr/ros2_humble/install/ament_cmake_export_link_flags:/home/dammr/ros2_humble/install/ament_cmake_export_interfaces:/home/dammr/ros2_humble/install/ament_cmake_export_libraries:/home/dammr/ros2_humble/install/ament_cmake_export_include_directories:/home/dammr/ros2_humble/install/ament_cmake_export_definitions:/home/dammr/ros2_humble/install/ament_cmake_core:/home/dammr/ros2_humble/install/ament_index_cpp PYTHONPATH=/home/dammr/Desktop/magister_ws/UC_SmartFarmRadar/build/radar_package/prefix_override:/usr/lib/python3/dist-packages/colcon_core/task/python/colcon_distutils_commands:/home/dammr/Desktop/magister_ws/UC_SmartFarmRadar/install/radar_package/lib/python3.10/site-packages:${PYTHONPATH} /usr/bin/python3 -W ignore:setup.py install is deprecated -W ignore:easy_install command is deprecated setup.py egg_info --egg-base ../build/radar_package build --build-base /home/dammr/Desktop/magister_ws/UC_SmartFarmRadar/build/radar_package/build install --record /home/dammr/Desktop/magister_ws/UC_SmartFarmRadar/build/radar_package/install.log --single-version-externally-managed install_data
[2.325s] running egg_info
[2.326s] creating ../build/radar_package/radar_package.egg-info
[2.326s] writing ../build/radar_package/radar_package.egg-info/PKG-INFO
[2.326s] writing dependency_links to ../build/radar_package/radar_package.egg-info/dependency_links.txt
[2.326s] writing entry points to ../build/radar_package/radar_package.egg-info/entry_points.txt
[2.326s] writing requirements to ../build/radar_package/radar_package.egg-info/requires.txt
[2.326s] writing top-level names to ../build/radar_package/radar_package.egg-info/top_level.txt
[2.327s] writing manifest file '../build/radar_package/radar_package.egg-info/SOURCES.txt'
[2.328s] reading manifest file '../build/radar_package/radar_package.egg-info/SOURCES.txt'
[2.329s] writing manifest file '../build/radar_package/radar_package.egg-info/SOURCES.txt'
[2.329s] running build
[2.329s] running build_py
[2.329s] creating /home/dammr/Desktop/magister_ws/UC_SmartFarmRadar/build/radar_package/build
[2.329s] creating /home/dammr/Desktop/magister_ws/UC_SmartFarmRadar/build/radar_package/build/lib
[2.329s] creating /home/dammr/Desktop/magister_ws/UC_SmartFarmRadar/build/radar_package/build/lib/radar_package
[2.329s] copying radar_package/mosaic.py -> /home/dammr/Desktop/magister_ws/UC_SmartFarmRadar/build/radar_package/build/lib/radar_package
[2.329s] copying radar_package/tf_radar_base.py -> /home/dammr/Desktop/magister_ws/UC_SmartFarmRadar/build/radar_package/build/lib/radar_package
[2.330s] copying radar_package/__init__.py -> /home/dammr/Desktop/magister_ws/UC_SmartFarmRadar/build/radar_package/build/lib/radar_package
[2.330s] creating /home/dammr/Desktop/magister_ws/UC_SmartFarmRadar/build/radar_package/build/lib/radar_package/visualization
[2.330s] copying radar_package/visualization/polar_visualizer.py -> /home/dammr/Desktop/magister_ws/UC_SmartFarmRadar/build/radar_package/build/lib/radar_package/visualization
[2.330s] copying radar_package/visualization/mapa_cartesiano.py -> /home/dammr/Desktop/magister_ws/UC_SmartFarmRadar/build/radar_package/build/lib/radar_package/visualization
[2.330s] copying radar_package/visualization/waterfall.py -> /home/dammr/Desktop/magister_ws/UC_SmartFarmRadar/build/radar_package/build/lib/radar_package/visualization
[2.330s] copying radar_package/visualization/radar_visualizer.py -> /home/dammr/Desktop/magister_ws/UC_SmartFarmRadar/build/radar_package/build/lib/radar_package/visualization
[2.330s] copying radar_package/visualization/cartesian_plot.py -> /home/dammr/Desktop/magister_ws/UC_SmartFarmRadar/build/radar_package/build/lib/radar_package/visualization
[2.330s] copying radar_package/visualization/__init__.py -> /home/dammr/Desktop/magister_ws/UC_SmartFarmRadar/build/radar_package/build/lib/radar_package/visualization
[2.330s] copying radar_package/visualization/polar_visualizer2.py -> /home/dammr/Desktop/magister_ws/UC_SmartFarmRadar/build/radar_package/build/lib/radar_package/visualization
[2.331s] creating /home/dammr/Desktop/magister_ws/UC_SmartFarmRadar/build/radar_package/build/lib/radar_package/simulation
[2.331s] copying radar_package/simulation/simulador_radar.py -> /home/dammr/Desktop/magister_ws/UC_SmartFarmRadar/build/radar_package/build/lib/radar_package/simulation
[2.331s] copying radar_package/simulation/simulador_ptu.py -> /home/dammr/Desktop/magister_ws/UC_SmartFarmRadar/build/radar_package/build/lib/radar_package/simulation
[2.331s] copying radar_package/simulation/__init__.py -> /home/dammr/Desktop/magister_ws/UC_SmartFarmRadar/build/radar_package/build/lib/radar_package/simulation
[2.331s] creating /home/dammr/Desktop/magister_ws/UC_SmartFarmRadar/build/radar_package/build/lib/radar_package/nodes
[2.331s] copying radar_package/nodes/radar_node.py -> /home/dammr/Desktop/magister_ws/UC_SmartFarmRadar/build/radar_package/build/lib/radar_package/nodes
[2.331s] copying radar_package/nodes/__init__.py -> /home/dammr/Desktop/magister_ws/UC_SmartFarmRadar/build/radar_package/build/lib/radar_package/nodes
[2.331s] creating /home/dammr/Desktop/magister_ws/UC_SmartFarmRadar/build/radar_package/build/lib/radar_package/processing
[2.331s] copying radar_package/processing/radar_map_accumulator.py -> /home/dammr/Desktop/magister_ws/UC_SmartFarmRadar/build/radar_package/build/lib/radar_package/processing
[2.332s] copying radar_package/processing/target_detection_dbfs.py -> /home/dammr/Desktop/magister_ws/UC_SmartFarmRadar/build/radar_package/build/lib/radar_package/processing
[2.332s] copying radar_package/processing/process_data_node.py -> /home/dammr/Desktop/magister_ws/UC_SmartFarmRadar/build/radar_package/build/lib/radar_package/processing
[2.332s] copying radar_package/processing/data_processing.py -> /home/dammr/Desktop/magister_ws/UC_SmartFarmRadar/build/radar_package/build/lib/radar_package/processing
[2.332s] copying radar_package/processing/__init__.py -> /home/dammr/Desktop/magister_ws/UC_SmartFarmRadar/build/radar_package/build/lib/radar_package/processing
[2.332s] copying radar_package/processing/data_processing_node.py -> /home/dammr/Desktop/magister_ws/UC_SmartFarmRadar/build/radar_package/build/lib/radar_package/processing
[2.332s] creating /home/dammr/Desktop/magister_ws/UC_SmartFarmRadar/build/radar_package/build/lib/radar_package/utils
[2.332s] copying radar_package/utils/medicion_fondo.py -> /home/dammr/Desktop/magister_ws/UC_SmartFarmRadar/build/radar_package/build/lib/radar_package/utils
[2.332s] copying radar_package/utils/__init__.py -> /home/dammr/Desktop/magister_ws/UC_SmartFarmRadar/build/radar_package/build/lib/radar_package/utils
[2.333s] running install
[2.333s] running install_lib
[2.334s] creating /home/dammr/Desktop/magister_ws/UC_SmartFarmRadar/install/radar_package/lib/python3.10/site-packages/radar_package
[2.334s] creating /home/dammr/Desktop/magister_ws/UC_SmartFarmRadar/install/radar_package/lib/python3.10/site-packages/radar_package/visualization
[2.334s] copying /home/dammr/Desktop/magister_ws/UC_SmartFarmRadar/build/radar_package/build/lib/radar_package/visualization/polar_visualizer.py -> /home/dammr/Desktop/magister_ws/UC_SmartFarmRadar/install/radar_package/lib/python3.10/site-packages/radar_package/visualization
[2.334s] copying /home/dammr/Desktop/magister_ws/UC_SmartFarmRadar/build/radar_package/build/lib/radar_package/visualization/mapa_cartesiano.py -> /home/dammr/Desktop/magister_ws/UC_SmartFarmRadar/install/radar_package/lib/python3.10/site-packages/radar_package/visualization
[2.334s] copying /home/dammr/Desktop/magister_ws/UC_SmartFarmRadar/build/radar_package/build/lib/radar_package/visualization/waterfall.py -> /home/dammr/Desktop/magister_ws/UC_SmartFarmRadar/install/radar_package/lib/python3.10/site-packages/radar_package/visualization
[2.335s] copying /home/dammr/Desktop/magister_ws/UC_SmartFarmRadar/build/radar_package/build/lib/radar_package/visualization/radar_visualizer.py -> /home/dammr/Desktop/magister_ws/UC_SmartFarmRadar/install/radar_package/lib/python3.10/site-packages/radar_package/visualization
[2.335s] copying /home/dammr/Desktop/magister_ws/UC_SmartFarmRadar/build/radar_package/build/lib/radar_package/visualization/cartesian_plot.py -> /home/dammr/Desktop/magister_ws/UC_SmartFarmRadar/install/radar_package/lib/python3.10/site-packages/radar_package/visualization
[2.335s] copying /home/dammr/Desktop/magister_ws/UC_SmartFarmRadar/build/radar_package/build/lib/radar_package/visualization/__init__.py -> /home/dammr/Desktop/magister_ws/UC_SmartFarmRadar/install/radar_package/lib/python3.10/site-packages/radar_package/visualization
[2.335s] copying /home/dammr/Desktop/magister_ws/UC_SmartFarmRadar/build/radar_package/build/lib/radar_package/visualization/polar_visualizer2.py -> /home/dammr/Desktop/magister_ws/UC_SmartFarmRadar/install/radar_package/lib/python3.10/site-packages/radar_package/visualization
[2.335s] copying /home/dammr/Desktop/magister_ws/UC_SmartFarmRadar/build/radar_package/build/lib/radar_package/mosaic.py -> /home/dammr/Desktop/magister_ws/UC_SmartFarmRadar/install/radar_package/lib/python3.10/site-packages/radar_package
[2.335s] creating /home/dammr/Desktop/magister_ws/UC_SmartFarmRadar/install/radar_package/lib/python3.10/site-packages/radar_package/simulation
[2.335s] copying /home/dammr/Desktop/magister_ws/UC_SmartFarmRadar/build/radar_package/build/lib/radar_package/simulation/simulador_radar.py -> /home/dammr/Desktop/magister_ws/UC_SmartFarmRadar/install/radar_package/lib/python3.10/site-packages/radar_package/simulation
[2.335s] copying /home/dammr/Desktop/magister_ws/UC_SmartFarmRadar/build/radar_package/build/lib/radar_package/simulation/simulador_ptu.py -> /home/dammr/Desktop/magister_ws/UC_SmartFarmRadar/install/radar_package/lib/python3.10/site-packages/radar_package/simulation
[2.335s] copying /home/dammr/Desktop/magister_ws/UC_SmartFarmRadar/build/radar_package/build/lib/radar_package/simulation/__init__.py -> /home/dammr/Desktop/magister_ws/UC_SmartFarmRadar/install/radar_package/lib/python3.10/site-packages/radar_package/simulation
[2.335s] creating /home/dammr/Desktop/magister_ws/UC_SmartFarmRadar/install/radar_package/lib/python3.10/site-packages/radar_package/nodes
[2.336s] copying /home/dammr/Desktop/magister_ws/UC_SmartFarmRadar/build/radar_package/build/lib/radar_package/nodes/radar_node.py -> /home/dammr/Desktop/magister_ws/UC_SmartFarmRadar/install/radar_package/lib/python3.10/site-packages/radar_package/nodes
[2.336s] copying /home/dammr/Desktop/magister_ws/UC_SmartFarmRadar/build/radar_package/build/lib/radar_package/nodes/__init__.py -> /home/dammr/Desktop/magister_ws/UC_SmartFarmRadar/install/radar_package/lib/python3.10/site-packages/radar_package/nodes
[2.336s] copying /home/dammr/Desktop/magister_ws/UC_SmartFarmRadar/build/radar_package/build/lib/radar_package/tf_radar_base.py -> /home/dammr/Desktop/magister_ws/UC_SmartFarmRadar/install/radar_package/lib/python3.10/site-packages/radar_package
[2.336s] creating /home/dammr/Desktop/magister_ws/UC_SmartFarmRadar/install/radar_package/lib/python3.10/site-packages/radar_package/processing
[2.336s] copying /home/dammr/Desktop/magister_ws/UC_SmartFarmRadar/build/radar_package/build/lib/radar_package/processing/radar_map_accumulator.py -> /home/dammr/Desktop/magister_ws/UC_SmartFarmRadar/install/radar_package/lib/python3.10/site-packages/radar_package/processing
[2.336s] copying /home/dammr/Desktop/magister_ws/UC_SmartFarmRadar/build/radar_package/build/lib/radar_package/processing/target_detection_dbfs.py -> /home/dammr/Desktop/magister_ws/UC_SmartFarmRadar/install/radar_package/lib/python3.10/site-packages/radar_package/processing
[2.336s] copying /home/dammr/Desktop/magister_ws/UC_SmartFarmRadar/build/radar_package/build/lib/radar_package/processing/process_data_node.py -> /home/dammr/Desktop/magister_ws/UC_SmartFarmRadar/install/radar_package/lib/python3.10/site-packages/radar_package/processing
[2.336s] copying /home/dammr/Desktop/magister_ws/UC_SmartFarmRadar/build/radar_package/build/lib/radar_package/processing/data_processing.py -> /home/dammr/Desktop/magister_ws/UC_SmartFarmRadar/install/radar_package/lib/python3.10/site-packages/radar_package/processing
[2.336s] copying /home/dammr/Desktop/magister_ws/UC_SmartFarmRadar/build/radar_package/build/lib/radar_package/processing/__init__.py -> /home/dammr/Desktop/magister_ws/UC_SmartFarmRadar/install/radar_package/lib/python3.10/site-packages/radar_package/processing
[2.336s] copying /home/dammr/Desktop/magister_ws/UC_SmartFarmRadar/build/radar_package/build/lib/radar_package/processing/data_processing_node.py -> /home/dammr/Desktop/magister_ws/UC_SmartFarmRadar/install/radar_package/lib/python3.10/site-packages/radar_package/processing
[2.337s] creating /home/dammr/Desktop/magister_ws/UC_SmartFarmRadar/install/radar_package/lib/python3.10/site-packages/radar_package/utils
[2.337s] copying /home/dammr/Desktop/magister_ws/UC_SmartFarmRadar/build/radar_package/build/lib/radar_package/utils/medicion_fondo.py -> /home/dammr/Desktop/magister_ws/UC_SmartFarmRadar/install/radar_package/lib/python3.10/site-packages/radar_package/utils
[2.337s] copying /home/dammr/Desktop/magister_ws/UC_SmartFarmRadar/build/radar_package/build/lib/radar_package/utils/__init__.py -> /home/dammr/Desktop/magister_ws/UC_SmartFarmRadar/install/radar_package/lib/python3.10/site-packages/radar_package/utils
[2.337s] copying /home/dammr/Desktop/magister_ws/UC_SmartFarmRadar/build/radar_package/build/lib/radar_package/__init__.py -> /home/dammr/Desktop/magister_ws/UC_SmartFarmRadar/install/radar_package/lib/python3.10/site-packages/radar_package
[2.339s] byte-compiling /home/dammr/Desktop/magister_ws/UC_SmartFarmRadar/install/radar_package/lib/python3.10/site-packages/radar_package/visualization/polar_visualizer.py to polar_visualizer.cpython-310.pyc
[2.340s] byte-compiling /home/dammr/Desktop/magister_ws/UC_SmartFarmRadar/install/radar_package/lib/python3.10/site-packages/radar_package/visualization/mapa_cartesiano.py to mapa_cartesiano.cpython-310.pyc
[2.341s] byte-compiling /home/dammr/Desktop/magister_ws/UC_SmartFarmRadar/install/radar_package/lib/python3.10/site-packages/radar_package/visualization/waterfall.py to waterfall.cpython-310.pyc
[2.343s] byte-compiling /home/dammr/Desktop/magister_ws/UC_SmartFarmRadar/install/radar_package/lib/python3.10/site-packages/radar_package/visualization/radar_visualizer.py to radar_visualizer.cpython-310.pyc
[2.344s] byte-compiling /home/dammr/Desktop/magister_ws/UC_SmartFarmRadar/install/radar_package/lib/python3.10/site-packages/radar_package/visualization/cartesian_plot.py to cartesian_plot.cpython-310.pyc
[2.345s] byte-compiling /home/dammr/Desktop/magister_ws/UC_SmartFarmRadar/install/radar_package/lib/python3.10/site-packages/radar_package/visualization/__init__.py to __init__.cpython-310.pyc
[2.345s] byte-compiling /home/dammr/Desktop/magister_ws/UC_SmartFarmRadar/install/radar_package/lib/python3.10/site-packages/radar_package/visualization/polar_visualizer2.py to polar_visualizer2.cpython-310.pyc
[2.347s] byte-compiling /home/dammr/Desktop/magister_ws/UC_SmartFarmRadar/install/radar_package/lib/python3.10/site-packages/radar_package/mosaic.py to mosaic.cpython-310.pyc
[2.348s] byte-compiling /home/dammr/Desktop/magister_ws/UC_SmartFarmRadar/install/radar_package/lib/python3.10/site-packages/radar_package/simulation/simulador_radar.py to simulador_radar.cpython-310.pyc
[2.348s] byte-compiling /home/dammr/Desktop/magister_ws/UC_SmartFarmRadar/install/radar_package/lib/python3.10/site-packages/radar_package/simulation/simulador_ptu.py to simulador_ptu.cpython-310.pyc
[2.349s] byte-compiling /home/dammr/Desktop/magister_ws/UC_SmartFarmRadar/install/radar_package/lib/python3.10/site-packages/radar_package/simulation/__init__.py to __init__.cpython-310.pyc
[2.349s] byte-compiling /home/dammr/Desktop/magister_ws/UC_SmartFarmRadar/install/radar_package/lib/python3.10/site-packages/radar_package/nodes/radar_node.py to radar_node.cpython-310.pyc
[2.351s] byte-compiling /home/dammr/Desktop/magister_ws/UC_SmartFarmRadar/install/radar_package/lib/python3.10/site-packages/radar_package/nodes/__init__.py to __init__.cpython-310.pyc
[2.351s] byte-compiling /home/dammr/Desktop/magister_ws/UC_SmartFarmRadar/install/radar_package/lib/python3.10/site-packages/radar_package/tf_radar_base.py to tf_radar_base.cpython-310.pyc
[2.351s] byte-compiling /home/dammr/Desktop/magister_ws/UC_SmartFarmRadar/install/radar_package/lib/python3.10/site-packages/radar_package/processing/radar_map_accumulator.py to radar_map_accumulator.cpython-310.pyc
[2.353s] byte-compiling /home/dammr/Desktop/magister_ws/UC_SmartFarmRadar/install/radar_package/lib/python3.10/site-packages/radar_package/processing/target_detection_dbfs.py to target_detection_dbfs.cpython-310.pyc
[2.354s] byte-compiling /home/dammr/Desktop/magister_ws/UC_SmartFarmRadar/install/radar_package/lib/python3.10/site-packages/radar_package/processing/process_data_node.py to process_data_node.cpython-310.pyc
[2.354s] byte-compiling /home/dammr/Desktop/magister_ws/UC_SmartFarmRadar/install/radar_package/lib/python3.10/site-packages/radar_package/processing/data_processing.py to data_processing.cpython-310.pyc
[2.356s] byte-compiling /home/dammr/Desktop/magister_ws/UC_SmartFarmRadar/install/radar_package/lib/python3.10/site-packages/radar_package/processing/__init__.py to __init__.cpython-310.pyc
[2.356s] byte-compiling /home/dammr/Desktop/magister_ws/UC_SmartFarmRadar/install/radar_package/lib/python3.10/site-packages/radar_package/processing/data_processing_node.py to data_processing_node.cpython-310.pyc
[2.357s] byte-compiling /home/dammr/Desktop/magister_ws/UC_SmartFarmRadar/install/radar_package/lib/python3.10/site-packages/radar_package/utils/medicion_fondo.py to medicion_fondo.cpython-310.pyc
[2.358s] byte-compiling /home/dammr/Desktop/magister_ws/UC_SmartFarmRadar/install/radar_package/lib/python3.10/site-packages/radar_package/utils/__init__.py to __init__.cpython-310.pyc
[2.358s] byte-compiling /home/dammr/Desktop/magister_ws/UC_SmartFarmRadar/install/radar_package/lib/python3.10/site-packages/radar_package/__init__.py to __init__.cpython-310.pyc
[2.358s] running install_data
[2.358s] creating /home/dammr/Desktop/magister_ws/UC_SmartFarmRadar/install/radar_package/share/ament_index
[2.358s] creating /home/dammr/Desktop/magister_ws/UC_SmartFarmRadar/install/radar_package/share/ament_index/resource_index
[2.358s] creating /home/dammr/Desktop/magister_ws/UC_SmartFarmRadar/install/radar_package/share/ament_index/resource_index/packages
[2.358s] copying resource/radar_package -> /home/dammr/Desktop/magister_ws/UC_SmartFarmRadar/install/radar_package/share/ament_index/resource_index/packages
[2.359s] copying package.xml -> /home/dammr/Desktop/magister_ws/UC_SmartFarmRadar/install/radar_package/share/radar_package
[2.359s] creating /home/dammr/Desktop/magister_ws/UC_SmartFarmRadar/install/radar_package/share/radar_package/resource
[2.359s] copying resource/phase_cal_val.pkl -> /home/dammr/Desktop/magister_ws/UC_SmartFarmRadar/install/radar_package/share/radar_package/resource
[2.359s] copying resource/gain_cal_val.pkl -> /home/dammr/Desktop/magister_ws/UC_SmartFarmRadar/install/radar_package/share/radar_package/resource
[2.359s] copying resource/medicion_fondo_centro1.npy -> /home/dammr/Desktop/magister_ws/UC_SmartFarmRadar/install/radar_package/share/radar_package/resource
[2.364s] copying resource/medicion_fondo_centro2.npy -> /home/dammr/Desktop/magister_ws/UC_SmartFarmRadar/install/radar_package/share/radar_package/resource
[2.369s] copying resource/medicion_fondo_cielo.npy -> /home/dammr/Desktop/magister_ws/UC_SmartFarmRadar/install/radar_package/share/radar_package/resource
[2.373s] creating /home/dammr/Desktop/magister_ws/UC_SmartFarmRadar/install/radar_package/share/radar_package/launch
[2.373s] copying launch/launch.py -> /home/dammr/Desktop/magister_ws/UC_SmartFarmRadar/install/radar_package/share/radar_package/launch
[2.373s] creating /home/dammr/Desktop/magister_ws/UC_SmartFarmRadar/install/radar_package/share/radar_package/config
[2.374s] copying config/ptu.yaml -> /home/dammr/Desktop/magister_ws/UC_SmartFarmRadar/install/radar_package/share/radar_package/config
[2.374s] copying config/processing.yaml -> /home/dammr/Desktop/magister_ws/UC_SmartFarmRadar/install/radar_package/share/radar_package/config
[2.374s] copying config/radar.yaml -> /home/dammr/Desktop/magister_ws/UC_SmartFarmRadar/install/radar_package/share/radar_package/config
[2.374s] running install_egg_info
[2.378s] Copying ../build/radar_package/radar_package.egg-info to /home/dammr/Desktop/magister_ws/UC_SmartFarmRadar/install/radar_package/lib/python3.10/site-packages/radar_package-0.0.0-py3.10.egg-info
[2.379s] running install_scripts
[2.412s] Installing data_processing script to /home/dammr/Desktop/magister_ws/UC_SmartFarmRadar/install/radar_package/lib/radar_package
[2.412s] Installing data_processing_node script to /home/dammr/Desktop/magister_ws/UC_SmartFarmRadar/install/radar_package/lib/radar_package
[2.412s] Installing mapa_cartesiano script to /home/dammr/Desktop/magister_ws/UC_SmartFarmRadar/install/radar_package/lib/radar_package
[2.412s] Installing medicion_fondo script to /home/dammr/Desktop/magister_ws/UC_SmartFarmRadar/install/radar_package/lib/radar_package
[2.412s] Installing mosaic_node script to /home/dammr/Desktop/magister_ws/UC_SmartFarmRadar/install/radar_package/lib/radar_package
[2.412s] Installing polar_visualizer2 script to /home/dammr/Desktop/magister_ws/UC_SmartFarmRadar/install/radar_package/lib/radar_package
[2.412s] Installing process_data_node script to /home/dammr/Desktop/magister_ws/UC_SmartFarmRadar/install/radar_package/lib/radar_package
[2.412s] Installing radar_map_accumulator script to /home/dammr/Desktop/magister_ws/UC_SmartFarmRadar/install/radar_package/lib/radar_package
[2.413s] Installing radar_node script to /home/dammr/Desktop/magister_ws/UC_SmartFarmRadar/install/radar_package/lib/radar_package
[2.413s] Installing radar_visualizer script to /home/dammr/Desktop/magister_ws/UC_SmartFarmRadar/install/radar_package/lib/radar_package
[2.413s] Installing simulador_ptu script to /home/dammr/Desktop/magister_ws/UC_SmartFarmRadar/install/radar_package/lib/radar_package
[2.413s] Installing simulador_radar script to /home/dammr/Desktop/magister_ws/UC_SmartFarmRadar/install/radar_package/lib/radar_package
[2.413s] Installing waterfall script to /home/dammr/Desktop/magister_ws/UC_SmartFarmRadar/install/radar_package/lib/radar_package
[2.413s] writing list of installed files to '/home/dammr/Desktop/magister_ws/UC_SmartFarmRadar/build/radar_package/install.log'
[2.434s] Invoked command in '/home/dammr/Desktop/magister_ws/UC_SmartFarmRadar/radar_package' returned '0': CMAKE_PREFIX_PATH=/home/dammr/Desktop/magister_ws/UC_SmartFarmRadar/install/radar_msg:/home/dammr/Desktop/magister_ws/UC_SmartFarmRadar/install/robot_description:/home/dammr/Desktop/magister_ws/UC_SmartFarmRadar/install/ptu_driver:/home/dammr/ros2_humble/install/rosbag2_storage_mcap:/home/dammr/ros2_humble/install/rosbag2:/home/dammr/ros2_humble/install/rosbag2_compression_zstd:/home/dammr/ros2_humble/install/mcap_vendor:/home/dammr/ros2_humble/install/zstd_vendor:/home/dammr/ros2_humble/install/rviz_visual_testing_framework:/home/dammr/ros2_humble/install/rviz2:/home/dammr/ros2_humble/install/rviz_default_plugins:/home/dammr/ros2_humble/install/rviz_common:/home/dammr/ros2_humble/install/rosbag2_py:/home/dammr/ros2_humble/install/rosbag2_transport:/home/dammr/ros2_humble/install/rosbag2_storage_default_plugins:/home/dammr/ros2_humble/install/rosbag2_performance_benchmarking:/home/dammr/ros2_humble/install/rosbag2_compression:/home/dammr/ros2_humble/install/rosbag2_cpp:/home/dammr/ros2_humble/install/rosbag2_storage:/home/dammr/ros2_humble/install/image_common:/home/dammr/ros2_humble/install/camera_info_manager:/home/dammr/ros2_humble/install/camera_calibration_parsers:/home/dammr/ros2_humble/install/yaml_cpp_vendor:/home/dammr/ros2_humble/install/interactive_markers:/home/dammr/ros2_humble/install/common_interfaces:/home/dammr/ros2_humble/install/visualization_msgs:/home/dammr/ros2_humble/install/dummy_robot_bringup:/home/dammr/ros2_humble/install/robot_state_publisher:/home/dammr/ros2_humble/install/kdl_parser:/home/dammr/ros2_humble/install/urdf:/home/dammr/ros2_humble/install/urdfdom:/home/dammr/ros2_humble/install/urdf_parser_plugin:/home/dammr/ros2_humble/install/urdfdom_headers:/home/dammr/ros2_humble/install/turtlesim:/home/dammr/ros2_humble/install/geometry2:/home/dammr/ros2_humble/install/tf2_sensor_msgs:/home/dammr/ros2_humble/install/test_tf2:/home/dammr/ros2_humble/install/tf2_kdl:/home/dammr/ros2_humble/install/tf2_geometry_msgs:/home/dammr/ros2_humble/install/tf2_eigen:/home/dammr/ros2_humble/install/tf2_bullet:/home/dammr/ros2_humble/install/tf2_ros:/home/dammr/ros2_humble/install/tf2_py:/home/dammr/ros2_humble/install/tf2_msgs:/home/dammr/ros2_humble/install/test_msgs:/home/dammr/ros2_humble/install/sros2_cmake:/home/dammr/ros2_humble/install/ros2cli_common_extensions:/home/dammr/ros2_humble/install/rqt_py_common:/home/dammr/ros2_humble/install/rosbag2_storage_mcap_testdata:/home/dammr/ros2_humble/install/ros_testing:/home/dammr/ros2_humble/install/ros2cli_test_interfaces:/home/dammr/ros2_humble/install/quality_of_service_demo_cpp:/home/dammr/ros2_humble/install/image_transport:/home/dammr/ros2_humble/install/message_filters:/home/dammr/ros2_humble/install/demo_nodes_cpp:/home/dammr/ros2_humble/install/composition:/home/dammr/ros2_humble/install/laser_geometry:/home/dammr/ros2_humble/install/rclpy:/home/dammr/ros2_humble/install/examples_rclcpp_minimal_action_server:/home/dammr/ros2_humble/install/examples_rclcpp_minimal_action_client:/home/dammr/ros2_humble/install/action_tutorials_cpp:/home/dammr/ros2_humble/install/rclcpp_action:/home/dammr/ros2_humble/install/rcl_action:/home/dammr/ros2_humble/install/examples_rclcpp_wait_set:/home/dammr/ros2_humble/install/examples_rclcpp_minimal_service:/home/dammr/ros2_humble/install/examples_rclcpp_minimal_client:/home/dammr/ros2_humble/install/examples_rclcpp_async_client:/home/dammr/ros2_humble/install/example_interfaces:/home/dammr/ros2_humble/install/action_tutorials_interfaces:/home/dammr/ros2_humble/install/action_msgs:/home/dammr/ros2_humble/install/unique_identifier_msgs:/home/dammr/ros2_humble/install/ament_lint_common:/home/dammr/ros2_humble/install/ament_cmake_uncrustify:/home/dammr/ros2_humble/install/uncrustify_vendor:/home/dammr/ros2_humble/install/trajectory_msgs:/home/dammr/ros2_humble/install/topic_statistics_demo:/home/dammr/ros2_humble/install/pendulum_control:/home/dammr/ros2_humble/install/tlsf_cpp:/home/dammr/ros2_humble/install/test_tracetools:/home/dammr/ros2_humble/install/rqt_gui_cpp:/home/dammr/ros2_humble/install/rosbag2_test_common:/home/dammr/ros2_humble/install/ros2lifecycle_test_fixtures:/home/dammr/ros2_humble/install/lifecycle:/home/dammr/ros2_humble/install/rclcpp_lifecycle:/home/dammr/ros2_humble/install/logging_demo:/home/dammr/ros2_humble/install/image_tools:/home/dammr/ros2_humble/install/examples_rclcpp_minimal_subscriber:/home/dammr/ros2_humble/install/examples_rclcpp_minimal_composition:/home/dammr/ros2_humble/install/demo_nodes_cpp_native:/home/dammr/ros2_humble/install/rclcpp_components:/home/dammr/ros2_humble/install/intra_process_demo:/home/dammr/ros2_humble/install/examples_rclcpp_multithreaded_executor:/home/dammr/ros2_humble/install/examples_rclcpp_minimal_timer:/home/dammr/ros2_humble/install/examples_rclcpp_minimal_publisher:/home/dammr/ros2_humble/install/examples_rclcpp_cbg_executor:/home/dammr/ros2_humble/install/dummy_sensors:/home/dammr/ros2_humble/install/dummy_map_server:/home/dammr/ros2_humble/install/rclcpp:/home/dammr/ros2_humble/install/rcl_lifecycle:/home/dammr/ros2_humble/install/libstatistics_collector:/home/dammr/ros2_humble/install/rcl:/home/dammr/ros2_humble/install/rmw_implementation:/home/dammr/ros2_humble/install/rmw_fastrtps_dynamic_cpp:/home/dammr/ros2_humble/install/rmw_fastrtps_cpp:/home/dammr/ros2_humble/install/rmw_fastrtps_shared_cpp:/home/dammr/ros2_humble/install/rmw_cyclonedds_cpp:/home/dammr/ros2_humble/install/tracetools:/home/dammr/ros2_humble/install/tlsf:/home/dammr/ros2_humble/install/tinyxml_vendor:/home/dammr/ros2_humble/install/qt_gui_core:/home/dammr/ros2_humble/install/qt_gui_cpp:/home/dammr/ros2_humble/install/pluginlib:/home/dammr/ros2_humble/install/tinyxml2_vendor:/home/dammr/ros2_humble/install/tf2_eigen_kdl:/home/dammr/ros2_humble/install/tf2:/home/dammr/ros2_humble/install/test_security:/home/dammr/ros2_humble/install/test_rmw_implementation:/home/dammr/ros2_humble/install/test_rclcpp:/home/dammr/ros2_humble/install/test_quality_of_service:/home/dammr/ros2_humble/install/test_launch_testing:/home/dammr/ros2_humble/install/test_interface_files:/home/dammr/ros2_humble/install/test_communication:/home/dammr/ros2_humble/install/test_cli_remapping:/home/dammr/ros2_humble/install/test_cli:/home/dammr/ros2_humble/install/qt_gui_app:/home/dammr/ros2_humble/install/qt_gui:/home/dammr/ros2_humble/install/tango_icons_vendor:/home/dammr/ros2_humble/install/stereo_msgs:/home/dammr/ros2_humble/install/std_srvs:/home/dammr/ros2_humble/install/shape_msgs:/home/dammr/ros2_humble/install/map_msgs:/home/dammr/ros2_humble/install/sensor_msgs:/home/dammr/ros2_humble/install/nav_msgs:/home/dammr/ros2_humble/install/diagnostic_msgs:/home/dammr/ros2_humble/install/geometry_msgs:/home/dammr/ros2_humble/install/actionlib_msgs:/home/dammr/ros2_humble/install/std_msgs:/home/dammr/ros2_humble/install/statistics_msgs:/home/dammr/ros2_humble/install/sqlite3_vendor:/home/dammr/ros2_humble/install/rcl_logging_spdlog:/home/dammr/ros2_humble/install/spdlog_vendor:/home/dammr/ros2_humble/install/shared_queues_vendor:/home/dammr/ros2_humble/install/rviz_rendering_tests:/home/dammr/ros2_humble/install/rviz_rendering:/home/dammr/ros2_humble/install/rviz_ogre_vendor:/home/dammr/ros2_humble/install/rviz_assimp_vendor:/home/dammr/ros2_humble/install/rttest:/home/dammr/ros2_humble/install/rmw_connextddsmicro:/home/dammr/ros2_humble/install/rmw_connextdds:/home/dammr/ros2_humble/install/rmw_connextdds_common:/home/dammr/ros2_humble/install/rti_connext_dds_cmake_module:/home/dammr/ros2_humble/install/rosgraph_msgs:/home/dammr/ros2_humble/install/rosbag2_interfaces:/home/dammr/ros2_humble/install/rmw_dds_common:/home/dammr/ros2_humble/install/composition_interfaces:/home/dammr/ros2_humble/install/rcl_interfaces:/home/dammr/ros2_humble/install/pendulum_msgs:/home/dammr/ros2_humble/install/lifecycle_msgs:/home/dammr/ros2_humble/install/builtin_interfaces:/home/dammr/ros2_humble/install/rosidl_default_runtime:/home/dammr/ros2_humble/install/rosidl_default_generators:/home/dammr/ros2_humble/install/rosidl_generator_py:/home/dammr/ros2_humble/install/rosidl_typesupport_introspection_tests:/home/dammr/ros2_humble/install/rosidl_typesupport_cpp:/home/dammr/ros2_humble/install/rosidl_typesupport_introspection_cpp:/home/dammr/ros2_humble/install/rosidl_typesupport_c:/home/dammr/ros2_humble/install/rosidl_typesupport_introspection_c:/home/dammr/ros2_humble/install/rosidl_typesupport_fastrtps_c:/home/dammr/ros2_humble/install/rosidl_typesupport_fastrtps_cpp:/home/dammr/ros2_humble/install/rosidl_generator_cpp:/home/dammr/ros2_humble/install/rosidl_runtime_cpp:/home/dammr/ros2_humble/install/rcl_yaml_param_parser:/home/dammr/ros2_humble/install/rmw:/home/dammr/ros2_humble/install/rosidl_runtime_c:/home/dammr/ros2_humble/install/rosidl_generator_c:/home/dammr/ros2_humble/install/rosidl_typesupport_interface:/home/dammr/ros2_humble/install/rosidl_generator_dds_idl:/home/dammr/ros2_humble/install/rosidl_cmake:/home/dammr/ros2_humble/install/rosidl_parser:/home/dammr/ros2_humble/install/rosidl_adapter:/home/dammr/ros2_humble/install/rosbag2_tests:/home/dammr/ros2_humble/install/ros_environment:/home/dammr/ros2_humble/install/rmw_implementation_cmake:/home/dammr/ros2_humble/install/resource_retriever:/home/dammr/ros2_humble/install/class_loader:/home/dammr/ros2_humble/install/rcpputils:/home/dammr/ros2_humble/install/rcl_logging_noop:/home/dammr/ros2_humble/install/rcl_logging_interface:/home/dammr/ros2_humble/install/rcutils:/home/dammr/ros2_humble/install/qt_gui_py_common:/home/dammr/ros2_humble/install/qt_dotgraph:/home/dammr/ros2_humble/install/python_qt_binding:/home/dammr/ros2_humble/install/python_orocos_kdl_vendor:/home/dammr/ros2_humble/install/launch_testing_ament_cmake:/home/dammr/ros2_humble/install/python_cmake_module:/home/dammr/ros2_humble/install/pybind11_vendor:/home/dammr/ros2_humble/install/performance_test_fixture:/home/dammr/ros2_humble/install/osrf_testing_tools_cpp:/home/dammr/ros2_humble/install/orocos_kdl_vendor:/home/dammr/ros2_humble/install/mimick_vendor:/home/dammr/ros2_humble/install/libyaml_vendor:/home/dammr/ros2_humble/install/libcurl_vendor:/home/dammr/ros2_humble/install/keyboard_handler:/home/dammr/ros2_humble/install/iceoryx_introspection:/home/dammr/ros2_humble/install/cyclonedds:/home/dammr/ros2_humble/install/iceoryx_posh:/home/dammr/ros2_humble/install/iceoryx_hoofs:/home/dammr/ros2_humble/install/iceoryx_binding_c:/home/dammr/ros2_humble/install/ament_cmake_ros:/home/dammr/ros2_humble/install/ament_cmake_auto:/home/dammr/ros2_humble/install/ament_cmake_gmock:/home/dammr/ros2_humble/install/gmock_vendor:/home/dammr/ros2_humble/install/ament_cmake_gtest:/home/dammr/ros2_humble/install/gtest_vendor:/home/dammr/ros2_humble/install/ament_cmake_google_benchmark:/home/dammr/ros2_humble/install/google_benchmark_vendor:/home/dammr/ros2_humble/install/fastrtps:/home/dammr/ros2_humble/install/foonathan_memory_vendor:/home/dammr/ros2_humble/install/fastrtps_cmake_module:/home/dammr/ros2_humble/install/fastcdr:/home/dammr/ros2_humble/install/eigen3_cmake_module:/home/dammr/ros2_humble/install/console_bridge_vendor:/home/dammr/ros2_humble/install/ament_cmake_xmllint:/home/dammr/ros2_humble/install/ament_cmake_pyflakes:/home/dammr/ros2_humble/install/ament_cmake_pycodestyle:/home/dammr/ros2_humble/install/ament_cmake_pep257:/home/dammr/ros2_humble/install/ament_cmake_pclint:/home/dammr/ros2_humble/install/ament_lint_auto:/home/dammr/ros2_humble/install/ament_cmake:/home/dammr/ros2_humble/install/ament_cmake_version:/home/dammr/ros2_humble/install/ament_cmake_vendor_package:/home/dammr/ros2_humble/install/ament_cmake_pytest:/home/dammr/ros2_humble/install/ament_cmake_nose:/home/dammr/ros2_humble/install/ament_cmake_mypy:/home/dammr/ros2_humble/install/ament_cmake_lint_cmake:/home/dammr/ros2_humble/install/ament_cmake_flake8:/home/dammr/ros2_humble/install/ament_cmake_cpplint:/home/dammr/ros2_humble/install/ament_cmake_cppcheck:/home/dammr/ros2_humble/install/ament_cmake_copyright:/home/dammr/ros2_humble/install/ament_cmake_clang_tidy:/home/dammr/ros2_humble/install/ament_cmake_clang_format:/home/dammr/ros2_humble/install/ament_cmake_test:/home/dammr/ros2_humble/install/ament_cmake_target_dependencies:/home/dammr/ros2_humble/install/ament_cmake_python:/home/dammr/ros2_humble/install/ament_cmake_export_dependencies:/home/dammr/ros2_humble/install/ament_cmake_libraries:/home/dammr/ros2_humble/install/ament_cmake_include_directories:/home/dammr/ros2_humble/install/ament_cmake_gen_version_h:/home/dammr/ros2_humble/install/ament_cmake_export_targets:/home/dammr/ros2_humble/install/ament_cmake_export_link_flags:/home/dammr/ros2_humble/install/ament_cmake_export_interfaces:/home/dammr/ros2_humble/install/ament_cmake_export_libraries:/home/dammr/ros2_humble/install/ament_cmake_export_include_directories:/home/dammr/ros2_humble/install/ament_cmake_export_definitions:/home/dammr/ros2_humble/install/ament_cmake_core:/home/dammr/ros2_humble/install/ament_index_cpp PYTHONPATH=/home/dammr/Desktop/magister_ws/UC_SmartFarmRadar/build/radar_package/prefix_override:/usr/lib/python3/dist-packages/colcon_core/task/python/colcon_distutils_commands:/home/dammr/Desktop/magister_ws/UC_SmartFarmRadar/install/radar_package/lib/python3.10/site-packages:${PYTHONPATH} /usr/bin/python3 -W ignore:setup.py install is deprecated -W ignore:easy_install command is deprecated setup.py egg_info --egg-base ../build/radar_package build --build-base /home/dammr/Desktop/magister_ws/UC_SmartFarmRadar/build/radar_package/build install --record /home/dammr/Desktop/magister_ws/UC_SmartFarmRadar/build/radar_package/install.log --single-version-externally-managed install_data
