running egg_info
writing ../build/radar_package/radar_package.egg-info/PKG-INFO
writing dependency_links to ../build/radar_package/radar_package.egg-info/dependency_links.txt
writing entry points to ../build/radar_package/radar_package.egg-info/entry_points.txt
writing requirements to ../build/radar_package/radar_package.egg-info/requires.txt
writing top-level names to ../build/radar_package/radar_package.egg-info/top_level.txt
reading manifest file '../build/radar_package/radar_package.egg-info/SOURCES.txt'
writing manifest file '../build/radar_package/radar_package.egg-info/SOURCES.txt'
running build
running build_py
copying radar_package/visualization/radar_visualizer.py -> /home/dammr/Desktop/magister_ws/UC_SmartFarmRadar/build/radar_package/build/lib/radar_package/visualization
copying radar_package/visualization/radar_polar_visualizer.py -> /home/dammr/Desktop/magister_ws/UC_SmartFarmRadar/build/radar_package/build/lib/radar_package/visualization
running install
running install_lib
copying /home/dammr/Desktop/magister_ws/UC_SmartFarmRadar/build/radar_package/build/lib/radar_package/visualization/radar_visualizer.py -> /home/dammr/Desktop/magister_ws/UC_SmartFarmRadar/install/radar_package/lib/python3.10/site-packages/radar_package/visualization
copying /home/dammr/Desktop/magister_ws/UC_SmartFarmRadar/build/radar_package/build/lib/radar_package/visualization/radar_polar_visualizer.py -> /home/dammr/Desktop/magister_ws/UC_SmartFarmRadar/install/radar_package/lib/python3.10/site-packages/radar_package/visualization
byte-compiling /home/dammr/Desktop/magister_ws/UC_SmartFarmRadar/install/radar_package/lib/python3.10/site-packages/radar_package/visualization/radar_visualizer.py to radar_visualizer.cpython-310.pyc
byte-compiling /home/dammr/Desktop/magister_ws/UC_SmartFarmRadar/install/radar_package/lib/python3.10/site-packages/radar_package/visualization/radar_polar_visualizer.py to radar_polar_visualizer.cpython-310.pyc
running install_data
running install_egg_info
removing '/home/dammr/Desktop/magister_ws/UC_SmartFarmRadar/install/radar_package/lib/python3.10/site-packages/radar_package-0.0.0-py3.10.egg-info' (and everything under it)
Copying ../build/radar_package/radar_package.egg-info to /home/dammr/Desktop/magister_ws/UC_SmartFarmRadar/install/radar_package/lib/python3.10/site-packages/radar_package-0.0.0-py3.10.egg-info
running install_scripts
Installing data_processing script to /home/dammr/Desktop/magister_ws/UC_SmartFarmRadar/install/radar_package/lib/radar_package
Installing data_processing_node script to /home/dammr/Desktop/magister_ws/UC_SmartFarmRadar/install/radar_package/lib/radar_package
Installing mapa_cartesiano script to /home/dammr/Desktop/magister_ws/UC_SmartFarmRadar/install/radar_package/lib/radar_package
Installing medicion_fondo script to /home/dammr/Desktop/magister_ws/UC_SmartFarmRadar/install/radar_package/lib/radar_package
Installing mosaic_node script to /home/dammr/Desktop/magister_ws/UC_SmartFarmRadar/install/radar_package/lib/radar_package
Installing process_data_node script to /home/dammr/Desktop/magister_ws/UC_SmartFarmRadar/install/radar_package/lib/radar_package
Installing radar_map_accumulator script to /home/dammr/Desktop/magister_ws/UC_SmartFarmRadar/install/radar_package/lib/radar_package
Installing radar_node script to /home/dammr/Desktop/magister_ws/UC_SmartFarmRadar/install/radar_package/lib/radar_package
Installing radar_polar_visualizer script to /home/dammr/Desktop/magister_ws/UC_SmartFarmRadar/install/radar_package/lib/radar_package
Installing radar_raw_visualizer script to /home/dammr/Desktop/magister_ws/UC_SmartFarmRadar/install/radar_package/lib/radar_package
Installing radar_visualizer script to /home/dammr/Desktop/magister_ws/UC_SmartFarmRadar/install/radar_package/lib/radar_package
Installing simulador_ptu script to /home/dammr/Desktop/magister_ws/UC_SmartFarmRadar/install/radar_package/lib/radar_package
Installing simulador_radar script to /home/dammr/Desktop/magister_ws/UC_SmartFarmRadar/install/radar_package/lib/radar_package
Installing waterfall script to /home/dammr/Desktop/magister_ws/UC_SmartFarmRadar/install/radar_package/lib/radar_package
writing list of installed files to '/home/dammr/Desktop/magister_ws/UC_SmartFarmRadar/build/radar_package/install.log'
