/home/dammr/Desktop/magister_ws/UC_SmartFarmRadar/install/state_machine/lib/python3.10/site-packages/state_machine/active_ptu_radar2.py
/home/dammr/Desktop/magister_ws/UC_SmartFarmRadar/install/state_machine/lib/python3.10/site-packages/state_machine/state_machine.py
/home/dammr/Desktop/magister_ws/UC_SmartFarmRadar/install/state_machine/lib/python3.10/site-packages/state_machine/active_radar.py
/home/dammr/Desktop/magister_ws/UC_SmartFarmRadar/install/state_machine/lib/python3.10/site-packages/state_machine/active_ptu_radar.py
/home/dammr/Desktop/magister_ws/UC_SmartFarmRadar/install/state_machine/lib/python3.10/site-packages/state_machine/__init__.py
/home/dammr/Desktop/magister_ws/UC_SmartFarmRadar/install/state_machine/lib/python3.10/site-packages/state_machine/__pycache__/active_ptu_radar2.cpython-310.pyc
/home/dammr/Desktop/magister_ws/UC_SmartFarmRadar/install/state_machine/lib/python3.10/site-packages/state_machine/__pycache__/state_machine.cpython-310.pyc
/home/dammr/Desktop/magister_ws/UC_SmartFarmRadar/install/state_machine/lib/python3.10/site-packages/state_machine/__pycache__/active_radar.cpython-310.pyc
/home/dammr/Desktop/magister_ws/UC_SmartFarmRadar/install/state_machine/lib/python3.10/site-packages/state_machine/__pycache__/active_ptu_radar.cpython-310.pyc
/home/dammr/Desktop/magister_ws/UC_SmartFarmRadar/install/state_machine/lib/python3.10/site-packages/state_machine/__pycache__/__init__.cpython-310.pyc
/home/dammr/Desktop/magister_ws/UC_SmartFarmRadar/install/state_machine/share/ament_index/resource_index/packages/state_machine
/home/dammr/Desktop/magister_ws/UC_SmartFarmRadar/install/state_machine/share/state_machine/package.xml
/home/dammr/Desktop/magister_ws/UC_SmartFarmRadar/install/state_machine/lib/python3.10/site-packages/state_machine-0.0.0-py3.10.egg-info/PKG-INFO
/home/dammr/Desktop/magister_ws/UC_SmartFarmRadar/install/state_machine/lib/python3.10/site-packages/state_machine-0.0.0-py3.10.egg-info/dependency_links.txt
/home/dammr/Desktop/magister_ws/UC_SmartFarmRadar/install/state_machine/lib/python3.10/site-packages/state_machine-0.0.0-py3.10.egg-info/requires.txt
/home/dammr/Desktop/magister_ws/UC_SmartFarmRadar/install/state_machine/lib/python3.10/site-packages/state_machine-0.0.0-py3.10.egg-info/zip-safe
/home/dammr/Desktop/magister_ws/UC_SmartFarmRadar/install/state_machine/lib/python3.10/site-packages/state_machine-0.0.0-py3.10.egg-info/SOURCES.txt
/home/dammr/Desktop/magister_ws/UC_SmartFarmRadar/install/state_machine/lib/python3.10/site-packages/state_machine-0.0.0-py3.10.egg-info/entry_points.txt
/home/dammr/Desktop/magister_ws/UC_SmartFarmRadar/install/state_machine/lib/python3.10/site-packages/state_machine-0.0.0-py3.10.egg-info/top_level.txt
/home/dammr/Desktop/magister_ws/UC_SmartFarmRadar/install/state_machine/lib/state_machine/active_ptu_radar
/home/dammr/Desktop/magister_ws/UC_SmartFarmRadar/install/state_machine/lib/state_machine/active_radar
/home/dammr/Desktop/magister_ws/UC_SmartFarmRadar/install/state_machine/lib/state_machine/state_machine
