[1.835s] Invoking command in '/home/dammr/Desktop/magister_ws/UC_SmartFarmRadar/ptu_package': AMENT_PREFIX_PATH=/home/dammr/Desktop/magister_ws/UC_SmartFarmRadar/install/radar_msg:${AMENT_PREFIX_PATH} CMAKE_PREFIX_PATH=/home/dammr/Desktop/magister_ws/UC_SmartFarmRadar/install/radar_msg:${CMAKE_PREFIX_PATH} LD_LIBRARY_PATH=/home/dammr/Desktop/magister_ws/UC_SmartFarmRadar/install/radar_msg/lib:${LD_LIBRARY_PATH} PYTHONPATH=/home/dammr/Desktop/magister_ws/UC_SmartFarmRadar/build/ptu_package/prefix_override:/usr/lib/python3/dist-packages/colcon_core/task/python/colcon_distutils_commands:/home/dammr/Desktop/magister_ws/UC_SmartFarmRadar/install/ptu_package/lib/python3.10/site-packages:/home/dammr/Desktop/magister_ws/UC_SmartFarmRadar/install/radar_msg/local/lib/python3.10/dist-packages:${PYTHONPATH} /usr/bin/python3 -W ignore:setup.py install is deprecated -W ignore:easy_install command is deprecated setup.py egg_info --egg-base ../build/ptu_package build --build-base /home/dammr/Desktop/magister_ws/UC_SmartFarmRadar/build/ptu_package/build install --record /home/dammr/Desktop/magister_ws/UC_SmartFarmRadar/build/ptu_package/install.log --single-version-externally-managed install_data
[2.197s] running egg_info
[2.197s] writing ../build/ptu_package/ptu_package.egg-info/PKG-INFO
[2.197s] writing dependency_links to ../build/ptu_package/ptu_package.egg-info/dependency_links.txt
[2.198s] writing entry points to ../build/ptu_package/ptu_package.egg-info/entry_points.txt
[2.198s] writing requirements to ../build/ptu_package/ptu_package.egg-info/requires.txt
[2.198s] writing top-level names to ../build/ptu_package/ptu_package.egg-info/top_level.txt
[2.199s] reading manifest file '../build/ptu_package/ptu_package.egg-info/SOURCES.txt'
[2.200s] writing manifest file '../build/ptu_package/ptu_package.egg-info/SOURCES.txt'
[2.200s] running build
[2.200s] running build_py
[2.200s] running install
[2.200s] running install_lib
[2.205s] running install_data
[2.205s] running install_egg_info
[2.209s] removing '/home/dammr/Desktop/magister_ws/UC_SmartFarmRadar/install/ptu_package/lib/python3.10/site-packages/ptu_package-0.0.0-py3.10.egg-info' (and everything under it)
[2.209s] Copying ../build/ptu_package/ptu_package.egg-info to /home/dammr/Desktop/magister_ws/UC_SmartFarmRadar/install/ptu_package/lib/python3.10/site-packages/ptu_package-0.0.0-py3.10.egg-info
[2.210s] running install_scripts
[2.241s] Installing ptu_node script to /home/dammr/Desktop/magister_ws/UC_SmartFarmRadar/install/ptu_package/lib/ptu_package
[2.241s] writing list of installed files to '/home/dammr/Desktop/magister_ws/UC_SmartFarmRadar/build/ptu_package/install.log'
[2.262s] Invoked command in '/home/dammr/Desktop/magister_ws/UC_SmartFarmRadar/ptu_package' returned '0': AMENT_PREFIX_PATH=/home/dammr/Desktop/magister_ws/UC_SmartFarmRadar/install/radar_msg:${AMENT_PREFIX_PATH} CMAKE_PREFIX_PATH=/home/dammr/Desktop/magister_ws/UC_SmartFarmRadar/install/radar_msg:${CMAKE_PREFIX_PATH} LD_LIBRARY_PATH=/home/dammr/Desktop/magister_ws/UC_SmartFarmRadar/install/radar_msg/lib:${LD_LIBRARY_PATH} PYTHONPATH=/home/dammr/Desktop/magister_ws/UC_SmartFarmRadar/build/ptu_package/prefix_override:/usr/lib/python3/dist-packages/colcon_core/task/python/colcon_distutils_commands:/home/dammr/Desktop/magister_ws/UC_SmartFarmRadar/install/ptu_package/lib/python3.10/site-packages:/home/dammr/Desktop/magister_ws/UC_SmartFarmRadar/install/radar_msg/local/lib/python3.10/dist-packages:${PYTHONPATH} /usr/bin/python3 -W ignore:setup.py install is deprecated -W ignore:easy_install command is deprecated setup.py egg_info --egg-base ../build/ptu_package build --build-base /home/dammr/Desktop/magister_ws/UC_SmartFarmRadar/build/ptu_package/build install --record /home/dammr/Desktop/magister_ws/UC_SmartFarmRadar/build/ptu_package/install.log --single-version-externally-managed install_data
