[1.833s] Invoking command in '/home/dammr/Desktop/magister_ws/UC_SmartFarmRadar/radar_package': AMENT_PREFIX_PATH=/home/dammr/Desktop/magister_ws/UC_SmartFarmRadar/install/radar_msg:${AMENT_PREFIX_PATH} CMAKE_PREFIX_PATH=/home/dammr/Desktop/magister_ws/UC_SmartFarmRadar/install/radar_msg:${CMAKE_PREFIX_PATH} LD_LIBRARY_PATH=/home/dammr/Desktop/magister_ws/UC_SmartFarmRadar/install/radar_msg/lib:${LD_LIBRARY_PATH} PYTHONPATH=/home/dammr/Desktop/magister_ws/UC_SmartFarmRadar/build/radar_package/prefix_override:/usr/lib/python3/dist-packages/colcon_core/task/python/colcon_distutils_commands:/home/dammr/Desktop/magister_ws/UC_SmartFarmRadar/install/radar_package/lib/python3.10/site-packages:/home/dammr/Desktop/magister_ws/UC_SmartFarmRadar/install/radar_msg/local/lib/python3.10/dist-packages:${PYTHONPATH} /usr/bin/python3 -W ignore:setup.py install is deprecated -W ignore:easy_install command is deprecated setup.py egg_info --egg-base ../build/radar_package build --build-base /home/dammr/Desktop/magister_ws/UC_SmartFarmRadar/build/radar_package/build install --record /home/dammr/Desktop/magister_ws/UC_SmartFarmRadar/build/radar_package/install.log --single-version-externally-managed install_data
[2.195s] running egg_info
[2.196s] writing ../build/radar_package/radar_package.egg-info/PKG-INFO
[2.196s] writing dependency_links to ../build/radar_package/radar_package.egg-info/dependency_links.txt
[2.196s] writing entry points to ../build/radar_package/radar_package.egg-info/entry_points.txt
[2.196s] writing requirements to ../build/radar_package/radar_package.egg-info/requires.txt
[2.197s] writing top-level names to ../build/radar_package/radar_package.egg-info/top_level.txt
[2.198s] reading manifest file '../build/radar_package/radar_package.egg-info/SOURCES.txt'
[2.199s] writing manifest file '../build/radar_package/radar_package.egg-info/SOURCES.txt'
[2.199s] running build
[2.199s] running build_py
[2.200s] copying radar_package/visualization/polar_visualizer2.py -> /home/dammr/Desktop/magister_ws/UC_SmartFarmRadar/build/radar_package/build/lib/radar_package/visualization
[2.201s] running install
[2.201s] running install_lib
[2.202s] copying /home/dammr/Desktop/magister_ws/UC_SmartFarmRadar/build/radar_package/build/lib/radar_package/visualization/polar_visualizer2.py -> /home/dammr/Desktop/magister_ws/UC_SmartFarmRadar/install/radar_package/lib/python3.10/site-packages/radar_package/visualization
[2.204s] byte-compiling /home/dammr/Desktop/magister_ws/UC_SmartFarmRadar/install/radar_package/lib/python3.10/site-packages/radar_package/visualization/polar_visualizer2.py to polar_visualizer2.cpython-310.pyc
[2.206s] running install_data
[2.206s] copying launch/launch.py -> /home/dammr/Desktop/magister_ws/UC_SmartFarmRadar/install/radar_package/share/radar_package/launch
[2.207s] running install_egg_info
[2.209s] removing '/home/dammr/Desktop/magister_ws/UC_SmartFarmRadar/install/radar_package/lib/python3.10/site-packages/radar_package-0.0.0-py3.10.egg-info' (and everything under it)
[2.210s] Copying ../build/radar_package/radar_package.egg-info to /home/dammr/Desktop/magister_ws/UC_SmartFarmRadar/install/radar_package/lib/python3.10/site-packages/radar_package-0.0.0-py3.10.egg-info
[2.211s] running install_scripts
[2.242s] Installing data_processing script to /home/dammr/Desktop/magister_ws/UC_SmartFarmRadar/install/radar_package/lib/radar_package
[2.242s] Installing data_processing_node script to /home/dammr/Desktop/magister_ws/UC_SmartFarmRadar/install/radar_package/lib/radar_package
[2.242s] Installing mapa_cartesiano script to /home/dammr/Desktop/magister_ws/UC_SmartFarmRadar/install/radar_package/lib/radar_package
[2.243s] Installing medicion_fondo script to /home/dammr/Desktop/magister_ws/UC_SmartFarmRadar/install/radar_package/lib/radar_package
[2.243s] Installing mosaic_node script to /home/dammr/Desktop/magister_ws/UC_SmartFarmRadar/install/radar_package/lib/radar_package
[2.243s] Installing polar_visualizer2 script to /home/dammr/Desktop/magister_ws/UC_SmartFarmRadar/install/radar_package/lib/radar_package
[2.243s] Installing process_data_node script to /home/dammr/Desktop/magister_ws/UC_SmartFarmRadar/install/radar_package/lib/radar_package
[2.243s] Installing radar_map_accumulator script to /home/dammr/Desktop/magister_ws/UC_SmartFarmRadar/install/radar_package/lib/radar_package
[2.243s] Installing radar_node script to /home/dammr/Desktop/magister_ws/UC_SmartFarmRadar/install/radar_package/lib/radar_package
[2.243s] Installing radar_visualizer script to /home/dammr/Desktop/magister_ws/UC_SmartFarmRadar/install/radar_package/lib/radar_package
[2.243s] Installing simulador_ptu script to /home/dammr/Desktop/magister_ws/UC_SmartFarmRadar/install/radar_package/lib/radar_package
[2.243s] Installing simulador_radar script to /home/dammr/Desktop/magister_ws/UC_SmartFarmRadar/install/radar_package/lib/radar_package
[2.243s] Installing waterfall script to /home/dammr/Desktop/magister_ws/UC_SmartFarmRadar/install/radar_package/lib/radar_package
[2.243s] writing list of installed files to '/home/dammr/Desktop/magister_ws/UC_SmartFarmRadar/build/radar_package/install.log'
[2.293s] Invoked command in '/home/dammr/Desktop/magister_ws/UC_SmartFarmRadar/radar_package' returned '0': AMENT_PREFIX_PATH=/home/dammr/Desktop/magister_ws/UC_SmartFarmRadar/install/radar_msg:${AMENT_PREFIX_PATH} CMAKE_PREFIX_PATH=/home/dammr/Desktop/magister_ws/UC_SmartFarmRadar/install/radar_msg:${CMAKE_PREFIX_PATH} LD_LIBRARY_PATH=/home/dammr/Desktop/magister_ws/UC_SmartFarmRadar/install/radar_msg/lib:${LD_LIBRARY_PATH} PYTHONPATH=/home/dammr/Desktop/magister_ws/UC_SmartFarmRadar/build/radar_package/prefix_override:/usr/lib/python3/dist-packages/colcon_core/task/python/colcon_distutils_commands:/home/dammr/Desktop/magister_ws/UC_SmartFarmRadar/install/radar_package/lib/python3.10/site-packages:/home/dammr/Desktop/magister_ws/UC_SmartFarmRadar/install/radar_msg/local/lib/python3.10/dist-packages:${PYTHONPATH} /usr/bin/python3 -W ignore:setup.py install is deprecated -W ignore:easy_install command is deprecated setup.py egg_info --egg-base ../build/radar_package build --build-base /home/dammr/Desktop/magister_ws/UC_SmartFarmRadar/build/radar_package/build install --record /home/dammr/Desktop/magister_ws/UC_SmartFarmRadar/build/radar_package/install.log --single-version-externally-managed install_data
