[0.059s] Invoking command in '/home/dammr/Desktop/magister_ws/UC_SmartFarmRadar/build/radar_msg': CMAKE_PREFIX_PATH=${CMAKE_PREFIX_PATH}:/home/dammr/Desktop/magister_ws/UC_SmartFarmRadar/install/state_machine:/home/dammr/Desktop/magister_ws/UC_SmartFarmRadar/install/radar_package:/home/dammr/Desktop/magister_ws/UC_SmartFarmRadar/install/ptu_package:/opt/ros/humble:/home/dammr/ros2_humble/install/rqt_bag_plugins:/home/dammr/ros2_humble/install/rqt_bag:/home/dammr/ros2_humble/install/launch_testing_examples:/home/dammr/ros2_humble/install/ros2bag:/home/dammr/ros2_humble/install/tracetools_test:/home/dammr/ros2_humble/install/tracetools_launch:/home/dammr/ros2_humble/install/topic_monitor:/home/dammr/ros2_humble/install/tf2_tools:/home/dammr/ros2_humble/install/examples_tf2_py:/home/dammr/ros2_humble/install/tf2_ros_py:/home/dammr/ros2_humble/install/sros2:/home/dammr/ros2_humble/install/rqt_topic:/home/dammr/ros2_humble/install/rqt_srv:/home/dammr/ros2_humble/install/rqt_shell:/home/dammr/ros2_humble/install/rqt_service_caller:/home/dammr/ros2_humble/install/rqt_reconfigure:/home/dammr/ros2_humble/install/rqt_py_console:/home/dammr/ros2_humble/install/rqt_publisher:/home/dammr/ros2_humble/install/rqt_plot:/home/dammr/ros2_humble/install/rqt_action:/home/dammr/ros2_humble/install/rqt_msg:/home/dammr/ros2_humble/install/rqt_console:/home/dammr/ros2_humble/install/rqt:/home/dammr/ros2_humble/install/rqt_graph:/home/dammr/ros2_humble/install/rqt_gui_py:/home/dammr/ros2_humble/install/rqt_gui:/home/dammr/ros2_humble/install/ros2trace:/home/dammr/ros2_humble/install/ros2topic:/home/dammr/ros2_humble/install/ros2test:/home/dammr/ros2_humble/install/ros2component:/home/dammr/ros2_humble/install/ros2param:/home/dammr/ros2_humble/install/ros2lifecycle:/home/dammr/ros2_humble/install/ros2service:/home/dammr/ros2_humble/install/ros2run:/home/dammr/ros2_humble/install/ros2launch:/home/dammr/ros2_humble/install/ros2pkg:/home/dammr/ros2_humble/install/ros2node:/home/dammr/ros2_humble/install/ros2multicast:/home/dammr/ros2_humble/install/ros2interface:/home/dammr/ros2_humble/install/ros2doctor:/home/dammr/ros2_humble/install/ros2action:/home/dammr/ros2_humble/install/ros2cli:/home/dammr/ros2_humble/install/quality_of_service_demo_py:/home/dammr/ros2_humble/install/lifecycle_py:/home/dammr/ros2_humble/install/launch_testing_ros:/home/dammr/ros2_humble/install/launch_ros:/home/dammr/ros2_humble/install/examples_rclpy_pointcloud_publisher:/home/dammr/ros2_humble/install/examples_rclpy_minimal_subscriber:/home/dammr/ros2_humble/install/examples_rclpy_minimal_service:/home/dammr/ros2_humble/install/examples_rclpy_minimal_publisher:/home/dammr/ros2_humble/install/examples_rclpy_minimal_client:/home/dammr/ros2_humble/install/examples_rclpy_minimal_action_server:/home/dammr/ros2_humble/install/examples_rclpy_minimal_action_client:/home/dammr/ros2_humble/install/examples_rclpy_guard_conditions:/home/dammr/ros2_humble/install/examples_rclpy_executors:/home/dammr/ros2_humble/install/demo_nodes_py:/home/dammr/ros2_humble/install/camera_info_manager_py:/home/dammr/ros2_humble/install/action_tutorials_py:/home/dammr/ros2_humble/install/ament_uncrustify:/home/dammr/ros2_humble/install/tracetools_trace:/home/dammr/ros2_humble/install/tracetools_read:/home/dammr/ros2_humble/install/test_tracetools_launch:/home/dammr/ros2_humble/install/test_launch_ros:/home/dammr/ros2_humble/install/sensor_msgs_py:/home/dammr/ros2_humble/install/rpyutils:/home/dammr/ros2_humble/install/rosidl_runtime_py:/home/dammr/ros2_humble/install/rosidl_cli:/home/dammr/ros2_humble/install/launch_pytest:/home/dammr/ros2_humble/install/launch_testing:/home/dammr/ros2_humble/install/launch_yaml:/home/dammr/ros2_humble/install/launch_xml:/home/dammr/ros2_humble/install/launch:/home/dammr/ros2_humble/install/osrf_pycommon:/home/dammr/ros2_humble/install/domain_coordinator:/home/dammr/ros2_humble/install/ament_xmllint:/home/dammr/ros2_humble/install/ament_pyflakes:/home/dammr/ros2_humble/install/ament_pycodestyle:/home/dammr/ros2_humble/install/ament_pep257:/home/dammr/ros2_humble/install/ament_pclint:/home/dammr/ros2_humble/install/ament_package:/home/dammr/ros2_humble/install/ament_mypy:/home/dammr/ros2_humble/install/ament_lint_cmake:/home/dammr/ros2_humble/install/ament_flake8:/home/dammr/ros2_humble/install/ament_copyright:/home/dammr/ros2_humble/install/ament_lint:/home/dammr/ros2_humble/install/ament_index_python:/home/dammr/ros2_humble/install/ament_cpplint:/home/dammr/ros2_humble/install/ament_cppcheck:/home/dammr/ros2_humble/install/ament_clang_tidy:/home/dammr/ros2_humble/install/ament_clang_format /usr/bin/cmake /home/dammr/Desktop/magister_ws/UC_SmartFarmRadar/radar_msg -DCMAKE_INSTALL_PREFIX=/home/dammr/Desktop/magister_ws/UC_SmartFarmRadar/install/radar_msg
[0.162s] -- The C compiler identification is GNU 11.4.0
[0.225s] -- The CXX compiler identification is GNU 11.4.0
[0.234s] -- Detecting C compiler ABI info
[0.354s] -- Detecting C compiler ABI info - done
[0.359s] -- Check for working C compiler: /usr/bin/cc - skipped
[0.359s] -- Detecting C compile features
[0.359s] -- Detecting C compile features - done
[0.361s] -- Detecting CXX compiler ABI info
[0.487s] -- Detecting CXX compiler ABI info - done
[0.492s] -- Check for working CXX compiler: /usr/bin/c++ - skipped
[0.493s] -- Detecting CXX compile features
[0.493s] -- Detecting CXX compile features - done
[0.513s] -- Found ament_cmake: 1.3.11 (/home/dammr/ros2_humble/install/ament_cmake/share/ament_cmake/cmake)
[0.970s] -- Found Python3: /usr/bin/python3 (found version "3.10.12") found components: Interpreter 
[1.400s] -- Found rclpy: 3.3.16 (/home/dammr/ros2_humble/install/rclpy/share/rclpy/cmake)
[1.412s] -- Found std_msgs: 4.8.0 (/home/dammr/ros2_humble/install/std_msgs/share/std_msgs/cmake)
[1.580s] -- Found rosidl_generator_c: 3.1.6 (/home/dammr/ros2_humble/install/rosidl_generator_c/share/rosidl_generator_c/cmake)
[1.612s] -- Found rosidl_adapter: 3.1.6 (/home/dammr/ros2_humble/install/rosidl_adapter/share/rosidl_adapter/cmake)
[1.646s] -- Found rosidl_generator_cpp: 3.1.6 (/home/dammr/ros2_humble/install/rosidl_generator_cpp/share/rosidl_generator_cpp/cmake)
[1.701s] -- Using all available rosidl_typesupport_c: rosidl_typesupport_fastrtps_c;rosidl_typesupport_introspection_c
[1.772s] -- Using all available rosidl_typesupport_cpp: rosidl_typesupport_fastrtps_cpp;rosidl_typesupport_introspection_cpp
[1.850s] -- Found rosidl_default_generators: 1.2.0 (/home/dammr/ros2_humble/install/rosidl_default_generators/share/rosidl_default_generators/cmake)
[1.935s] -- Found action_msgs: 1.2.1 (/home/dammr/ros2_humble/install/action_msgs/share/action_msgs/cmake)
[2.596s] -- Found ament_cmake_ros: 0.10.0 (/home/dammr/ros2_humble/install/ament_cmake_ros/share/ament_cmake_ros/cmake)
[3.441s] -- Using all available rosidl_typesupport_c: rosidl_typesupport_fastrtps_c;rosidl_typesupport_introspection_c
[3.767s] -- Using all available rosidl_typesupport_cpp: rosidl_typesupport_fastrtps_cpp;rosidl_typesupport_introspection_cpp
[3.834s] -- Found PythonInterp: /usr/bin/python3 (found suitable version "3.10.12", minimum required is "3.6") 
[3.852s] -- Found python_cmake_module: 0.10.0 (/home/dammr/ros2_humble/install/python_cmake_module/share/python_cmake_module/cmake)
[3.931s] -- Found PythonLibs: /usr/lib/x86_64-linux-gnu/libpython3.10.so (found suitable version "3.10.12", minimum required is "3.5") 
[3.931s] -- Using PYTHON_EXECUTABLE: /usr/bin/python3
[3.931s] -- Using PYTHON_INCLUDE_DIRS: /usr/include/python3.10
[3.932s] -- Using PYTHON_LIBRARIES: /usr/lib/x86_64-linux-gnu/libpython3.10.so
[3.993s] -- Found PythonExtra: .so  
[4.401s] -- Found ament_lint_auto: 0.12.12 (/home/dammr/ros2_humble/install/ament_lint_auto/share/ament_lint_auto/cmake)
[4.637s] -- Added test 'flake8' to check Python code syntax and style conventions
[4.641s] -- Added test 'lint_cmake' to check CMake code style
[4.646s] -- Added test 'pep257' to check Python code against some of the docstring style conventions in PEP 257
[4.651s] -- Added test 'xmllint' to check XML markup files
[4.662s] -- Configuring done
[4.700s] -- Generating done
[4.709s] -- Build files have been written to: /home/dammr/Desktop/magister_ws/UC_SmartFarmRadar/build/radar_msg
[4.718s] Invoked command in '/home/dammr/Desktop/magister_ws/UC_SmartFarmRadar/build/radar_msg' returned '0': CMAKE_PREFIX_PATH=${CMAKE_PREFIX_PATH}:/home/dammr/Desktop/magister_ws/UC_SmartFarmRadar/install/state_machine:/home/dammr/Desktop/magister_ws/UC_SmartFarmRadar/install/radar_package:/home/dammr/Desktop/magister_ws/UC_SmartFarmRadar/install/ptu_package:/opt/ros/humble:/home/dammr/ros2_humble/install/rqt_bag_plugins:/home/dammr/ros2_humble/install/rqt_bag:/home/dammr/ros2_humble/install/launch_testing_examples:/home/dammr/ros2_humble/install/ros2bag:/home/dammr/ros2_humble/install/tracetools_test:/home/dammr/ros2_humble/install/tracetools_launch:/home/dammr/ros2_humble/install/topic_monitor:/home/dammr/ros2_humble/install/tf2_tools:/home/dammr/ros2_humble/install/examples_tf2_py:/home/dammr/ros2_humble/install/tf2_ros_py:/home/dammr/ros2_humble/install/sros2:/home/dammr/ros2_humble/install/rqt_topic:/home/dammr/ros2_humble/install/rqt_srv:/home/dammr/ros2_humble/install/rqt_shell:/home/dammr/ros2_humble/install/rqt_service_caller:/home/dammr/ros2_humble/install/rqt_reconfigure:/home/dammr/ros2_humble/install/rqt_py_console:/home/dammr/ros2_humble/install/rqt_publisher:/home/dammr/ros2_humble/install/rqt_plot:/home/dammr/ros2_humble/install/rqt_action:/home/dammr/ros2_humble/install/rqt_msg:/home/dammr/ros2_humble/install/rqt_console:/home/dammr/ros2_humble/install/rqt:/home/dammr/ros2_humble/install/rqt_graph:/home/dammr/ros2_humble/install/rqt_gui_py:/home/dammr/ros2_humble/install/rqt_gui:/home/dammr/ros2_humble/install/ros2trace:/home/dammr/ros2_humble/install/ros2topic:/home/dammr/ros2_humble/install/ros2test:/home/dammr/ros2_humble/install/ros2component:/home/dammr/ros2_humble/install/ros2param:/home/dammr/ros2_humble/install/ros2lifecycle:/home/dammr/ros2_humble/install/ros2service:/home/dammr/ros2_humble/install/ros2run:/home/dammr/ros2_humble/install/ros2launch:/home/dammr/ros2_humble/install/ros2pkg:/home/dammr/ros2_humble/install/ros2node:/home/dammr/ros2_humble/install/ros2multicast:/home/dammr/ros2_humble/install/ros2interface:/home/dammr/ros2_humble/install/ros2doctor:/home/dammr/ros2_humble/install/ros2action:/home/dammr/ros2_humble/install/ros2cli:/home/dammr/ros2_humble/install/quality_of_service_demo_py:/home/dammr/ros2_humble/install/lifecycle_py:/home/dammr/ros2_humble/install/launch_testing_ros:/home/dammr/ros2_humble/install/launch_ros:/home/dammr/ros2_humble/install/examples_rclpy_pointcloud_publisher:/home/dammr/ros2_humble/install/examples_rclpy_minimal_subscriber:/home/dammr/ros2_humble/install/examples_rclpy_minimal_service:/home/dammr/ros2_humble/install/examples_rclpy_minimal_publisher:/home/dammr/ros2_humble/install/examples_rclpy_minimal_client:/home/dammr/ros2_humble/install/examples_rclpy_minimal_action_server:/home/dammr/ros2_humble/install/examples_rclpy_minimal_action_client:/home/dammr/ros2_humble/install/examples_rclpy_guard_conditions:/home/dammr/ros2_humble/install/examples_rclpy_executors:/home/dammr/ros2_humble/install/demo_nodes_py:/home/dammr/ros2_humble/install/camera_info_manager_py:/home/dammr/ros2_humble/install/action_tutorials_py:/home/dammr/ros2_humble/install/ament_uncrustify:/home/dammr/ros2_humble/install/tracetools_trace:/home/dammr/ros2_humble/install/tracetools_read:/home/dammr/ros2_humble/install/test_tracetools_launch:/home/dammr/ros2_humble/install/test_launch_ros:/home/dammr/ros2_humble/install/sensor_msgs_py:/home/dammr/ros2_humble/install/rpyutils:/home/dammr/ros2_humble/install/rosidl_runtime_py:/home/dammr/ros2_humble/install/rosidl_cli:/home/dammr/ros2_humble/install/launch_pytest:/home/dammr/ros2_humble/install/launch_testing:/home/dammr/ros2_humble/install/launch_yaml:/home/dammr/ros2_humble/install/launch_xml:/home/dammr/ros2_humble/install/launch:/home/dammr/ros2_humble/install/osrf_pycommon:/home/dammr/ros2_humble/install/domain_coordinator:/home/dammr/ros2_humble/install/ament_xmllint:/home/dammr/ros2_humble/install/ament_pyflakes:/home/dammr/ros2_humble/install/ament_pycodestyle:/home/dammr/ros2_humble/install/ament_pep257:/home/dammr/ros2_humble/install/ament_pclint:/home/dammr/ros2_humble/install/ament_package:/home/dammr/ros2_humble/install/ament_mypy:/home/dammr/ros2_humble/install/ament_lint_cmake:/home/dammr/ros2_humble/install/ament_flake8:/home/dammr/ros2_humble/install/ament_copyright:/home/dammr/ros2_humble/install/ament_lint:/home/dammr/ros2_humble/install/ament_index_python:/home/dammr/ros2_humble/install/ament_cpplint:/home/dammr/ros2_humble/install/ament_cppcheck:/home/dammr/ros2_humble/install/ament_clang_tidy:/home/dammr/ros2_humble/install/ament_clang_format /usr/bin/cmake /home/dammr/Desktop/magister_ws/UC_SmartFarmRadar/radar_msg -DCMAKE_INSTALL_PREFIX=/home/dammr/Desktop/magister_ws/UC_SmartFarmRadar/install/radar_msg
[4.720s] Invoking command in '/home/dammr/Desktop/magister_ws/UC_SmartFarmRadar/build/radar_msg': CMAKE_PREFIX_PATH=${CMAKE_PREFIX_PATH}:/home/dammr/Desktop/magister_ws/UC_SmartFarmRadar/install/state_machine:/home/dammr/Desktop/magister_ws/UC_SmartFarmRadar/install/radar_package:/home/dammr/Desktop/magister_ws/UC_SmartFarmRadar/install/ptu_package:/opt/ros/humble:/home/dammr/ros2_humble/install/rqt_bag_plugins:/home/dammr/ros2_humble/install/rqt_bag:/home/dammr/ros2_humble/install/launch_testing_examples:/home/dammr/ros2_humble/install/ros2bag:/home/dammr/ros2_humble/install/tracetools_test:/home/dammr/ros2_humble/install/tracetools_launch:/home/dammr/ros2_humble/install/topic_monitor:/home/dammr/ros2_humble/install/tf2_tools:/home/dammr/ros2_humble/install/examples_tf2_py:/home/dammr/ros2_humble/install/tf2_ros_py:/home/dammr/ros2_humble/install/sros2:/home/dammr/ros2_humble/install/rqt_topic:/home/dammr/ros2_humble/install/rqt_srv:/home/dammr/ros2_humble/install/rqt_shell:/home/dammr/ros2_humble/install/rqt_service_caller:/home/dammr/ros2_humble/install/rqt_reconfigure:/home/dammr/ros2_humble/install/rqt_py_console:/home/dammr/ros2_humble/install/rqt_publisher:/home/dammr/ros2_humble/install/rqt_plot:/home/dammr/ros2_humble/install/rqt_action:/home/dammr/ros2_humble/install/rqt_msg:/home/dammr/ros2_humble/install/rqt_console:/home/dammr/ros2_humble/install/rqt:/home/dammr/ros2_humble/install/rqt_graph:/home/dammr/ros2_humble/install/rqt_gui_py:/home/dammr/ros2_humble/install/rqt_gui:/home/dammr/ros2_humble/install/ros2trace:/home/dammr/ros2_humble/install/ros2topic:/home/dammr/ros2_humble/install/ros2test:/home/dammr/ros2_humble/install/ros2component:/home/dammr/ros2_humble/install/ros2param:/home/dammr/ros2_humble/install/ros2lifecycle:/home/dammr/ros2_humble/install/ros2service:/home/dammr/ros2_humble/install/ros2run:/home/dammr/ros2_humble/install/ros2launch:/home/dammr/ros2_humble/install/ros2pkg:/home/dammr/ros2_humble/install/ros2node:/home/dammr/ros2_humble/install/ros2multicast:/home/dammr/ros2_humble/install/ros2interface:/home/dammr/ros2_humble/install/ros2doctor:/home/dammr/ros2_humble/install/ros2action:/home/dammr/ros2_humble/install/ros2cli:/home/dammr/ros2_humble/install/quality_of_service_demo_py:/home/dammr/ros2_humble/install/lifecycle_py:/home/dammr/ros2_humble/install/launch_testing_ros:/home/dammr/ros2_humble/install/launch_ros:/home/dammr/ros2_humble/install/examples_rclpy_pointcloud_publisher:/home/dammr/ros2_humble/install/examples_rclpy_minimal_subscriber:/home/dammr/ros2_humble/install/examples_rclpy_minimal_service:/home/dammr/ros2_humble/install/examples_rclpy_minimal_publisher:/home/dammr/ros2_humble/install/examples_rclpy_minimal_client:/home/dammr/ros2_humble/install/examples_rclpy_minimal_action_server:/home/dammr/ros2_humble/install/examples_rclpy_minimal_action_client:/home/dammr/ros2_humble/install/examples_rclpy_guard_conditions:/home/dammr/ros2_humble/install/examples_rclpy_executors:/home/dammr/ros2_humble/install/demo_nodes_py:/home/dammr/ros2_humble/install/camera_info_manager_py:/home/dammr/ros2_humble/install/action_tutorials_py:/home/dammr/ros2_humble/install/ament_uncrustify:/home/dammr/ros2_humble/install/tracetools_trace:/home/dammr/ros2_humble/install/tracetools_read:/home/dammr/ros2_humble/install/test_tracetools_launch:/home/dammr/ros2_humble/install/test_launch_ros:/home/dammr/ros2_humble/install/sensor_msgs_py:/home/dammr/ros2_humble/install/rpyutils:/home/dammr/ros2_humble/install/rosidl_runtime_py:/home/dammr/ros2_humble/install/rosidl_cli:/home/dammr/ros2_humble/install/launch_pytest:/home/dammr/ros2_humble/install/launch_testing:/home/dammr/ros2_humble/install/launch_yaml:/home/dammr/ros2_humble/install/launch_xml:/home/dammr/ros2_humble/install/launch:/home/dammr/ros2_humble/install/osrf_pycommon:/home/dammr/ros2_humble/install/domain_coordinator:/home/dammr/ros2_humble/install/ament_xmllint:/home/dammr/ros2_humble/install/ament_pyflakes:/home/dammr/ros2_humble/install/ament_pycodestyle:/home/dammr/ros2_humble/install/ament_pep257:/home/dammr/ros2_humble/install/ament_pclint:/home/dammr/ros2_humble/install/ament_package:/home/dammr/ros2_humble/install/ament_mypy:/home/dammr/ros2_humble/install/ament_lint_cmake:/home/dammr/ros2_humble/install/ament_flake8:/home/dammr/ros2_humble/install/ament_copyright:/home/dammr/ros2_humble/install/ament_lint:/home/dammr/ros2_humble/install/ament_index_python:/home/dammr/ros2_humble/install/ament_cpplint:/home/dammr/ros2_humble/install/ament_cppcheck:/home/dammr/ros2_humble/install/ament_clang_tidy:/home/dammr/ros2_humble/install/ament_clang_format /usr/bin/cmake --build /home/dammr/Desktop/magister_ws/UC_SmartFarmRadar/build/radar_msg -- -j12 -l12
[4.815s] [  1%] [34m[1mGenerating C code for ROS interfaces[0m
[4.841s] [  3%] [34m[1mGenerating C++ code for ROS interfaces[0m
[4.860s] [  3%] Built target ament_cmake_python_copy_radar_msg
[5.262s] running egg_info
[5.263s] creating radar_msg.egg-info
[5.263s] writing radar_msg.egg-info/PKG-INFO
[5.263s] writing dependency_links to radar_msg.egg-info/dependency_links.txt
[5.263s] writing top-level names to radar_msg.egg-info/top_level.txt
[5.263s] writing manifest file 'radar_msg.egg-info/SOURCES.txt'
[5.264s] reading manifest file 'radar_msg.egg-info/SOURCES.txt'
[5.265s] writing manifest file 'radar_msg.egg-info/SOURCES.txt'
[5.302s] [  3%] Built target ament_cmake_python_build_radar_msg_egg
[5.674s] [  7%] [32mBuilding C object CMakeFiles/radar_msg__rosidl_generator_c.dir/rosidl_generator_c/radar_msg/action/detail/radar_beamform__functions.c.o[0m
[5.675s] [  7%] [32mBuilding C object CMakeFiles/radar_msg__rosidl_generator_c.dir/rosidl_generator_c/radar_msg/msg/detail/radar_data__functions.c.o[0m
[5.675s] [  7%] [32mBuilding C object CMakeFiles/radar_msg__rosidl_generator_c.dir/rosidl_generator_c/radar_msg/action/detail/ptu_sweep__functions.c.o[0m
[5.677s] [  9%] [32mBuilding C object CMakeFiles/radar_msg__rosidl_generator_c.dir/rosidl_generator_c/radar_msg/msg/detail/ptu__functions.c.o[0m
[5.677s] [ 11%] [32mBuilding C object CMakeFiles/radar_msg__rosidl_generator_c.dir/rosidl_generator_c/radar_msg/msg/detail/radar_cartesian__functions.c.o[0m
[5.682s] [ 11%] Built target radar_msg__cpp
[5.710s] [ 12%] [34m[1mGenerating C++ type support for eProsima Fast-RTPS[0m
[5.715s] [ 14%] [34m[1mGenerating C++ type support dispatch for ROS interfaces[0m
[5.717s] [ 15%] [34m[1mGenerating C++ introspection for ROS interfaces[0m
[5.805s] [ 17%] [32m[1mLinking C shared library libradar_msg__rosidl_generator_c.so[0m
[5.875s] [ 17%] Built target radar_msg__rosidl_generator_c
[5.901s] [ 20%] [34m[1mGenerating C type support dispatch for ROS interfaces[0m
[5.901s] [ 20%] [34m[1mGenerating C introspection for ROS interfaces[0m
[5.910s] [ 22%] [34m[1mGenerating C type support for eProsima Fast-RTPS[0m
[6.306s] [ 26%] [32mBuilding CXX object CMakeFiles/radar_msg__rosidl_typesupport_cpp.dir/rosidl_typesupport_cpp/radar_msg/action/ptu_sweep__type_support.cpp.o[0m
[6.307s] [ 26%] [32mBuilding CXX object CMakeFiles/radar_msg__rosidl_typesupport_cpp.dir/rosidl_typesupport_cpp/radar_msg/action/radar_beamform__type_support.cpp.o[0m
[6.307s] [ 26%] [32mBuilding CXX object CMakeFiles/radar_msg__rosidl_typesupport_cpp.dir/rosidl_typesupport_cpp/radar_msg/msg/ptu__type_support.cpp.o[0m
[6.309s] [ 28%] [32mBuilding CXX object CMakeFiles/radar_msg__rosidl_typesupport_cpp.dir/rosidl_typesupport_cpp/radar_msg/msg/radar_data__type_support.cpp.o[0m
[6.309s] [ 30%] [32mBuilding CXX object CMakeFiles/radar_msg__rosidl_typesupport_cpp.dir/rosidl_typesupport_cpp/radar_msg/msg/radar_cartesian__type_support.cpp.o[0m
[6.550s] [ 31%] [32mBuilding CXX object CMakeFiles/radar_msg__rosidl_typesupport_introspection_cpp.dir/rosidl_typesupport_introspection_cpp/radar_msg/msg/detail/ptu__type_support.cpp.o[0m
[6.554s] [ 33%] [32mBuilding CXX object CMakeFiles/radar_msg__rosidl_typesupport_introspection_cpp.dir/rosidl_typesupport_introspection_cpp/radar_msg/msg/detail/radar_data__type_support.cpp.o[0m
[6.584s] [ 34%] [32mBuilding CXX object CMakeFiles/radar_msg__rosidl_typesupport_introspection_cpp.dir/rosidl_typesupport_introspection_cpp/radar_msg/msg/detail/radar_cartesian__type_support.cpp.o[0m
[6.633s] [ 36%] [32mBuilding CXX object CMakeFiles/radar_msg__rosidl_typesupport_introspection_cpp.dir/rosidl_typesupport_introspection_cpp/radar_msg/action/detail/ptu_sweep__type_support.cpp.o[0m
[6.649s] [ 38%] [32mBuilding CXX object CMakeFiles/radar_msg__rosidl_typesupport_c.dir/rosidl_typesupport_c/radar_msg/msg/ptu__type_support.cpp.o[0m
[6.649s] [ 39%] [32mBuilding CXX object CMakeFiles/radar_msg__rosidl_typesupport_c.dir/rosidl_typesupport_c/radar_msg/msg/radar_data__type_support.cpp.o[0m
[6.665s] [ 41%] [32mBuilding CXX object CMakeFiles/radar_msg__rosidl_typesupport_introspection_cpp.dir/rosidl_typesupport_introspection_cpp/radar_msg/action/detail/radar_beamform__type_support.cpp.o[0m
[6.701s] [ 42%] [32mBuilding CXX object CMakeFiles/radar_msg__rosidl_typesupport_fastrtps_cpp.dir/rosidl_typesupport_fastrtps_cpp/radar_msg/msg/detail/dds_fastrtps/ptu__type_support.cpp.o[0m
[6.726s] [ 44%] [32mBuilding CXX object CMakeFiles/radar_msg__rosidl_typesupport_c.dir/rosidl_typesupport_c/radar_msg/msg/radar_cartesian__type_support.cpp.o[0m
[6.750s] [ 46%] [32mBuilding CXX object CMakeFiles/radar_msg__rosidl_typesupport_fastrtps_cpp.dir/rosidl_typesupport_fastrtps_cpp/radar_msg/msg/detail/dds_fastrtps/radar_data__type_support.cpp.o[0m
[6.821s] [ 47%] [32mBuilding CXX object CMakeFiles/radar_msg__rosidl_typesupport_c.dir/rosidl_typesupport_c/radar_msg/action/radar_beamform__type_support.cpp.o[0m
[6.861s] [ 49%] [32mBuilding CXX object CMakeFiles/radar_msg__rosidl_typesupport_c.dir/rosidl_typesupport_c/radar_msg/action/ptu_sweep__type_support.cpp.o[0m
[6.886s] [ 50%] [32m[1mLinking CXX shared library libradar_msg__rosidl_typesupport_cpp.so[0m
[6.953s] [ 52%] [32mBuilding CXX object CMakeFiles/radar_msg__rosidl_typesupport_fastrtps_cpp.dir/rosidl_typesupport_fastrtps_cpp/radar_msg/msg/detail/dds_fastrtps/radar_cartesian__type_support.cpp.o[0m
[6.975s] [ 53%] [32m[1mLinking CXX shared library libradar_msg__rosidl_typesupport_c.so[0m
[7.040s] [ 53%] Built target radar_msg__rosidl_typesupport_cpp
[7.046s] [ 55%] [32mBuilding CXX object CMakeFiles/radar_msg__rosidl_typesupport_fastrtps_cpp.dir/rosidl_typesupport_fastrtps_cpp/radar_msg/action/detail/dds_fastrtps/radar_beamform__type_support.cpp.o[0m
[7.078s] [ 57%] [32mBuilding CXX object CMakeFiles/radar_msg__rosidl_typesupport_fastrtps_cpp.dir/rosidl_typesupport_fastrtps_cpp/radar_msg/action/detail/dds_fastrtps/ptu_sweep__type_support.cpp.o[0m
[7.085s] [ 57%] Built target radar_msg__rosidl_typesupport_c
[7.223s] [ 58%] [32mBuilding C object CMakeFiles/radar_msg__rosidl_typesupport_introspection_c.dir/rosidl_typesupport_introspection_c/radar_msg/msg/detail/ptu__type_support.c.o[0m
[7.224s] [ 60%] [32mBuilding C object CMakeFiles/radar_msg__rosidl_typesupport_introspection_c.dir/rosidl_typesupport_introspection_c/radar_msg/msg/detail/radar_cartesian__type_support.c.o[0m
[7.227s] [ 61%] [32mBuilding C object CMakeFiles/radar_msg__rosidl_typesupport_introspection_c.dir/rosidl_typesupport_introspection_c/radar_msg/msg/detail/radar_data__type_support.c.o[0m
[7.230s] [ 63%] [32mBuilding C object CMakeFiles/radar_msg__rosidl_typesupport_introspection_c.dir/rosidl_typesupport_introspection_c/radar_msg/action/detail/radar_beamform__type_support.c.o[0m
[7.241s] [ 65%] [32mBuilding C object CMakeFiles/radar_msg__rosidl_typesupport_introspection_c.dir/rosidl_typesupport_introspection_c/radar_msg/action/detail/ptu_sweep__type_support.c.o[0m
[7.283s] [ 66%] [32mBuilding CXX object CMakeFiles/radar_msg__rosidl_typesupport_fastrtps_c.dir/rosidl_typesupport_fastrtps_c/radar_msg/msg/detail/ptu__type_support_c.cpp.o[0m
[7.308s] [ 68%] [32mBuilding CXX object CMakeFiles/radar_msg__rosidl_typesupport_fastrtps_c.dir/rosidl_typesupport_fastrtps_c/radar_msg/msg/detail/radar_data__type_support_c.cpp.o[0m
[7.315s] [ 69%] [32mBuilding CXX object CMakeFiles/radar_msg__rosidl_typesupport_fastrtps_c.dir/rosidl_typesupport_fastrtps_c/radar_msg/msg/detail/radar_cartesian__type_support_c.cpp.o[0m
[7.328s] [ 71%] [32mBuilding CXX object CMakeFiles/radar_msg__rosidl_typesupport_fastrtps_c.dir/rosidl_typesupport_fastrtps_c/radar_msg/action/detail/radar_beamform__type_support_c.cpp.o[0m
[7.330s] [ 73%] [32mBuilding CXX object CMakeFiles/radar_msg__rosidl_typesupport_fastrtps_c.dir/rosidl_typesupport_fastrtps_c/radar_msg/action/detail/ptu_sweep__type_support_c.cpp.o[0m
[7.360s] [ 74%] [32m[1mLinking C shared library libradar_msg__rosidl_typesupport_introspection_c.so[0m
[7.416s] [ 76%] [32m[1mLinking CXX shared library libradar_msg__rosidl_typesupport_introspection_cpp.so[0m
[7.466s] [ 76%] Built target radar_msg__rosidl_typesupport_introspection_c
[7.604s] [ 76%] Built target radar_msg__rosidl_typesupport_introspection_cpp
[7.665s] [ 77%] [32m[1mLinking CXX shared library libradar_msg__rosidl_typesupport_fastrtps_cpp.so[0m
[7.747s] [ 79%] [32m[1mLinking CXX shared library libradar_msg__rosidl_typesupport_fastrtps_c.so[0m
[7.764s] [ 79%] Built target radar_msg__rosidl_typesupport_fastrtps_cpp
[7.846s] [ 79%] Built target radar_msg__rosidl_typesupport_fastrtps_c
[7.902s] [ 79%] Built target radar_msg
[7.959s] [ 80%] [34m[1mGenerating Python code for ROS interfaces[0m
[9.245s] [ 80%] Built target radar_msg__py
[9.299s] [ 88%] [32mBuilding C object CMakeFiles/radar_msg__rosidl_generator_py.dir/rosidl_generator_py/radar_msg/action/_radar_beamform_s.c.o[0m
[9.299s] [ 88%] [32mBuilding C object CMakeFiles/radar_msg__rosidl_generator_py.dir/rosidl_generator_py/radar_msg/msg/_ptu_s.c.o[0m
[9.299s] [ 88%] [32mBuilding C object CMakeFiles/radar_msg__rosidl_generator_py.dir/rosidl_generator_py/radar_msg/msg/_radar_data_s.c.o[0m
[9.299s] [ 88%] [32mBuilding C object CMakeFiles/radar_msg__rosidl_generator_py.dir/rosidl_generator_py/radar_msg/msg/_radar_cartesian_s.c.o[0m
[9.299s] [ 88%] [32mBuilding C object CMakeFiles/radar_msg__rosidl_generator_py.dir/rosidl_generator_py/radar_msg/action/_ptu_sweep_s.c.o[0m
[9.442s] [ 90%] [32m[1mLinking C shared library rosidl_generator_py/radar_msg/libradar_msg__rosidl_generator_py.so[0m
[9.515s] [ 90%] Built target radar_msg__rosidl_generator_py
[9.567s] [ 95%] [32mBuilding C object CMakeFiles/radar_msg__rosidl_typesupport_c__pyext.dir/rosidl_generator_py/radar_msg/_radar_msg_s.ep.rosidl_typesupport_c.c.o[0m
[9.567s] [ 95%] [32mBuilding C object CMakeFiles/radar_msg__rosidl_typesupport_introspection_c__pyext.dir/rosidl_generator_py/radar_msg/_radar_msg_s.ep.rosidl_typesupport_introspection_c.c.o[0m
[9.567s] [ 95%] [32mBuilding C object CMakeFiles/radar_msg__rosidl_typesupport_fastrtps_c__pyext.dir/rosidl_generator_py/radar_msg/_radar_msg_s.ep.rosidl_typesupport_fastrtps_c.c.o[0m
[9.705s] [100%] [32m[1mLinking C shared library rosidl_generator_py/radar_msg/radar_msg_s__rosidl_typesupport_introspection_c.cpython-310-x86_64-linux-gnu.so[0m
[9.705s] [100%] [32m[1mLinking C shared library rosidl_generator_py/radar_msg/radar_msg_s__rosidl_typesupport_fastrtps_c.cpython-310-x86_64-linux-gnu.so[0m
[9.705s] [100%] [32m[1mLinking C shared library rosidl_generator_py/radar_msg/radar_msg_s__rosidl_typesupport_c.cpython-310-x86_64-linux-gnu.so[0m
[9.774s] [100%] Built target radar_msg__rosidl_typesupport_fastrtps_c__pyext
[9.774s] [100%] Built target radar_msg__rosidl_typesupport_c__pyext
[9.775s] [100%] Built target radar_msg__rosidl_typesupport_introspection_c__pyext
[9.798s] Invoked command in '/home/dammr/Desktop/magister_ws/UC_SmartFarmRadar/build/radar_msg' returned '0': CMAKE_PREFIX_PATH=${CMAKE_PREFIX_PATH}:/home/dammr/Desktop/magister_ws/UC_SmartFarmRadar/install/state_machine:/home/dammr/Desktop/magister_ws/UC_SmartFarmRadar/install/radar_package:/home/dammr/Desktop/magister_ws/UC_SmartFarmRadar/install/ptu_package:/opt/ros/humble:/home/dammr/ros2_humble/install/rqt_bag_plugins:/home/dammr/ros2_humble/install/rqt_bag:/home/dammr/ros2_humble/install/launch_testing_examples:/home/dammr/ros2_humble/install/ros2bag:/home/dammr/ros2_humble/install/tracetools_test:/home/dammr/ros2_humble/install/tracetools_launch:/home/dammr/ros2_humble/install/topic_monitor:/home/dammr/ros2_humble/install/tf2_tools:/home/dammr/ros2_humble/install/examples_tf2_py:/home/dammr/ros2_humble/install/tf2_ros_py:/home/dammr/ros2_humble/install/sros2:/home/dammr/ros2_humble/install/rqt_topic:/home/dammr/ros2_humble/install/rqt_srv:/home/dammr/ros2_humble/install/rqt_shell:/home/dammr/ros2_humble/install/rqt_service_caller:/home/dammr/ros2_humble/install/rqt_reconfigure:/home/dammr/ros2_humble/install/rqt_py_console:/home/dammr/ros2_humble/install/rqt_publisher:/home/dammr/ros2_humble/install/rqt_plot:/home/dammr/ros2_humble/install/rqt_action:/home/dammr/ros2_humble/install/rqt_msg:/home/dammr/ros2_humble/install/rqt_console:/home/dammr/ros2_humble/install/rqt:/home/dammr/ros2_humble/install/rqt_graph:/home/dammr/ros2_humble/install/rqt_gui_py:/home/dammr/ros2_humble/install/rqt_gui:/home/dammr/ros2_humble/install/ros2trace:/home/dammr/ros2_humble/install/ros2topic:/home/dammr/ros2_humble/install/ros2test:/home/dammr/ros2_humble/install/ros2component:/home/dammr/ros2_humble/install/ros2param:/home/dammr/ros2_humble/install/ros2lifecycle:/home/dammr/ros2_humble/install/ros2service:/home/dammr/ros2_humble/install/ros2run:/home/dammr/ros2_humble/install/ros2launch:/home/dammr/ros2_humble/install/ros2pkg:/home/dammr/ros2_humble/install/ros2node:/home/dammr/ros2_humble/install/ros2multicast:/home/dammr/ros2_humble/install/ros2interface:/home/dammr/ros2_humble/install/ros2doctor:/home/dammr/ros2_humble/install/ros2action:/home/dammr/ros2_humble/install/ros2cli:/home/dammr/ros2_humble/install/quality_of_service_demo_py:/home/dammr/ros2_humble/install/lifecycle_py:/home/dammr/ros2_humble/install/launch_testing_ros:/home/dammr/ros2_humble/install/launch_ros:/home/dammr/ros2_humble/install/examples_rclpy_pointcloud_publisher:/home/dammr/ros2_humble/install/examples_rclpy_minimal_subscriber:/home/dammr/ros2_humble/install/examples_rclpy_minimal_service:/home/dammr/ros2_humble/install/examples_rclpy_minimal_publisher:/home/dammr/ros2_humble/install/examples_rclpy_minimal_client:/home/dammr/ros2_humble/install/examples_rclpy_minimal_action_server:/home/dammr/ros2_humble/install/examples_rclpy_minimal_action_client:/home/dammr/ros2_humble/install/examples_rclpy_guard_conditions:/home/dammr/ros2_humble/install/examples_rclpy_executors:/home/dammr/ros2_humble/install/demo_nodes_py:/home/dammr/ros2_humble/install/camera_info_manager_py:/home/dammr/ros2_humble/install/action_tutorials_py:/home/dammr/ros2_humble/install/ament_uncrustify:/home/dammr/ros2_humble/install/tracetools_trace:/home/dammr/ros2_humble/install/tracetools_read:/home/dammr/ros2_humble/install/test_tracetools_launch:/home/dammr/ros2_humble/install/test_launch_ros:/home/dammr/ros2_humble/install/sensor_msgs_py:/home/dammr/ros2_humble/install/rpyutils:/home/dammr/ros2_humble/install/rosidl_runtime_py:/home/dammr/ros2_humble/install/rosidl_cli:/home/dammr/ros2_humble/install/launch_pytest:/home/dammr/ros2_humble/install/launch_testing:/home/dammr/ros2_humble/install/launch_yaml:/home/dammr/ros2_humble/install/launch_xml:/home/dammr/ros2_humble/install/launch:/home/dammr/ros2_humble/install/osrf_pycommon:/home/dammr/ros2_humble/install/domain_coordinator:/home/dammr/ros2_humble/install/ament_xmllint:/home/dammr/ros2_humble/install/ament_pyflakes:/home/dammr/ros2_humble/install/ament_pycodestyle:/home/dammr/ros2_humble/install/ament_pep257:/home/dammr/ros2_humble/install/ament_pclint:/home/dammr/ros2_humble/install/ament_package:/home/dammr/ros2_humble/install/ament_mypy:/home/dammr/ros2_humble/install/ament_lint_cmake:/home/dammr/ros2_humble/install/ament_flake8:/home/dammr/ros2_humble/install/ament_copyright:/home/dammr/ros2_humble/install/ament_lint:/home/dammr/ros2_humble/install/ament_index_python:/home/dammr/ros2_humble/install/ament_cpplint:/home/dammr/ros2_humble/install/ament_cppcheck:/home/dammr/ros2_humble/install/ament_clang_tidy:/home/dammr/ros2_humble/install/ament_clang_format /usr/bin/cmake --build /home/dammr/Desktop/magister_ws/UC_SmartFarmRadar/build/radar_msg -- -j12 -l12
[9.800s] Invoking command in '/home/dammr/Desktop/magister_ws/UC_SmartFarmRadar/build/radar_msg': CMAKE_PREFIX_PATH=${CMAKE_PREFIX_PATH}:/home/dammr/Desktop/magister_ws/UC_SmartFarmRadar/install/state_machine:/home/dammr/Desktop/magister_ws/UC_SmartFarmRadar/install/radar_package:/home/dammr/Desktop/magister_ws/UC_SmartFarmRadar/install/ptu_package:/opt/ros/humble:/home/dammr/ros2_humble/install/rqt_bag_plugins:/home/dammr/ros2_humble/install/rqt_bag:/home/dammr/ros2_humble/install/launch_testing_examples:/home/dammr/ros2_humble/install/ros2bag:/home/dammr/ros2_humble/install/tracetools_test:/home/dammr/ros2_humble/install/tracetools_launch:/home/dammr/ros2_humble/install/topic_monitor:/home/dammr/ros2_humble/install/tf2_tools:/home/dammr/ros2_humble/install/examples_tf2_py:/home/dammr/ros2_humble/install/tf2_ros_py:/home/dammr/ros2_humble/install/sros2:/home/dammr/ros2_humble/install/rqt_topic:/home/dammr/ros2_humble/install/rqt_srv:/home/dammr/ros2_humble/install/rqt_shell:/home/dammr/ros2_humble/install/rqt_service_caller:/home/dammr/ros2_humble/install/rqt_reconfigure:/home/dammr/ros2_humble/install/rqt_py_console:/home/dammr/ros2_humble/install/rqt_publisher:/home/dammr/ros2_humble/install/rqt_plot:/home/dammr/ros2_humble/install/rqt_action:/home/dammr/ros2_humble/install/rqt_msg:/home/dammr/ros2_humble/install/rqt_console:/home/dammr/ros2_humble/install/rqt:/home/dammr/ros2_humble/install/rqt_graph:/home/dammr/ros2_humble/install/rqt_gui_py:/home/dammr/ros2_humble/install/rqt_gui:/home/dammr/ros2_humble/install/ros2trace:/home/dammr/ros2_humble/install/ros2topic:/home/dammr/ros2_humble/install/ros2test:/home/dammr/ros2_humble/install/ros2component:/home/dammr/ros2_humble/install/ros2param:/home/dammr/ros2_humble/install/ros2lifecycle:/home/dammr/ros2_humble/install/ros2service:/home/dammr/ros2_humble/install/ros2run:/home/dammr/ros2_humble/install/ros2launch:/home/dammr/ros2_humble/install/ros2pkg:/home/dammr/ros2_humble/install/ros2node:/home/dammr/ros2_humble/install/ros2multicast:/home/dammr/ros2_humble/install/ros2interface:/home/dammr/ros2_humble/install/ros2doctor:/home/dammr/ros2_humble/install/ros2action:/home/dammr/ros2_humble/install/ros2cli:/home/dammr/ros2_humble/install/quality_of_service_demo_py:/home/dammr/ros2_humble/install/lifecycle_py:/home/dammr/ros2_humble/install/launch_testing_ros:/home/dammr/ros2_humble/install/launch_ros:/home/dammr/ros2_humble/install/examples_rclpy_pointcloud_publisher:/home/dammr/ros2_humble/install/examples_rclpy_minimal_subscriber:/home/dammr/ros2_humble/install/examples_rclpy_minimal_service:/home/dammr/ros2_humble/install/examples_rclpy_minimal_publisher:/home/dammr/ros2_humble/install/examples_rclpy_minimal_client:/home/dammr/ros2_humble/install/examples_rclpy_minimal_action_server:/home/dammr/ros2_humble/install/examples_rclpy_minimal_action_client:/home/dammr/ros2_humble/install/examples_rclpy_guard_conditions:/home/dammr/ros2_humble/install/examples_rclpy_executors:/home/dammr/ros2_humble/install/demo_nodes_py:/home/dammr/ros2_humble/install/camera_info_manager_py:/home/dammr/ros2_humble/install/action_tutorials_py:/home/dammr/ros2_humble/install/ament_uncrustify:/home/dammr/ros2_humble/install/tracetools_trace:/home/dammr/ros2_humble/install/tracetools_read:/home/dammr/ros2_humble/install/test_tracetools_launch:/home/dammr/ros2_humble/install/test_launch_ros:/home/dammr/ros2_humble/install/sensor_msgs_py:/home/dammr/ros2_humble/install/rpyutils:/home/dammr/ros2_humble/install/rosidl_runtime_py:/home/dammr/ros2_humble/install/rosidl_cli:/home/dammr/ros2_humble/install/launch_pytest:/home/dammr/ros2_humble/install/launch_testing:/home/dammr/ros2_humble/install/launch_yaml:/home/dammr/ros2_humble/install/launch_xml:/home/dammr/ros2_humble/install/launch:/home/dammr/ros2_humble/install/osrf_pycommon:/home/dammr/ros2_humble/install/domain_coordinator:/home/dammr/ros2_humble/install/ament_xmllint:/home/dammr/ros2_humble/install/ament_pyflakes:/home/dammr/ros2_humble/install/ament_pycodestyle:/home/dammr/ros2_humble/install/ament_pep257:/home/dammr/ros2_humble/install/ament_pclint:/home/dammr/ros2_humble/install/ament_package:/home/dammr/ros2_humble/install/ament_mypy:/home/dammr/ros2_humble/install/ament_lint_cmake:/home/dammr/ros2_humble/install/ament_flake8:/home/dammr/ros2_humble/install/ament_copyright:/home/dammr/ros2_humble/install/ament_lint:/home/dammr/ros2_humble/install/ament_index_python:/home/dammr/ros2_humble/install/ament_cpplint:/home/dammr/ros2_humble/install/ament_cppcheck:/home/dammr/ros2_humble/install/ament_clang_tidy:/home/dammr/ros2_humble/install/ament_clang_format /usr/bin/cmake --install /home/dammr/Desktop/magister_ws/UC_SmartFarmRadar/build/radar_msg
[9.817s] -- Install configuration: ""
[9.818s] -- Installing: /home/dammr/Desktop/magister_ws/UC_SmartFarmRadar/install/radar_msg/share/ament_index/resource_index/rosidl_interfaces/radar_msg
[9.818s] -- Installing: /home/dammr/Desktop/magister_ws/UC_SmartFarmRadar/install/radar_msg/include/radar_msg/radar_msg
[9.818s] -- Installing: /home/dammr/Desktop/magister_ws/UC_SmartFarmRadar/install/radar_msg/include/radar_msg/radar_msg/msg
[9.818s] -- Installing: /home/dammr/Desktop/magister_ws/UC_SmartFarmRadar/install/radar_msg/include/radar_msg/radar_msg/msg/rosidl_generator_c__visibility_control.h
[9.818s] -- Installing: /home/dammr/Desktop/magister_ws/UC_SmartFarmRadar/install/radar_msg/include/radar_msg/radar_msg/msg/ptu.h
[9.818s] -- Installing: /home/dammr/Desktop/magister_ws/UC_SmartFarmRadar/install/radar_msg/include/radar_msg/radar_msg/msg/radar_data.h
[9.818s] -- Installing: /home/dammr/Desktop/magister_ws/UC_SmartFarmRadar/install/radar_msg/include/radar_msg/radar_msg/msg/detail
[9.818s] -- Installing: /home/dammr/Desktop/magister_ws/UC_SmartFarmRadar/install/radar_msg/include/radar_msg/radar_msg/msg/detail/radar_cartesian__struct.h
[9.818s] -- Installing: /home/dammr/Desktop/magister_ws/UC_SmartFarmRadar/install/radar_msg/include/radar_msg/radar_msg/msg/detail/radar_cartesian__functions.c
[9.818s] -- Installing: /home/dammr/Desktop/magister_ws/UC_SmartFarmRadar/install/radar_msg/include/radar_msg/radar_msg/msg/detail/radar_data__struct.h
[9.818s] -- Installing: /home/dammr/Desktop/magister_ws/UC_SmartFarmRadar/install/radar_msg/include/radar_msg/radar_msg/msg/detail/radar_cartesian__type_support.h
[9.818s] -- Installing: /home/dammr/Desktop/magister_ws/UC_SmartFarmRadar/install/radar_msg/include/radar_msg/radar_msg/msg/detail/ptu__type_support.h
[9.818s] -- Installing: /home/dammr/Desktop/magister_ws/UC_SmartFarmRadar/install/radar_msg/include/radar_msg/radar_msg/msg/detail/ptu__functions.h
[9.819s] -- Installing: /home/dammr/Desktop/magister_ws/UC_SmartFarmRadar/install/radar_msg/include/radar_msg/radar_msg/msg/detail/radar_cartesian__functions.h
[9.819s] -- Installing: /home/dammr/Desktop/magister_ws/UC_SmartFarmRadar/install/radar_msg/include/radar_msg/radar_msg/msg/detail/ptu__struct.h
[9.819s] -- Installing: /home/dammr/Desktop/magister_ws/UC_SmartFarmRadar/install/radar_msg/include/radar_msg/radar_msg/msg/detail/ptu__functions.c
[9.819s] -- Installing: /home/dammr/Desktop/magister_ws/UC_SmartFarmRadar/install/radar_msg/include/radar_msg/radar_msg/msg/detail/radar_data__type_support.h
[9.819s] -- Installing: /home/dammr/Desktop/magister_ws/UC_SmartFarmRadar/install/radar_msg/include/radar_msg/radar_msg/msg/detail/radar_data__functions.h
[9.819s] -- Installing: /home/dammr/Desktop/magister_ws/UC_SmartFarmRadar/install/radar_msg/include/radar_msg/radar_msg/msg/detail/radar_data__functions.c
[9.819s] -- Installing: /home/dammr/Desktop/magister_ws/UC_SmartFarmRadar/install/radar_msg/include/radar_msg/radar_msg/msg/radar_cartesian.h
[9.819s] -- Installing: /home/dammr/Desktop/magister_ws/UC_SmartFarmRadar/install/radar_msg/include/radar_msg/radar_msg/action
[9.819s] -- Installing: /home/dammr/Desktop/magister_ws/UC_SmartFarmRadar/install/radar_msg/include/radar_msg/radar_msg/action/radar_beamform.h
[9.819s] -- Installing: /home/dammr/Desktop/magister_ws/UC_SmartFarmRadar/install/radar_msg/include/radar_msg/radar_msg/action/ptu_sweep.h
[9.820s] -- Installing: /home/dammr/Desktop/magister_ws/UC_SmartFarmRadar/install/radar_msg/include/radar_msg/radar_msg/action/detail
[9.820s] -- Installing: /home/dammr/Desktop/magister_ws/UC_SmartFarmRadar/install/radar_msg/include/radar_msg/radar_msg/action/detail/ptu_sweep__functions.c
[9.820s] -- Installing: /home/dammr/Desktop/magister_ws/UC_SmartFarmRadar/install/radar_msg/include/radar_msg/radar_msg/action/detail/ptu_sweep__type_support.h
[9.820s] -- Installing: /home/dammr/Desktop/magister_ws/UC_SmartFarmRadar/install/radar_msg/include/radar_msg/radar_msg/action/detail/ptu_sweep__functions.h
[9.820s] -- Installing: /home/dammr/Desktop/magister_ws/UC_SmartFarmRadar/install/radar_msg/include/radar_msg/radar_msg/action/detail/radar_beamform__functions.h
[9.820s] -- Installing: /home/dammr/Desktop/magister_ws/UC_SmartFarmRadar/install/radar_msg/include/radar_msg/radar_msg/action/detail/radar_beamform__functions.c
[9.820s] -- Installing: /home/dammr/Desktop/magister_ws/UC_SmartFarmRadar/install/radar_msg/include/radar_msg/radar_msg/action/detail/radar_beamform__struct.h
[9.821s] -- Installing: /home/dammr/Desktop/magister_ws/UC_SmartFarmRadar/install/radar_msg/include/radar_msg/radar_msg/action/detail/ptu_sweep__struct.h
[9.821s] -- Installing: /home/dammr/Desktop/magister_ws/UC_SmartFarmRadar/install/radar_msg/include/radar_msg/radar_msg/action/detail/radar_beamform__type_support.h
[9.821s] -- Installing: /home/dammr/Desktop/magister_ws/UC_SmartFarmRadar/install/radar_msg/share/radar_msg/environment/library_path.sh
[9.821s] -- Installing: /home/dammr/Desktop/magister_ws/UC_SmartFarmRadar/install/radar_msg/share/radar_msg/environment/library_path.dsv
[9.821s] -- Installing: /home/dammr/Desktop/magister_ws/UC_SmartFarmRadar/install/radar_msg/lib/libradar_msg__rosidl_generator_c.so
[9.822s] -- Set runtime path of "/home/dammr/Desktop/magister_ws/UC_SmartFarmRadar/install/radar_msg/lib/libradar_msg__rosidl_generator_c.so" to ""
[9.822s] -- Up-to-date: /home/dammr/Desktop/magister_ws/UC_SmartFarmRadar/install/radar_msg/include/radar_msg/radar_msg
[9.822s] -- Up-to-date: /home/dammr/Desktop/magister_ws/UC_SmartFarmRadar/install/radar_msg/include/radar_msg/radar_msg/msg
[9.822s] -- Up-to-date: /home/dammr/Desktop/magister_ws/UC_SmartFarmRadar/install/radar_msg/include/radar_msg/radar_msg/msg/detail
[9.822s] -- Installing: /home/dammr/Desktop/magister_ws/UC_SmartFarmRadar/install/radar_msg/include/radar_msg/radar_msg/msg/detail/ptu__rosidl_typesupport_fastrtps_c.h
[9.822s] -- Installing: /home/dammr/Desktop/magister_ws/UC_SmartFarmRadar/install/radar_msg/include/radar_msg/radar_msg/msg/detail/radar_cartesian__rosidl_typesupport_fastrtps_c.h
[9.822s] -- Installing: /home/dammr/Desktop/magister_ws/UC_SmartFarmRadar/install/radar_msg/include/radar_msg/radar_msg/msg/detail/radar_data__rosidl_typesupport_fastrtps_c.h
[9.822s] -- Installing: /home/dammr/Desktop/magister_ws/UC_SmartFarmRadar/install/radar_msg/include/radar_msg/radar_msg/msg/rosidl_typesupport_fastrtps_c__visibility_control.h
[9.822s] -- Up-to-date: /home/dammr/Desktop/magister_ws/UC_SmartFarmRadar/install/radar_msg/include/radar_msg/radar_msg/action
[9.822s] -- Up-to-date: /home/dammr/Desktop/magister_ws/UC_SmartFarmRadar/install/radar_msg/include/radar_msg/radar_msg/action/detail
[9.822s] -- Installing: /home/dammr/Desktop/magister_ws/UC_SmartFarmRadar/install/radar_msg/include/radar_msg/radar_msg/action/detail/radar_beamform__rosidl_typesupport_fastrtps_c.h
[9.822s] -- Installing: /home/dammr/Desktop/magister_ws/UC_SmartFarmRadar/install/radar_msg/include/radar_msg/radar_msg/action/detail/ptu_sweep__rosidl_typesupport_fastrtps_c.h
[9.822s] -- Installing: /home/dammr/Desktop/magister_ws/UC_SmartFarmRadar/install/radar_msg/lib/libradar_msg__rosidl_typesupport_fastrtps_c.so
[9.823s] -- Set runtime path of "/home/dammr/Desktop/magister_ws/UC_SmartFarmRadar/install/radar_msg/lib/libradar_msg__rosidl_typesupport_fastrtps_c.so" to ""
[9.823s] -- Up-to-date: /home/dammr/Desktop/magister_ws/UC_SmartFarmRadar/install/radar_msg/include/radar_msg/radar_msg
[9.823s] -- Up-to-date: /home/dammr/Desktop/magister_ws/UC_SmartFarmRadar/install/radar_msg/include/radar_msg/radar_msg/msg
[9.823s] -- Up-to-date: /home/dammr/Desktop/magister_ws/UC_SmartFarmRadar/install/radar_msg/include/radar_msg/radar_msg/msg/detail
[9.823s] -- Installing: /home/dammr/Desktop/magister_ws/UC_SmartFarmRadar/install/radar_msg/include/radar_msg/radar_msg/msg/detail/ptu__struct.hpp
[9.823s] -- Installing: /home/dammr/Desktop/magister_ws/UC_SmartFarmRadar/install/radar_msg/include/radar_msg/radar_msg/msg/detail/radar_cartesian__struct.hpp
[9.823s] -- Installing: /home/dammr/Desktop/magister_ws/UC_SmartFarmRadar/install/radar_msg/include/radar_msg/radar_msg/msg/detail/ptu__builder.hpp
[9.823s] -- Installing: /home/dammr/Desktop/magister_ws/UC_SmartFarmRadar/install/radar_msg/include/radar_msg/radar_msg/msg/detail/radar_data__type_support.hpp
[9.823s] -- Installing: /home/dammr/Desktop/magister_ws/UC_SmartFarmRadar/install/radar_msg/include/radar_msg/radar_msg/msg/detail/ptu__type_support.hpp
[9.823s] -- Installing: /home/dammr/Desktop/magister_ws/UC_SmartFarmRadar/install/radar_msg/include/radar_msg/radar_msg/msg/detail/radar_data__struct.hpp
[9.824s] -- Installing: /home/dammr/Desktop/magister_ws/UC_SmartFarmRadar/install/radar_msg/include/radar_msg/radar_msg/msg/detail/radar_data__traits.hpp
[9.824s] -- Installing: /home/dammr/Desktop/magister_ws/UC_SmartFarmRadar/install/radar_msg/include/radar_msg/radar_msg/msg/detail/radar_data__builder.hpp
[9.824s] -- Installing: /home/dammr/Desktop/magister_ws/UC_SmartFarmRadar/install/radar_msg/include/radar_msg/radar_msg/msg/detail/radar_cartesian__traits.hpp
[9.824s] -- Installing: /home/dammr/Desktop/magister_ws/UC_SmartFarmRadar/install/radar_msg/include/radar_msg/radar_msg/msg/detail/radar_cartesian__builder.hpp
[9.824s] -- Installing: /home/dammr/Desktop/magister_ws/UC_SmartFarmRadar/install/radar_msg/include/radar_msg/radar_msg/msg/detail/radar_cartesian__type_support.hpp
[9.824s] -- Installing: /home/dammr/Desktop/magister_ws/UC_SmartFarmRadar/install/radar_msg/include/radar_msg/radar_msg/msg/detail/ptu__traits.hpp
[9.824s] -- Installing: /home/dammr/Desktop/magister_ws/UC_SmartFarmRadar/install/radar_msg/include/radar_msg/radar_msg/msg/rosidl_generator_cpp__visibility_control.hpp
[9.824s] -- Installing: /home/dammr/Desktop/magister_ws/UC_SmartFarmRadar/install/radar_msg/include/radar_msg/radar_msg/msg/ptu.hpp
[9.824s] -- Installing: /home/dammr/Desktop/magister_ws/UC_SmartFarmRadar/install/radar_msg/include/radar_msg/radar_msg/msg/radar_data.hpp
[9.825s] -- Installing: /home/dammr/Desktop/magister_ws/UC_SmartFarmRadar/install/radar_msg/include/radar_msg/radar_msg/msg/radar_cartesian.hpp
[9.825s] -- Up-to-date: /home/dammr/Desktop/magister_ws/UC_SmartFarmRadar/install/radar_msg/include/radar_msg/radar_msg/action
[9.825s] -- Installing: /home/dammr/Desktop/magister_ws/UC_SmartFarmRadar/install/radar_msg/include/radar_msg/radar_msg/action/radar_beamform.hpp
[9.825s] -- Up-to-date: /home/dammr/Desktop/magister_ws/UC_SmartFarmRadar/install/radar_msg/include/radar_msg/radar_msg/action/detail
[9.825s] -- Installing: /home/dammr/Desktop/magister_ws/UC_SmartFarmRadar/install/radar_msg/include/radar_msg/radar_msg/action/detail/ptu_sweep__type_support.hpp
[9.825s] -- Installing: /home/dammr/Desktop/magister_ws/UC_SmartFarmRadar/install/radar_msg/include/radar_msg/radar_msg/action/detail/ptu_sweep__struct.hpp
[9.825s] -- Installing: /home/dammr/Desktop/magister_ws/UC_SmartFarmRadar/install/radar_msg/include/radar_msg/radar_msg/action/detail/ptu_sweep__builder.hpp
[9.825s] -- Installing: /home/dammr/Desktop/magister_ws/UC_SmartFarmRadar/install/radar_msg/include/radar_msg/radar_msg/action/detail/radar_beamform__traits.hpp
[9.825s] -- Installing: /home/dammr/Desktop/magister_ws/UC_SmartFarmRadar/install/radar_msg/include/radar_msg/radar_msg/action/detail/ptu_sweep__traits.hpp
[9.825s] -- Installing: /home/dammr/Desktop/magister_ws/UC_SmartFarmRadar/install/radar_msg/include/radar_msg/radar_msg/action/detail/radar_beamform__struct.hpp
[9.825s] -- Installing: /home/dammr/Desktop/magister_ws/UC_SmartFarmRadar/install/radar_msg/include/radar_msg/radar_msg/action/detail/radar_beamform__type_support.hpp
[9.826s] -- Installing: /home/dammr/Desktop/magister_ws/UC_SmartFarmRadar/install/radar_msg/include/radar_msg/radar_msg/action/detail/radar_beamform__builder.hpp
[9.826s] -- Installing: /home/dammr/Desktop/magister_ws/UC_SmartFarmRadar/install/radar_msg/include/radar_msg/radar_msg/action/ptu_sweep.hpp
[9.826s] -- Up-to-date: /home/dammr/Desktop/magister_ws/UC_SmartFarmRadar/install/radar_msg/include/radar_msg/radar_msg
[9.826s] -- Up-to-date: /home/dammr/Desktop/magister_ws/UC_SmartFarmRadar/install/radar_msg/include/radar_msg/radar_msg/msg
[9.826s] -- Installing: /home/dammr/Desktop/magister_ws/UC_SmartFarmRadar/install/radar_msg/include/radar_msg/radar_msg/msg/rosidl_typesupport_fastrtps_cpp__visibility_control.h
[9.826s] -- Up-to-date: /home/dammr/Desktop/magister_ws/UC_SmartFarmRadar/install/radar_msg/include/radar_msg/radar_msg/msg/detail
[9.826s] -- Installing: /home/dammr/Desktop/magister_ws/UC_SmartFarmRadar/install/radar_msg/include/radar_msg/radar_msg/msg/detail/radar_data__rosidl_typesupport_fastrtps_cpp.hpp
[9.826s] -- Installing: /home/dammr/Desktop/magister_ws/UC_SmartFarmRadar/install/radar_msg/include/radar_msg/radar_msg/msg/detail/ptu__rosidl_typesupport_fastrtps_cpp.hpp
[9.826s] -- Installing: /home/dammr/Desktop/magister_ws/UC_SmartFarmRadar/install/radar_msg/include/radar_msg/radar_msg/msg/detail/radar_cartesian__rosidl_typesupport_fastrtps_cpp.hpp
[9.826s] -- Installing: /home/dammr/Desktop/magister_ws/UC_SmartFarmRadar/install/radar_msg/include/radar_msg/radar_msg/msg/detail/dds_fastrtps
[9.827s] -- Up-to-date: /home/dammr/Desktop/magister_ws/UC_SmartFarmRadar/install/radar_msg/include/radar_msg/radar_msg/action
[9.827s] -- Up-to-date: /home/dammr/Desktop/magister_ws/UC_SmartFarmRadar/install/radar_msg/include/radar_msg/radar_msg/action/detail
[9.827s] -- Installing: /home/dammr/Desktop/magister_ws/UC_SmartFarmRadar/install/radar_msg/include/radar_msg/radar_msg/action/detail/radar_beamform__rosidl_typesupport_fastrtps_cpp.hpp
[9.827s] -- Installing: /home/dammr/Desktop/magister_ws/UC_SmartFarmRadar/install/radar_msg/include/radar_msg/radar_msg/action/detail/ptu_sweep__rosidl_typesupport_fastrtps_cpp.hpp
[9.827s] -- Installing: /home/dammr/Desktop/magister_ws/UC_SmartFarmRadar/install/radar_msg/include/radar_msg/radar_msg/action/detail/dds_fastrtps
[9.827s] -- Installing: /home/dammr/Desktop/magister_ws/UC_SmartFarmRadar/install/radar_msg/lib/libradar_msg__rosidl_typesupport_fastrtps_cpp.so
[9.827s] -- Set runtime path of "/home/dammr/Desktop/magister_ws/UC_SmartFarmRadar/install/radar_msg/lib/libradar_msg__rosidl_typesupport_fastrtps_cpp.so" to ""
[9.828s] -- Up-to-date: /home/dammr/Desktop/magister_ws/UC_SmartFarmRadar/install/radar_msg/include/radar_msg/radar_msg
[9.828s] -- Up-to-date: /home/dammr/Desktop/magister_ws/UC_SmartFarmRadar/install/radar_msg/include/radar_msg/radar_msg/msg
[9.828s] -- Installing: /home/dammr/Desktop/magister_ws/UC_SmartFarmRadar/install/radar_msg/include/radar_msg/radar_msg/msg/rosidl_typesupport_introspection_c__visibility_control.h
[9.828s] -- Up-to-date: /home/dammr/Desktop/magister_ws/UC_SmartFarmRadar/install/radar_msg/include/radar_msg/radar_msg/msg/detail
[9.828s] -- Installing: /home/dammr/Desktop/magister_ws/UC_SmartFarmRadar/install/radar_msg/include/radar_msg/radar_msg/msg/detail/ptu__rosidl_typesupport_introspection_c.h
[9.828s] -- Installing: /home/dammr/Desktop/magister_ws/UC_SmartFarmRadar/install/radar_msg/include/radar_msg/radar_msg/msg/detail/radar_data__type_support.c
[9.828s] -- Installing: /home/dammr/Desktop/magister_ws/UC_SmartFarmRadar/install/radar_msg/include/radar_msg/radar_msg/msg/detail/radar_cartesian__type_support.c
[9.828s] -- Installing: /home/dammr/Desktop/magister_ws/UC_SmartFarmRadar/install/radar_msg/include/radar_msg/radar_msg/msg/detail/ptu__type_support.c
[9.828s] -- Installing: /home/dammr/Desktop/magister_ws/UC_SmartFarmRadar/install/radar_msg/include/radar_msg/radar_msg/msg/detail/radar_data__rosidl_typesupport_introspection_c.h
[9.828s] -- Installing: /home/dammr/Desktop/magister_ws/UC_SmartFarmRadar/install/radar_msg/include/radar_msg/radar_msg/msg/detail/radar_cartesian__rosidl_typesupport_introspection_c.h
[9.828s] -- Up-to-date: /home/dammr/Desktop/magister_ws/UC_SmartFarmRadar/install/radar_msg/include/radar_msg/radar_msg/action
[9.829s] -- Up-to-date: /home/dammr/Desktop/magister_ws/UC_SmartFarmRadar/install/radar_msg/include/radar_msg/radar_msg/action/detail
[9.829s] -- Installing: /home/dammr/Desktop/magister_ws/UC_SmartFarmRadar/install/radar_msg/include/radar_msg/radar_msg/action/detail/radar_beamform__rosidl_typesupport_introspection_c.h
[9.829s] -- Installing: /home/dammr/Desktop/magister_ws/UC_SmartFarmRadar/install/radar_msg/include/radar_msg/radar_msg/action/detail/ptu_sweep__rosidl_typesupport_introspection_c.h
[9.829s] -- Installing: /home/dammr/Desktop/magister_ws/UC_SmartFarmRadar/install/radar_msg/include/radar_msg/radar_msg/action/detail/radar_beamform__type_support.c
[9.829s] -- Installing: /home/dammr/Desktop/magister_ws/UC_SmartFarmRadar/install/radar_msg/include/radar_msg/radar_msg/action/detail/ptu_sweep__type_support.c
[9.829s] -- Installing: /home/dammr/Desktop/magister_ws/UC_SmartFarmRadar/install/radar_msg/lib/libradar_msg__rosidl_typesupport_introspection_c.so
[9.830s] -- Set runtime path of "/home/dammr/Desktop/magister_ws/UC_SmartFarmRadar/install/radar_msg/lib/libradar_msg__rosidl_typesupport_introspection_c.so" to ""
[9.830s] -- Installing: /home/dammr/Desktop/magister_ws/UC_SmartFarmRadar/install/radar_msg/lib/libradar_msg__rosidl_typesupport_c.so
[9.830s] -- Set runtime path of "/home/dammr/Desktop/magister_ws/UC_SmartFarmRadar/install/radar_msg/lib/libradar_msg__rosidl_typesupport_c.so" to ""
[9.830s] -- Up-to-date: /home/dammr/Desktop/magister_ws/UC_SmartFarmRadar/install/radar_msg/include/radar_msg/radar_msg
[9.830s] -- Up-to-date: /home/dammr/Desktop/magister_ws/UC_SmartFarmRadar/install/radar_msg/include/radar_msg/radar_msg/msg
[9.830s] -- Up-to-date: /home/dammr/Desktop/magister_ws/UC_SmartFarmRadar/install/radar_msg/include/radar_msg/radar_msg/msg/detail
[9.830s] -- Installing: /home/dammr/Desktop/magister_ws/UC_SmartFarmRadar/install/radar_msg/include/radar_msg/radar_msg/msg/detail/radar_cartesian__rosidl_typesupport_introspection_cpp.hpp
[9.830s] -- Installing: /home/dammr/Desktop/magister_ws/UC_SmartFarmRadar/install/radar_msg/include/radar_msg/radar_msg/msg/detail/radar_data__type_support.cpp
[9.830s] -- Installing: /home/dammr/Desktop/magister_ws/UC_SmartFarmRadar/install/radar_msg/include/radar_msg/radar_msg/msg/detail/radar_cartesian__type_support.cpp
[9.831s] -- Installing: /home/dammr/Desktop/magister_ws/UC_SmartFarmRadar/install/radar_msg/include/radar_msg/radar_msg/msg/detail/ptu__type_support.cpp
[9.831s] -- Installing: /home/dammr/Desktop/magister_ws/UC_SmartFarmRadar/install/radar_msg/include/radar_msg/radar_msg/msg/detail/ptu__rosidl_typesupport_introspection_cpp.hpp
[9.831s] -- Installing: /home/dammr/Desktop/magister_ws/UC_SmartFarmRadar/install/radar_msg/include/radar_msg/radar_msg/msg/detail/radar_data__rosidl_typesupport_introspection_cpp.hpp
[9.831s] -- Up-to-date: /home/dammr/Desktop/magister_ws/UC_SmartFarmRadar/install/radar_msg/include/radar_msg/radar_msg/action
[9.831s] -- Up-to-date: /home/dammr/Desktop/magister_ws/UC_SmartFarmRadar/install/radar_msg/include/radar_msg/radar_msg/action/detail
[9.831s] -- Installing: /home/dammr/Desktop/magister_ws/UC_SmartFarmRadar/install/radar_msg/include/radar_msg/radar_msg/action/detail/radar_beamform__rosidl_typesupport_introspection_cpp.hpp
[9.831s] -- Installing: /home/dammr/Desktop/magister_ws/UC_SmartFarmRadar/install/radar_msg/include/radar_msg/radar_msg/action/detail/ptu_sweep__type_support.cpp
[9.831s] -- Installing: /home/dammr/Desktop/magister_ws/UC_SmartFarmRadar/install/radar_msg/include/radar_msg/radar_msg/action/detail/radar_beamform__type_support.cpp
[9.831s] -- Installing: /home/dammr/Desktop/magister_ws/UC_SmartFarmRadar/install/radar_msg/include/radar_msg/radar_msg/action/detail/ptu_sweep__rosidl_typesupport_introspection_cpp.hpp
[9.832s] -- Installing: /home/dammr/Desktop/magister_ws/UC_SmartFarmRadar/install/radar_msg/lib/libradar_msg__rosidl_typesupport_introspection_cpp.so
[9.832s] -- Set runtime path of "/home/dammr/Desktop/magister_ws/UC_SmartFarmRadar/install/radar_msg/lib/libradar_msg__rosidl_typesupport_introspection_cpp.so" to ""
[9.832s] -- Installing: /home/dammr/Desktop/magister_ws/UC_SmartFarmRadar/install/radar_msg/lib/libradar_msg__rosidl_typesupport_cpp.so
[9.833s] -- Set runtime path of "/home/dammr/Desktop/magister_ws/UC_SmartFarmRadar/install/radar_msg/lib/libradar_msg__rosidl_typesupport_cpp.so" to ""
[9.833s] -- Installing: /home/dammr/Desktop/magister_ws/UC_SmartFarmRadar/install/radar_msg/share/radar_msg/environment/pythonpath.sh
[9.833s] -- Installing: /home/dammr/Desktop/magister_ws/UC_SmartFarmRadar/install/radar_msg/share/radar_msg/environment/pythonpath.dsv
[9.833s] -- Installing: /home/dammr/Desktop/magister_ws/UC_SmartFarmRadar/install/radar_msg/local/lib/python3.10/dist-packages/radar_msg-0.0.0-py3.10.egg-info
[9.833s] -- Installing: /home/dammr/Desktop/magister_ws/UC_SmartFarmRadar/install/radar_msg/local/lib/python3.10/dist-packages/radar_msg-0.0.0-py3.10.egg-info/PKG-INFO
[9.833s] -- Installing: /home/dammr/Desktop/magister_ws/UC_SmartFarmRadar/install/radar_msg/local/lib/python3.10/dist-packages/radar_msg-0.0.0-py3.10.egg-info/dependency_links.txt
[9.833s] -- Installing: /home/dammr/Desktop/magister_ws/UC_SmartFarmRadar/install/radar_msg/local/lib/python3.10/dist-packages/radar_msg-0.0.0-py3.10.egg-info/SOURCES.txt
[9.834s] -- Installing: /home/dammr/Desktop/magister_ws/UC_SmartFarmRadar/install/radar_msg/local/lib/python3.10/dist-packages/radar_msg-0.0.0-py3.10.egg-info/top_level.txt
[9.834s] -- Installing: /home/dammr/Desktop/magister_ws/UC_SmartFarmRadar/install/radar_msg/local/lib/python3.10/dist-packages/radar_msg
[9.834s] -- Installing: /home/dammr/Desktop/magister_ws/UC_SmartFarmRadar/install/radar_msg/local/lib/python3.10/dist-packages/radar_msg/msg
[9.834s] -- Installing: /home/dammr/Desktop/magister_ws/UC_SmartFarmRadar/install/radar_msg/local/lib/python3.10/dist-packages/radar_msg/msg/_radar_cartesian_s.c
[9.834s] -- Installing: /home/dammr/Desktop/magister_ws/UC_SmartFarmRadar/install/radar_msg/local/lib/python3.10/dist-packages/radar_msg/msg/_radar_data.py
[9.834s] -- Installing: /home/dammr/Desktop/magister_ws/UC_SmartFarmRadar/install/radar_msg/local/lib/python3.10/dist-packages/radar_msg/msg/_ptu_s.c
[9.834s] -- Installing: /home/dammr/Desktop/magister_ws/UC_SmartFarmRadar/install/radar_msg/local/lib/python3.10/dist-packages/radar_msg/msg/_ptu.py
[9.834s] -- Installing: /home/dammr/Desktop/magister_ws/UC_SmartFarmRadar/install/radar_msg/local/lib/python3.10/dist-packages/radar_msg/msg/_radar_cartesian.py
[9.835s] -- Installing: /home/dammr/Desktop/magister_ws/UC_SmartFarmRadar/install/radar_msg/local/lib/python3.10/dist-packages/radar_msg/msg/__init__.py
[9.835s] -- Installing: /home/dammr/Desktop/magister_ws/UC_SmartFarmRadar/install/radar_msg/local/lib/python3.10/dist-packages/radar_msg/msg/_radar_data_s.c
[9.835s] -- Installing: /home/dammr/Desktop/magister_ws/UC_SmartFarmRadar/install/radar_msg/local/lib/python3.10/dist-packages/radar_msg/_radar_msg_s.ep.rosidl_typesupport_fastrtps_c.c
[9.835s] -- Installing: /home/dammr/Desktop/magister_ws/UC_SmartFarmRadar/install/radar_msg/local/lib/python3.10/dist-packages/radar_msg/_radar_msg_s.ep.rosidl_typesupport_c.c
[9.835s] -- Installing: /home/dammr/Desktop/magister_ws/UC_SmartFarmRadar/install/radar_msg/local/lib/python3.10/dist-packages/radar_msg/radar_msg_s__rosidl_typesupport_introspection_c.cpython-310-x86_64-linux-gnu.so
[9.835s] -- Installing: /home/dammr/Desktop/magister_ws/UC_SmartFarmRadar/install/radar_msg/local/lib/python3.10/dist-packages/radar_msg/radar_msg_s__rosidl_typesupport_fastrtps_c.cpython-310-x86_64-linux-gnu.so
[9.836s] -- Installing: /home/dammr/Desktop/magister_ws/UC_SmartFarmRadar/install/radar_msg/local/lib/python3.10/dist-packages/radar_msg/__init__.py
[9.836s] -- Installing: /home/dammr/Desktop/magister_ws/UC_SmartFarmRadar/install/radar_msg/local/lib/python3.10/dist-packages/radar_msg/radar_msg_s__rosidl_typesupport_c.cpython-310-x86_64-linux-gnu.so
[9.836s] -- Installing: /home/dammr/Desktop/magister_ws/UC_SmartFarmRadar/install/radar_msg/local/lib/python3.10/dist-packages/radar_msg/action
[9.836s] -- Installing: /home/dammr/Desktop/magister_ws/UC_SmartFarmRadar/install/radar_msg/local/lib/python3.10/dist-packages/radar_msg/action/_ptu_sweep.py
[9.836s] -- Installing: /home/dammr/Desktop/magister_ws/UC_SmartFarmRadar/install/radar_msg/local/lib/python3.10/dist-packages/radar_msg/action/_radar_beamform_s.c
[9.836s] -- Installing: /home/dammr/Desktop/magister_ws/UC_SmartFarmRadar/install/radar_msg/local/lib/python3.10/dist-packages/radar_msg/action/_ptu_sweep_s.c
[9.837s] -- Installing: /home/dammr/Desktop/magister_ws/UC_SmartFarmRadar/install/radar_msg/local/lib/python3.10/dist-packages/radar_msg/action/__init__.py
[9.837s] -- Installing: /home/dammr/Desktop/magister_ws/UC_SmartFarmRadar/install/radar_msg/local/lib/python3.10/dist-packages/radar_msg/action/_radar_beamform.py
[9.837s] -- Installing: /home/dammr/Desktop/magister_ws/UC_SmartFarmRadar/install/radar_msg/local/lib/python3.10/dist-packages/radar_msg/_radar_msg_s.ep.rosidl_typesupport_introspection_c.c
[9.837s] -- Installing: /home/dammr/Desktop/magister_ws/UC_SmartFarmRadar/install/radar_msg/local/lib/python3.10/dist-packages/radar_msg/libradar_msg__rosidl_generator_py.so
[9.965s] Listing '/home/dammr/Desktop/magister_ws/UC_SmartFarmRadar/install/radar_msg/local/lib/python3.10/dist-packages/radar_msg'...
[9.965s] Compiling '/home/dammr/Desktop/magister_ws/UC_SmartFarmRadar/install/radar_msg/local/lib/python3.10/dist-packages/radar_msg/__init__.py'...
[9.965s] Listing '/home/dammr/Desktop/magister_ws/UC_SmartFarmRadar/install/radar_msg/local/lib/python3.10/dist-packages/radar_msg/action'...
[9.965s] Compiling '/home/dammr/Desktop/magister_ws/UC_SmartFarmRadar/install/radar_msg/local/lib/python3.10/dist-packages/radar_msg/action/__init__.py'...
[9.966s] Compiling '/home/dammr/Desktop/magister_ws/UC_SmartFarmRadar/install/radar_msg/local/lib/python3.10/dist-packages/radar_msg/action/_ptu_sweep.py'...
[9.966s] Compiling '/home/dammr/Desktop/magister_ws/UC_SmartFarmRadar/install/radar_msg/local/lib/python3.10/dist-packages/radar_msg/action/_radar_beamform.py'...
[9.966s] Listing '/home/dammr/Desktop/magister_ws/UC_SmartFarmRadar/install/radar_msg/local/lib/python3.10/dist-packages/radar_msg/msg'...
[9.966s] Compiling '/home/dammr/Desktop/magister_ws/UC_SmartFarmRadar/install/radar_msg/local/lib/python3.10/dist-packages/radar_msg/msg/__init__.py'...
[9.966s] Compiling '/home/dammr/Desktop/magister_ws/UC_SmartFarmRadar/install/radar_msg/local/lib/python3.10/dist-packages/radar_msg/msg/_ptu.py'...
[9.966s] Compiling '/home/dammr/Desktop/magister_ws/UC_SmartFarmRadar/install/radar_msg/local/lib/python3.10/dist-packages/radar_msg/msg/_radar_cartesian.py'...
[9.966s] Compiling '/home/dammr/Desktop/magister_ws/UC_SmartFarmRadar/install/radar_msg/local/lib/python3.10/dist-packages/radar_msg/msg/_radar_data.py'...
[9.970s] -- Installing: /home/dammr/Desktop/magister_ws/UC_SmartFarmRadar/install/radar_msg/local/lib/python3.10/dist-packages/radar_msg/radar_msg_s__rosidl_typesupport_fastrtps_c.cpython-310-x86_64-linux-gnu.so
[9.970s] -- Set runtime path of "/home/dammr/Desktop/magister_ws/UC_SmartFarmRadar/install/radar_msg/local/lib/python3.10/dist-packages/radar_msg/radar_msg_s__rosidl_typesupport_fastrtps_c.cpython-310-x86_64-linux-gnu.so" to ""
[9.970s] -- Installing: /home/dammr/Desktop/magister_ws/UC_SmartFarmRadar/install/radar_msg/local/lib/python3.10/dist-packages/radar_msg/radar_msg_s__rosidl_typesupport_introspection_c.cpython-310-x86_64-linux-gnu.so
[9.971s] -- Set runtime path of "/home/dammr/Desktop/magister_ws/UC_SmartFarmRadar/install/radar_msg/local/lib/python3.10/dist-packages/radar_msg/radar_msg_s__rosidl_typesupport_introspection_c.cpython-310-x86_64-linux-gnu.so" to ""
[9.971s] -- Installing: /home/dammr/Desktop/magister_ws/UC_SmartFarmRadar/install/radar_msg/local/lib/python3.10/dist-packages/radar_msg/radar_msg_s__rosidl_typesupport_c.cpython-310-x86_64-linux-gnu.so
[9.971s] -- Set runtime path of "/home/dammr/Desktop/magister_ws/UC_SmartFarmRadar/install/radar_msg/local/lib/python3.10/dist-packages/radar_msg/radar_msg_s__rosidl_typesupport_c.cpython-310-x86_64-linux-gnu.so" to ""
[9.971s] -- Installing: /home/dammr/Desktop/magister_ws/UC_SmartFarmRadar/install/radar_msg/lib/libradar_msg__rosidl_generator_py.so
[9.972s] -- Set runtime path of "/home/dammr/Desktop/magister_ws/UC_SmartFarmRadar/install/radar_msg/lib/libradar_msg__rosidl_generator_py.so" to ""
[9.972s] -- Installing: /home/dammr/Desktop/magister_ws/UC_SmartFarmRadar/install/radar_msg/share/radar_msg/msg/Ptu.idl
[9.972s] -- Installing: /home/dammr/Desktop/magister_ws/UC_SmartFarmRadar/install/radar_msg/share/radar_msg/msg/RadarData.idl
[9.972s] -- Installing: /home/dammr/Desktop/magister_ws/UC_SmartFarmRadar/install/radar_msg/share/radar_msg/msg/RadarCartesian.idl
[9.972s] -- Installing: /home/dammr/Desktop/magister_ws/UC_SmartFarmRadar/install/radar_msg/share/radar_msg/action/RadarBeamform.idl
[9.972s] -- Installing: /home/dammr/Desktop/magister_ws/UC_SmartFarmRadar/install/radar_msg/share/radar_msg/action/PtuSweep.idl
[9.972s] -- Installing: /home/dammr/Desktop/magister_ws/UC_SmartFarmRadar/install/radar_msg/share/radar_msg/msg/Ptu.msg
[9.973s] -- Installing: /home/dammr/Desktop/magister_ws/UC_SmartFarmRadar/install/radar_msg/share/radar_msg/msg/RadarData.msg
[9.973s] -- Installing: /home/dammr/Desktop/magister_ws/UC_SmartFarmRadar/install/radar_msg/share/radar_msg/msg/RadarCartesian.msg
[9.973s] -- Installing: /home/dammr/Desktop/magister_ws/UC_SmartFarmRadar/install/radar_msg/share/radar_msg/action/RadarBeamform.action
[9.973s] -- Installing: /home/dammr/Desktop/magister_ws/UC_SmartFarmRadar/install/radar_msg/share/radar_msg/action/PtuSweep.action
[9.973s] -- Installing: /home/dammr/Desktop/magister_ws/UC_SmartFarmRadar/install/radar_msg/lib/radar_msg/publish_radar_data.py
[9.973s] -- Installing: /home/dammr/Desktop/magister_ws/UC_SmartFarmRadar/install/radar_msg/lib/radar_msg/subscribe_radar_data.py
[9.973s] -- Installing: /home/dammr/Desktop/magister_ws/UC_SmartFarmRadar/install/radar_msg/share/ament_index/resource_index/package_run_dependencies/radar_msg
[9.974s] -- Installing: /home/dammr/Desktop/magister_ws/UC_SmartFarmRadar/install/radar_msg/share/ament_index/resource_index/parent_prefix_path/radar_msg
[9.974s] -- Installing: /home/dammr/Desktop/magister_ws/UC_SmartFarmRadar/install/radar_msg/share/radar_msg/environment/ament_prefix_path.sh
[9.974s] -- Installing: /home/dammr/Desktop/magister_ws/UC_SmartFarmRadar/install/radar_msg/share/radar_msg/environment/ament_prefix_path.dsv
[9.974s] -- Installing: /home/dammr/Desktop/magister_ws/UC_SmartFarmRadar/install/radar_msg/share/radar_msg/environment/path.sh
[9.974s] -- Installing: /home/dammr/Desktop/magister_ws/UC_SmartFarmRadar/install/radar_msg/share/radar_msg/environment/path.dsv
[9.974s] -- Installing: /home/dammr/Desktop/magister_ws/UC_SmartFarmRadar/install/radar_msg/share/radar_msg/local_setup.bash
[9.974s] -- Installing: /home/dammr/Desktop/magister_ws/UC_SmartFarmRadar/install/radar_msg/share/radar_msg/local_setup.sh
[9.974s] -- Installing: /home/dammr/Desktop/magister_ws/UC_SmartFarmRadar/install/radar_msg/share/radar_msg/local_setup.zsh
[9.974s] -- Installing: /home/dammr/Desktop/magister_ws/UC_SmartFarmRadar/install/radar_msg/share/radar_msg/local_setup.dsv
[9.975s] -- Installing: /home/dammr/Desktop/magister_ws/UC_SmartFarmRadar/install/radar_msg/share/radar_msg/package.dsv
[9.975s] -- Installing: /home/dammr/Desktop/magister_ws/UC_SmartFarmRadar/install/radar_msg/share/ament_index/resource_index/packages/radar_msg
[9.975s] -- Installing: /home/dammr/Desktop/magister_ws/UC_SmartFarmRadar/install/radar_msg/share/radar_msg/cmake/export_radar_msg__rosidl_generator_cExport.cmake
[9.975s] -- Installing: /home/dammr/Desktop/magister_ws/UC_SmartFarmRadar/install/radar_msg/share/radar_msg/cmake/export_radar_msg__rosidl_generator_cExport-noconfig.cmake
[9.975s] -- Installing: /home/dammr/Desktop/magister_ws/UC_SmartFarmRadar/install/radar_msg/share/radar_msg/cmake/export_radar_msg__rosidl_typesupport_fastrtps_cExport.cmake
[9.975s] -- Installing: /home/dammr/Desktop/magister_ws/UC_SmartFarmRadar/install/radar_msg/share/radar_msg/cmake/export_radar_msg__rosidl_typesupport_fastrtps_cExport-noconfig.cmake
[9.975s] -- Installing: /home/dammr/Desktop/magister_ws/UC_SmartFarmRadar/install/radar_msg/share/radar_msg/cmake/export_radar_msg__rosidl_generator_cppExport.cmake
[9.976s] -- Installing: /home/dammr/Desktop/magister_ws/UC_SmartFarmRadar/install/radar_msg/share/radar_msg/cmake/export_radar_msg__rosidl_typesupport_fastrtps_cppExport.cmake
[9.976s] -- Installing: /home/dammr/Desktop/magister_ws/UC_SmartFarmRadar/install/radar_msg/share/radar_msg/cmake/export_radar_msg__rosidl_typesupport_fastrtps_cppExport-noconfig.cmake
[9.977s] -- Installing: /home/dammr/Desktop/magister_ws/UC_SmartFarmRadar/install/radar_msg/share/radar_msg/cmake/radar_msg__rosidl_typesupport_introspection_cExport.cmake
[9.977s] -- Installing: /home/dammr/Desktop/magister_ws/UC_SmartFarmRadar/install/radar_msg/share/radar_msg/cmake/radar_msg__rosidl_typesupport_introspection_cExport-noconfig.cmake
[9.977s] -- Installing: /home/dammr/Desktop/magister_ws/UC_SmartFarmRadar/install/radar_msg/share/radar_msg/cmake/radar_msg__rosidl_typesupport_cExport.cmake
[9.977s] -- Installing: /home/dammr/Desktop/magister_ws/UC_SmartFarmRadar/install/radar_msg/share/radar_msg/cmake/radar_msg__rosidl_typesupport_cExport-noconfig.cmake
[9.977s] -- Installing: /home/dammr/Desktop/magister_ws/UC_SmartFarmRadar/install/radar_msg/share/radar_msg/cmake/radar_msg__rosidl_typesupport_introspection_cppExport.cmake
[9.977s] -- Installing: /home/dammr/Desktop/magister_ws/UC_SmartFarmRadar/install/radar_msg/share/radar_msg/cmake/radar_msg__rosidl_typesupport_introspection_cppExport-noconfig.cmake
[9.977s] -- Installing: /home/dammr/Desktop/magister_ws/UC_SmartFarmRadar/install/radar_msg/share/radar_msg/cmake/radar_msg__rosidl_typesupport_cppExport.cmake
[9.977s] -- Installing: /home/dammr/Desktop/magister_ws/UC_SmartFarmRadar/install/radar_msg/share/radar_msg/cmake/radar_msg__rosidl_typesupport_cppExport-noconfig.cmake
[9.978s] -- Installing: /home/dammr/Desktop/magister_ws/UC_SmartFarmRadar/install/radar_msg/share/radar_msg/cmake/export_radar_msg__rosidl_generator_pyExport.cmake
[9.978s] -- Installing: /home/dammr/Desktop/magister_ws/UC_SmartFarmRadar/install/radar_msg/share/radar_msg/cmake/export_radar_msg__rosidl_generator_pyExport-noconfig.cmake
[9.978s] -- Installing: /home/dammr/Desktop/magister_ws/UC_SmartFarmRadar/install/radar_msg/share/radar_msg/cmake/rosidl_cmake-extras.cmake
[9.978s] -- Installing: /home/dammr/Desktop/magister_ws/UC_SmartFarmRadar/install/radar_msg/share/radar_msg/cmake/ament_cmake_export_dependencies-extras.cmake
[9.978s] -- Installing: /home/dammr/Desktop/magister_ws/UC_SmartFarmRadar/install/radar_msg/share/radar_msg/cmake/ament_cmake_export_include_directories-extras.cmake
[9.978s] -- Installing: /home/dammr/Desktop/magister_ws/UC_SmartFarmRadar/install/radar_msg/share/radar_msg/cmake/ament_cmake_export_libraries-extras.cmake
[9.978s] -- Installing: /home/dammr/Desktop/magister_ws/UC_SmartFarmRadar/install/radar_msg/share/radar_msg/cmake/ament_cmake_export_targets-extras.cmake
[9.979s] -- Installing: /home/dammr/Desktop/magister_ws/UC_SmartFarmRadar/install/radar_msg/share/radar_msg/cmake/rosidl_cmake_export_typesupport_targets-extras.cmake
[9.979s] -- Installing: /home/dammr/Desktop/magister_ws/UC_SmartFarmRadar/install/radar_msg/share/radar_msg/cmake/rosidl_cmake_export_typesupport_libraries-extras.cmake
[9.979s] -- Installing: /home/dammr/Desktop/magister_ws/UC_SmartFarmRadar/install/radar_msg/share/radar_msg/cmake/radar_msgConfig.cmake
[9.979s] -- Installing: /home/dammr/Desktop/magister_ws/UC_SmartFarmRadar/install/radar_msg/share/radar_msg/cmake/radar_msgConfig-version.cmake
[9.979s] -- Installing: /home/dammr/Desktop/magister_ws/UC_SmartFarmRadar/install/radar_msg/share/radar_msg/package.xml
[9.982s] Invoked command in '/home/dammr/Desktop/magister_ws/UC_SmartFarmRadar/build/radar_msg' returned '0': CMAKE_PREFIX_PATH=${CMAKE_PREFIX_PATH}:/home/dammr/Desktop/magister_ws/UC_SmartFarmRadar/install/state_machine:/home/dammr/Desktop/magister_ws/UC_SmartFarmRadar/install/radar_package:/home/dammr/Desktop/magister_ws/UC_SmartFarmRadar/install/ptu_package:/opt/ros/humble:/home/dammr/ros2_humble/install/rqt_bag_plugins:/home/dammr/ros2_humble/install/rqt_bag:/home/dammr/ros2_humble/install/launch_testing_examples:/home/dammr/ros2_humble/install/ros2bag:/home/dammr/ros2_humble/install/tracetools_test:/home/dammr/ros2_humble/install/tracetools_launch:/home/dammr/ros2_humble/install/topic_monitor:/home/dammr/ros2_humble/install/tf2_tools:/home/dammr/ros2_humble/install/examples_tf2_py:/home/dammr/ros2_humble/install/tf2_ros_py:/home/dammr/ros2_humble/install/sros2:/home/dammr/ros2_humble/install/rqt_topic:/home/dammr/ros2_humble/install/rqt_srv:/home/dammr/ros2_humble/install/rqt_shell:/home/dammr/ros2_humble/install/rqt_service_caller:/home/dammr/ros2_humble/install/rqt_reconfigure:/home/dammr/ros2_humble/install/rqt_py_console:/home/dammr/ros2_humble/install/rqt_publisher:/home/dammr/ros2_humble/install/rqt_plot:/home/dammr/ros2_humble/install/rqt_action:/home/dammr/ros2_humble/install/rqt_msg:/home/dammr/ros2_humble/install/rqt_console:/home/dammr/ros2_humble/install/rqt:/home/dammr/ros2_humble/install/rqt_graph:/home/dammr/ros2_humble/install/rqt_gui_py:/home/dammr/ros2_humble/install/rqt_gui:/home/dammr/ros2_humble/install/ros2trace:/home/dammr/ros2_humble/install/ros2topic:/home/dammr/ros2_humble/install/ros2test:/home/dammr/ros2_humble/install/ros2component:/home/dammr/ros2_humble/install/ros2param:/home/dammr/ros2_humble/install/ros2lifecycle:/home/dammr/ros2_humble/install/ros2service:/home/dammr/ros2_humble/install/ros2run:/home/dammr/ros2_humble/install/ros2launch:/home/dammr/ros2_humble/install/ros2pkg:/home/dammr/ros2_humble/install/ros2node:/home/dammr/ros2_humble/install/ros2multicast:/home/dammr/ros2_humble/install/ros2interface:/home/dammr/ros2_humble/install/ros2doctor:/home/dammr/ros2_humble/install/ros2action:/home/dammr/ros2_humble/install/ros2cli:/home/dammr/ros2_humble/install/quality_of_service_demo_py:/home/dammr/ros2_humble/install/lifecycle_py:/home/dammr/ros2_humble/install/launch_testing_ros:/home/dammr/ros2_humble/install/launch_ros:/home/dammr/ros2_humble/install/examples_rclpy_pointcloud_publisher:/home/dammr/ros2_humble/install/examples_rclpy_minimal_subscriber:/home/dammr/ros2_humble/install/examples_rclpy_minimal_service:/home/dammr/ros2_humble/install/examples_rclpy_minimal_publisher:/home/dammr/ros2_humble/install/examples_rclpy_minimal_client:/home/dammr/ros2_humble/install/examples_rclpy_minimal_action_server:/home/dammr/ros2_humble/install/examples_rclpy_minimal_action_client:/home/dammr/ros2_humble/install/examples_rclpy_guard_conditions:/home/dammr/ros2_humble/install/examples_rclpy_executors:/home/dammr/ros2_humble/install/demo_nodes_py:/home/dammr/ros2_humble/install/camera_info_manager_py:/home/dammr/ros2_humble/install/action_tutorials_py:/home/dammr/ros2_humble/install/ament_uncrustify:/home/dammr/ros2_humble/install/tracetools_trace:/home/dammr/ros2_humble/install/tracetools_read:/home/dammr/ros2_humble/install/test_tracetools_launch:/home/dammr/ros2_humble/install/test_launch_ros:/home/dammr/ros2_humble/install/sensor_msgs_py:/home/dammr/ros2_humble/install/rpyutils:/home/dammr/ros2_humble/install/rosidl_runtime_py:/home/dammr/ros2_humble/install/rosidl_cli:/home/dammr/ros2_humble/install/launch_pytest:/home/dammr/ros2_humble/install/launch_testing:/home/dammr/ros2_humble/install/launch_yaml:/home/dammr/ros2_humble/install/launch_xml:/home/dammr/ros2_humble/install/launch:/home/dammr/ros2_humble/install/osrf_pycommon:/home/dammr/ros2_humble/install/domain_coordinator:/home/dammr/ros2_humble/install/ament_xmllint:/home/dammr/ros2_humble/install/ament_pyflakes:/home/dammr/ros2_humble/install/ament_pycodestyle:/home/dammr/ros2_humble/install/ament_pep257:/home/dammr/ros2_humble/install/ament_pclint:/home/dammr/ros2_humble/install/ament_package:/home/dammr/ros2_humble/install/ament_mypy:/home/dammr/ros2_humble/install/ament_lint_cmake:/home/dammr/ros2_humble/install/ament_flake8:/home/dammr/ros2_humble/install/ament_copyright:/home/dammr/ros2_humble/install/ament_lint:/home/dammr/ros2_humble/install/ament_index_python:/home/dammr/ros2_humble/install/ament_cpplint:/home/dammr/ros2_humble/install/ament_cppcheck:/home/dammr/ros2_humble/install/ament_clang_tidy:/home/dammr/ros2_humble/install/ament_clang_format /usr/bin/cmake --install /home/dammr/Desktop/magister_ws/UC_SmartFarmRadar/build/radar_msg
