running egg_info
creating ../build/state_machine/state_machine.egg-info
writing ../build/state_machine/state_machine.egg-info/PKG-INFO
writing dependency_links to ../build/state_machine/state_machine.egg-info/dependency_links.txt
writing entry points to ../build/state_machine/state_machine.egg-info/entry_points.txt
writing requirements to ../build/state_machine/state_machine.egg-info/requires.txt
writing top-level names to ../build/state_machine/state_machine.egg-info/top_level.txt
writing manifest file '../build/state_machine/state_machine.egg-info/SOURCES.txt'
reading manifest file '../build/state_machine/state_machine.egg-info/SOURCES.txt'
adding license file 'LICENSE'
writing manifest file '../build/state_machine/state_machine.egg-info/SOURCES.txt'
running build
running build_py
creating /home/dammr/Desktop/magister_ws/UC_SmartFarmRadar/build/state_machine/build
creating /home/dammr/Desktop/magister_ws/UC_SmartFarmRadar/build/state_machine/build/lib
creating /home/dammr/Desktop/magister_ws/UC_SmartFarmRadar/build/state_machine/build/lib/state_machine
copying state_machine/active_ptu_radar2.py -> /home/dammr/Desktop/magister_ws/UC_SmartFarmRadar/build/state_machine/build/lib/state_machine
copying state_machine/state_machine.py -> /home/dammr/Desktop/magister_ws/UC_SmartFarmRadar/build/state_machine/build/lib/state_machine
copying state_machine/active_radar.py -> /home/dammr/Desktop/magister_ws/UC_SmartFarmRadar/build/state_machine/build/lib/state_machine
copying state_machine/active_ptu_radar.py -> /home/dammr/Desktop/magister_ws/UC_SmartFarmRadar/build/state_machine/build/lib/state_machine
copying state_machine/__init__.py -> /home/dammr/Desktop/magister_ws/UC_SmartFarmRadar/build/state_machine/build/lib/state_machine
running install
running install_lib
creating /home/dammr/Desktop/magister_ws/UC_SmartFarmRadar/install/state_machine/lib/python3.10/site-packages/state_machine
copying /home/dammr/Desktop/magister_ws/UC_SmartFarmRadar/build/state_machine/build/lib/state_machine/active_ptu_radar2.py -> /home/dammr/Desktop/magister_ws/UC_SmartFarmRadar/install/state_machine/lib/python3.10/site-packages/state_machine
copying /home/dammr/Desktop/magister_ws/UC_SmartFarmRadar/build/state_machine/build/lib/state_machine/state_machine.py -> /home/dammr/Desktop/magister_ws/UC_SmartFarmRadar/install/state_machine/lib/python3.10/site-packages/state_machine
copying /home/dammr/Desktop/magister_ws/UC_SmartFarmRadar/build/state_machine/build/lib/state_machine/active_radar.py -> /home/dammr/Desktop/magister_ws/UC_SmartFarmRadar/install/state_machine/lib/python3.10/site-packages/state_machine
copying /home/dammr/Desktop/magister_ws/UC_SmartFarmRadar/build/state_machine/build/lib/state_machine/active_ptu_radar.py -> /home/dammr/Desktop/magister_ws/UC_SmartFarmRadar/install/state_machine/lib/python3.10/site-packages/state_machine
copying /home/dammr/Desktop/magister_ws/UC_SmartFarmRadar/build/state_machine/build/lib/state_machine/__init__.py -> /home/dammr/Desktop/magister_ws/UC_SmartFarmRadar/install/state_machine/lib/python3.10/site-packages/state_machine
byte-compiling /home/dammr/Desktop/magister_ws/UC_SmartFarmRadar/install/state_machine/lib/python3.10/site-packages/state_machine/active_ptu_radar2.py to active_ptu_radar2.cpython-310.pyc
byte-compiling /home/dammr/Desktop/magister_ws/UC_SmartFarmRadar/install/state_machine/lib/python3.10/site-packages/state_machine/state_machine.py to state_machine.cpython-310.pyc
byte-compiling /home/dammr/Desktop/magister_ws/UC_SmartFarmRadar/install/state_machine/lib/python3.10/site-packages/state_machine/active_radar.py to active_radar.cpython-310.pyc
byte-compiling /home/dammr/Desktop/magister_ws/UC_SmartFarmRadar/install/state_machine/lib/python3.10/site-packages/state_machine/active_ptu_radar.py to active_ptu_radar.cpython-310.pyc
byte-compiling /home/dammr/Desktop/magister_ws/UC_SmartFarmRadar/install/state_machine/lib/python3.10/site-packages/state_machine/__init__.py to __init__.cpython-310.pyc
running install_data
creating /home/dammr/Desktop/magister_ws/UC_SmartFarmRadar/install/state_machine/share/ament_index
creating /home/dammr/Desktop/magister_ws/UC_SmartFarmRadar/install/state_machine/share/ament_index/resource_index
creating /home/dammr/Desktop/magister_ws/UC_SmartFarmRadar/install/state_machine/share/ament_index/resource_index/packages
copying resource/state_machine -> /home/dammr/Desktop/magister_ws/UC_SmartFarmRadar/install/state_machine/share/ament_index/resource_index/packages
copying package.xml -> /home/dammr/Desktop/magister_ws/UC_SmartFarmRadar/install/state_machine/share/state_machine
running install_egg_info
Copying ../build/state_machine/state_machine.egg-info to /home/dammr/Desktop/magister_ws/UC_SmartFarmRadar/install/state_machine/lib/python3.10/site-packages/state_machine-0.0.0-py3.10.egg-info
running install_scripts
Installing active_ptu_radar script to /home/dammr/Desktop/magister_ws/UC_SmartFarmRadar/install/state_machine/lib/state_machine
Installing active_radar script to /home/dammr/Desktop/magister_ws/UC_SmartFarmRadar/install/state_machine/lib/state_machine
Installing state_machine script to /home/dammr/Desktop/magister_ws/UC_SmartFarmRadar/install/state_machine/lib/state_machine
writing list of installed files to '/home/dammr/Desktop/magister_ws/UC_SmartFarmRadar/build/state_machine/install.log'
