[1.697s] Invoking command in '/home/dammr/Desktop/magister_ws/UC_SmartFarmRadar/state_machine': AMENT_PREFIX_PATH=/home/dammr/Desktop/magister_ws/UC_SmartFarmRadar/install/radar_msg:${AMENT_PREFIX_PATH} CMAKE_PREFIX_PATH=/home/dammr/Desktop/magister_ws/UC_SmartFarmRadar/install/radar_msg:${CMAKE_PREFIX_PATH} LD_LIBRARY_PATH=/home/dammr/Desktop/magister_ws/UC_SmartFarmRadar/install/radar_msg/lib:${LD_LIBRARY_PATH} PYTHONPATH=/home/dammr/Desktop/magister_ws/UC_SmartFarmRadar/build/state_machine/prefix_override:/usr/lib/python3/dist-packages/colcon_core/task/python/colcon_distutils_commands:/home/dammr/Desktop/magister_ws/UC_SmartFarmRadar/install/state_machine/lib/python3.10/site-packages:/home/dammr/Desktop/magister_ws/UC_SmartFarmRadar/install/radar_msg/local/lib/python3.10/dist-packages:${PYTHONPATH} /usr/bin/python3 -W ignore:setup.py install is deprecated -W ignore:easy_install command is deprecated setup.py egg_info --egg-base ../build/state_machine build --build-base /home/dammr/Desktop/magister_ws/UC_SmartFarmRadar/build/state_machine/build install --record /home/dammr/Desktop/magister_ws/UC_SmartFarmRadar/build/state_machine/install.log --single-version-externally-managed install_data
[2.051s] running egg_info
[2.051s] writing ../build/state_machine/state_machine.egg-info/PKG-INFO
[2.051s] writing dependency_links to ../build/state_machine/state_machine.egg-info/dependency_links.txt
[2.051s] writing entry points to ../build/state_machine/state_machine.egg-info/entry_points.txt
[2.051s] writing requirements to ../build/state_machine/state_machine.egg-info/requires.txt
[2.052s] writing top-level names to ../build/state_machine/state_machine.egg-info/top_level.txt
[2.053s] reading manifest file '../build/state_machine/state_machine.egg-info/SOURCES.txt'
[2.053s] adding license file 'LICENSE'
[2.054s] writing manifest file '../build/state_machine/state_machine.egg-info/SOURCES.txt'
[2.054s] running build
[2.054s] running build_py
[2.054s] running install
[2.054s] running install_lib
[2.056s] running install_data
[2.057s] running install_egg_info
[2.059s] removing '/home/dammr/Desktop/magister_ws/UC_SmartFarmRadar/install/state_machine/lib/python3.10/site-packages/state_machine-0.0.0-py3.10.egg-info' (and everything under it)
[2.060s] Copying ../build/state_machine/state_machine.egg-info to /home/dammr/Desktop/magister_ws/UC_SmartFarmRadar/install/state_machine/lib/python3.10/site-packages/state_machine-0.0.0-py3.10.egg-info
[2.060s] running install_scripts
[2.090s] Installing active_ptu_radar script to /home/dammr/Desktop/magister_ws/UC_SmartFarmRadar/install/state_machine/lib/state_machine
[2.090s] Installing active_radar script to /home/dammr/Desktop/magister_ws/UC_SmartFarmRadar/install/state_machine/lib/state_machine
[2.090s] Installing state_machine script to /home/dammr/Desktop/magister_ws/UC_SmartFarmRadar/install/state_machine/lib/state_machine
[2.091s] writing list of installed files to '/home/dammr/Desktop/magister_ws/UC_SmartFarmRadar/build/state_machine/install.log'
[2.119s] Invoked command in '/home/dammr/Desktop/magister_ws/UC_SmartFarmRadar/state_machine' returned '0': AMENT_PREFIX_PATH=/home/dammr/Desktop/magister_ws/UC_SmartFarmRadar/install/radar_msg:${AMENT_PREFIX_PATH} CMAKE_PREFIX_PATH=/home/dammr/Desktop/magister_ws/UC_SmartFarmRadar/install/radar_msg:${CMAKE_PREFIX_PATH} LD_LIBRARY_PATH=/home/dammr/Desktop/magister_ws/UC_SmartFarmRadar/install/radar_msg/lib:${LD_LIBRARY_PATH} PYTHONPATH=/home/dammr/Desktop/magister_ws/UC_SmartFarmRadar/build/state_machine/prefix_override:/usr/lib/python3/dist-packages/colcon_core/task/python/colcon_distutils_commands:/home/dammr/Desktop/magister_ws/UC_SmartFarmRadar/install/state_machine/lib/python3.10/site-packages:/home/dammr/Desktop/magister_ws/UC_SmartFarmRadar/install/radar_msg/local/lib/python3.10/dist-packages:${PYTHONPATH} /usr/bin/python3 -W ignore:setup.py install is deprecated -W ignore:easy_install command is deprecated setup.py egg_info --egg-base ../build/state_machine build --build-base /home/dammr/Desktop/magister_ws/UC_SmartFarmRadar/build/state_machine/build install --record /home/dammr/Desktop/magister_ws/UC_SmartFarmRadar/build/state_machine/install.log --single-version-externally-managed install_data
