/home/dammr/Desktop/magister_ws/UC_SmartFarmRadar/install/radar_package/lib/python3.10/site-packages/radar_package/mosaic.py
/home/dammr/Desktop/magister_ws/UC_SmartFarmRadar/install/radar_package/lib/python3.10/site-packages/radar_package/tf_radar_base.py
/home/dammr/Desktop/magister_ws/UC_SmartFarmRadar/install/radar_package/lib/python3.10/site-packages/radar_package/__init__.py
/home/dammr/Desktop/magister_ws/UC_SmartFarmRadar/install/radar_package/lib/python3.10/site-packages/radar_package/visualization/mapa_cartesiano.py
/home/dammr/Desktop/magister_ws/UC_SmartFarmRadar/install/radar_package/lib/python3.10/site-packages/radar_package/visualization/waterfall.py
/home/dammr/Desktop/magister_ws/UC_SmartFarmRadar/install/radar_package/lib/python3.10/site-packages/radar_package/visualization/radar_visualizer.py
/home/dammr/Desktop/magister_ws/UC_SmartFarmRadar/install/radar_package/lib/python3.10/site-packages/radar_package/visualization/cartesian_plot.py
/home/dammr/Desktop/magister_ws/UC_SmartFarmRadar/install/radar_package/lib/python3.10/site-packages/radar_package/visualization/radar_polar_visualizer.py
/home/dammr/Desktop/magister_ws/UC_SmartFarmRadar/install/radar_package/lib/python3.10/site-packages/radar_package/visualization/radar_raw_visualizer.py
/home/dammr/Desktop/magister_ws/UC_SmartFarmRadar/install/radar_package/lib/python3.10/site-packages/radar_package/visualization/__init__.py
/home/dammr/Desktop/magister_ws/UC_SmartFarmRadar/install/radar_package/lib/python3.10/site-packages/radar_package/simulation/simulador_radar.py
/home/dammr/Desktop/magister_ws/UC_SmartFarmRadar/install/radar_package/lib/python3.10/site-packages/radar_package/simulation/simulador_ptu.py
/home/dammr/Desktop/magister_ws/UC_SmartFarmRadar/install/radar_package/lib/python3.10/site-packages/radar_package/simulation/__init__.py
/home/dammr/Desktop/magister_ws/UC_SmartFarmRadar/install/radar_package/lib/python3.10/site-packages/radar_package/nodes/radar_node.py
/home/dammr/Desktop/magister_ws/UC_SmartFarmRadar/install/radar_package/lib/python3.10/site-packages/radar_package/nodes/__init__.py
/home/dammr/Desktop/magister_ws/UC_SmartFarmRadar/install/radar_package/lib/python3.10/site-packages/radar_package/processing/radar_map_accumulator.py
/home/dammr/Desktop/magister_ws/UC_SmartFarmRadar/install/radar_package/lib/python3.10/site-packages/radar_package/processing/target_detection_dbfs.py
/home/dammr/Desktop/magister_ws/UC_SmartFarmRadar/install/radar_package/lib/python3.10/site-packages/radar_package/processing/process_data_node.py
/home/dammr/Desktop/magister_ws/UC_SmartFarmRadar/install/radar_package/lib/python3.10/site-packages/radar_package/processing/data_processing.py
/home/dammr/Desktop/magister_ws/UC_SmartFarmRadar/install/radar_package/lib/python3.10/site-packages/radar_package/processing/__init__.py
/home/dammr/Desktop/magister_ws/UC_SmartFarmRadar/install/radar_package/lib/python3.10/site-packages/radar_package/processing/data_processing_node.py
/home/dammr/Desktop/magister_ws/UC_SmartFarmRadar/install/radar_package/lib/python3.10/site-packages/radar_package/utils/medicion_fondo.py
/home/dammr/Desktop/magister_ws/UC_SmartFarmRadar/install/radar_package/lib/python3.10/site-packages/radar_package/utils/__init__.py
/home/dammr/Desktop/magister_ws/UC_SmartFarmRadar/install/radar_package/lib/python3.10/site-packages/radar_package/__pycache__/mosaic.cpython-310.pyc
/home/dammr/Desktop/magister_ws/UC_SmartFarmRadar/install/radar_package/lib/python3.10/site-packages/radar_package/__pycache__/tf_radar_base.cpython-310.pyc
/home/dammr/Desktop/magister_ws/UC_SmartFarmRadar/install/radar_package/lib/python3.10/site-packages/radar_package/__pycache__/__init__.cpython-310.pyc
/home/dammr/Desktop/magister_ws/UC_SmartFarmRadar/install/radar_package/lib/python3.10/site-packages/radar_package/visualization/__pycache__/mapa_cartesiano.cpython-310.pyc
/home/dammr/Desktop/magister_ws/UC_SmartFarmRadar/install/radar_package/lib/python3.10/site-packages/radar_package/visualization/__pycache__/waterfall.cpython-310.pyc
/home/dammr/Desktop/magister_ws/UC_SmartFarmRadar/install/radar_package/lib/python3.10/site-packages/radar_package/visualization/__pycache__/radar_visualizer.cpython-310.pyc
/home/dammr/Desktop/magister_ws/UC_SmartFarmRadar/install/radar_package/lib/python3.10/site-packages/radar_package/visualization/__pycache__/cartesian_plot.cpython-310.pyc
/home/dammr/Desktop/magister_ws/UC_SmartFarmRadar/install/radar_package/lib/python3.10/site-packages/radar_package/visualization/__pycache__/radar_polar_visualizer.cpython-310.pyc
/home/dammr/Desktop/magister_ws/UC_SmartFarmRadar/install/radar_package/lib/python3.10/site-packages/radar_package/visualization/__pycache__/radar_raw_visualizer.cpython-310.pyc
/home/dammr/Desktop/magister_ws/UC_SmartFarmRadar/install/radar_package/lib/python3.10/site-packages/radar_package/visualization/__pycache__/__init__.cpython-310.pyc
/home/dammr/Desktop/magister_ws/UC_SmartFarmRadar/install/radar_package/lib/python3.10/site-packages/radar_package/simulation/__pycache__/simulador_radar.cpython-310.pyc
/home/dammr/Desktop/magister_ws/UC_SmartFarmRadar/install/radar_package/lib/python3.10/site-packages/radar_package/simulation/__pycache__/simulador_ptu.cpython-310.pyc
/home/dammr/Desktop/magister_ws/UC_SmartFarmRadar/install/radar_package/lib/python3.10/site-packages/radar_package/simulation/__pycache__/__init__.cpython-310.pyc
/home/dammr/Desktop/magister_ws/UC_SmartFarmRadar/install/radar_package/lib/python3.10/site-packages/radar_package/nodes/__pycache__/radar_node.cpython-310.pyc
/home/dammr/Desktop/magister_ws/UC_SmartFarmRadar/install/radar_package/lib/python3.10/site-packages/radar_package/nodes/__pycache__/__init__.cpython-310.pyc
/home/dammr/Desktop/magister_ws/UC_SmartFarmRadar/install/radar_package/lib/python3.10/site-packages/radar_package/processing/__pycache__/radar_map_accumulator.cpython-310.pyc
/home/dammr/Desktop/magister_ws/UC_SmartFarmRadar/install/radar_package/lib/python3.10/site-packages/radar_package/processing/__pycache__/target_detection_dbfs.cpython-310.pyc
/home/dammr/Desktop/magister_ws/UC_SmartFarmRadar/install/radar_package/lib/python3.10/site-packages/radar_package/processing/__pycache__/process_data_node.cpython-310.pyc
/home/dammr/Desktop/magister_ws/UC_SmartFarmRadar/install/radar_package/lib/python3.10/site-packages/radar_package/processing/__pycache__/data_processing.cpython-310.pyc
/home/dammr/Desktop/magister_ws/UC_SmartFarmRadar/install/radar_package/lib/python3.10/site-packages/radar_package/processing/__pycache__/__init__.cpython-310.pyc
/home/dammr/Desktop/magister_ws/UC_SmartFarmRadar/install/radar_package/lib/python3.10/site-packages/radar_package/processing/__pycache__/data_processing_node.cpython-310.pyc
/home/dammr/Desktop/magister_ws/UC_SmartFarmRadar/install/radar_package/lib/python3.10/site-packages/radar_package/utils/__pycache__/medicion_fondo.cpython-310.pyc
/home/dammr/Desktop/magister_ws/UC_SmartFarmRadar/install/radar_package/lib/python3.10/site-packages/radar_package/utils/__pycache__/__init__.cpython-310.pyc
/home/dammr/Desktop/magister_ws/UC_SmartFarmRadar/install/radar_package/share/ament_index/resource_index/packages/radar_package
/home/dammr/Desktop/magister_ws/UC_SmartFarmRadar/install/radar_package/share/radar_package/package.xml
/home/dammr/Desktop/magister_ws/UC_SmartFarmRadar/install/radar_package/share/radar_package/resource/phase_cal_val.pkl
/home/dammr/Desktop/magister_ws/UC_SmartFarmRadar/install/radar_package/share/radar_package/resource/gain_cal_val.pkl
/home/dammr/Desktop/magister_ws/UC_SmartFarmRadar/install/radar_package/share/radar_package/resource/medicion_fondo_centro1.npy
/home/dammr/Desktop/magister_ws/UC_SmartFarmRadar/install/radar_package/share/radar_package/resource/medicion_fondo_centro2.npy
/home/dammr/Desktop/magister_ws/UC_SmartFarmRadar/install/radar_package/share/radar_package/resource/medicion_fondo_cielo.npy
/home/dammr/Desktop/magister_ws/UC_SmartFarmRadar/install/radar_package/share/radar_package/launch/launch.py
/home/dammr/Desktop/magister_ws/UC_SmartFarmRadar/install/radar_package/share/radar_package/config/ptu.yaml
/home/dammr/Desktop/magister_ws/UC_SmartFarmRadar/install/radar_package/share/radar_package/config/processing.yaml
/home/dammr/Desktop/magister_ws/UC_SmartFarmRadar/install/radar_package/share/radar_package/config/radar.yaml
/home/dammr/Desktop/magister_ws/UC_SmartFarmRadar/install/radar_package/lib/python3.10/site-packages/radar_package-0.0.0-py3.10.egg-info/PKG-INFO
/home/dammr/Desktop/magister_ws/UC_SmartFarmRadar/install/radar_package/lib/python3.10/site-packages/radar_package-0.0.0-py3.10.egg-info/dependency_links.txt
/home/dammr/Desktop/magister_ws/UC_SmartFarmRadar/install/radar_package/lib/python3.10/site-packages/radar_package-0.0.0-py3.10.egg-info/requires.txt
/home/dammr/Desktop/magister_ws/UC_SmartFarmRadar/install/radar_package/lib/python3.10/site-packages/radar_package-0.0.0-py3.10.egg-info/zip-safe
/home/dammr/Desktop/magister_ws/UC_SmartFarmRadar/install/radar_package/lib/python3.10/site-packages/radar_package-0.0.0-py3.10.egg-info/SOURCES.txt
/home/dammr/Desktop/magister_ws/UC_SmartFarmRadar/install/radar_package/lib/python3.10/site-packages/radar_package-0.0.0-py3.10.egg-info/entry_points.txt
/home/dammr/Desktop/magister_ws/UC_SmartFarmRadar/install/radar_package/lib/python3.10/site-packages/radar_package-0.0.0-py3.10.egg-info/top_level.txt
/home/dammr/Desktop/magister_ws/UC_SmartFarmRadar/install/radar_package/lib/radar_package/data_processing
/home/dammr/Desktop/magister_ws/UC_SmartFarmRadar/install/radar_package/lib/radar_package/data_processing_node
/home/dammr/Desktop/magister_ws/UC_SmartFarmRadar/install/radar_package/lib/radar_package/mapa_cartesiano
/home/dammr/Desktop/magister_ws/UC_SmartFarmRadar/install/radar_package/lib/radar_package/medicion_fondo
/home/dammr/Desktop/magister_ws/UC_SmartFarmRadar/install/radar_package/lib/radar_package/mosaic_node
/home/dammr/Desktop/magister_ws/UC_SmartFarmRadar/install/radar_package/lib/radar_package/process_data_node
/home/dammr/Desktop/magister_ws/UC_SmartFarmRadar/install/radar_package/lib/radar_package/radar_map_accumulator
/home/dammr/Desktop/magister_ws/UC_SmartFarmRadar/install/radar_package/lib/radar_package/radar_node
/home/dammr/Desktop/magister_ws/UC_SmartFarmRadar/install/radar_package/lib/radar_package/radar_polar_visualizer
/home/dammr/Desktop/magister_ws/UC_SmartFarmRadar/install/radar_package/lib/radar_package/radar_raw_visualizer
/home/dammr/Desktop/magister_ws/UC_SmartFarmRadar/install/radar_package/lib/radar_package/radar_visualizer
/home/dammr/Desktop/magister_ws/UC_SmartFarmRadar/install/radar_package/lib/radar_package/simulador_ptu
/home/dammr/Desktop/magister_ws/UC_SmartFarmRadar/install/radar_package/lib/radar_package/simulador_radar
/home/dammr/Desktop/magister_ws/UC_SmartFarmRadar/install/radar_package/lib/radar_package/waterfall
